[Tue Jul  7 03:15:10 UTC 2026] Watchdog started
[Tue Jul  7 03:15:10 UTC 2026] Starting runner...
2026-07-07 03:15:10  INFO      ============================================================
2026-07-07 03:15:10  INFO      STARTUP  date=2026-07-07  pid=172503
2026-07-07 03:15:10  INFO      Strategy: Supertrend atr=14 mult=1.5 | 15-min | LIVE mode
2026-07-07 03:15:10  INFO      Resolving NSE tokens...
2026-07-07 03:15:10  DEBUG     Starting new HTTPS connection (1): piconnect.flattrade.in:443
2026-07-07 03:15:10  DEBUG     https://piconnect.flattrade.in:443 "POST /PiConnectAPI/SearchScrip HTTP/1.1" 200 None
2026-07-07 03:15:10  INFO      Resolved  HFCL             token=21951
2026-07-07 03:15:10  DEBUG     Starting new HTTPS connection (1): piconnect.flattrade.in:443
2026-07-07 03:15:11  DEBUG     https://piconnect.flattrade.in:443 "POST /PiConnectAPI/SearchScrip HTTP/1.1" 200 None
2026-07-07 03:15:11  INFO      Resolved  BANKBARODA       token=4668
2026-07-07 03:15:11  DEBUG     Starting new HTTPS connection (1): piconnect.flattrade.in:443
2026-07-07 03:15:11  DEBUG     https://piconnect.flattrade.in:443 "POST /PiConnectAPI/SearchScrip HTTP/1.1" 200 None
2026-07-07 03:15:11  INFO      Resolved  NMDC             token=15332
2026-07-07 03:15:11  DEBUG     Starting new HTTPS connection (1): piconnect.flattrade.in:443
2026-07-07 03:15:11  DEBUG     https://piconnect.flattrade.in:443 "POST /PiConnectAPI/SearchScrip HTTP/1.1" 200 None
2026-07-07 03:15:11  INFO      Resolved  CESC             token=628
2026-07-07 03:15:11  DEBUG     Starting new HTTPS connection (1): piconnect.flattrade.in:443
2026-07-07 03:15:12  DEBUG     https://piconnect.flattrade.in:443 "POST /PiConnectAPI/SearchScrip HTTP/1.1" 200 None
2026-07-07 03:15:12  INFO      Resolved  ZEEL             token=3812
2026-07-07 03:15:12  DEBUG     Starting new HTTPS connection (1): piconnect.flattrade.in:443
2026-07-07 03:15:12  DEBUG     https://piconnect.flattrade.in:443 "POST /PiConnectAPI/SearchScrip HTTP/1.1" 200 None
2026-07-07 03:15:12  INFO      Resolved  BALRAMCHIN       token=341
2026-07-07 03:15:12  DEBUG     Starting new HTTPS connection (1): piconnect.flattrade.in:443
2026-07-07 03:15:12  DEBUG     https://piconnect.flattrade.in:443 "POST /PiConnectAPI/SearchScrip HTTP/1.1" 200 None
2026-07-07 03:15:12  INFO      Resolved  GRANULES         token=11872
2026-07-07 03:15:12  DEBUG     Starting new HTTPS connection (1): piconnect.flattrade.in:443
2026-07-07 03:15:13  DEBUG     https://piconnect.flattrade.in:443 "POST /PiConnectAPI/SearchScrip HTTP/1.1" 200 None
2026-07-07 03:15:13  INFO      Resolved  SUZLON           token=12018
2026-07-07 03:15:13  DEBUG     Starting new HTTPS connection (1): piconnect.flattrade.in:443
2026-07-07 03:15:13  DEBUG     https://piconnect.flattrade.in:443 "POST /PiConnectAPI/PositionBook HTTP/1.1" 200 None
2026-07-07 03:15:13  DEBUG     Starting new HTTPS connection (1): piconnect.flattrade.in:443
2026-07-07 03:15:13  DEBUG     https://piconnect.flattrade.in:443 "POST /PiConnectAPI/Limits HTTP/1.1" 200 None
2026-07-07 03:15:13  INFO      *** LIVE MODE  cash=Rs0  4x=Rs0  K=4  per_trade=Rs1000 ***
2026-07-07 03:15:13  INFO      8 stocks | Rs1000/trade | K=4 | EOD 15:00 IST
2026-07-07 03:15:13  INFO      ============================================================
2026-07-07 03:15:14  INFO      Websocket connected
2026-07-07 03:15:14  INFO      WS CONNECTED  subscribed=8 instruments
2026-07-07 03:15:14  INFO      Ticks -> data/2026-07-07/ticks.jsonl
2026-07-07 03:16:14  ERROR     WS ERROR  Connection to remote host was lost.
2026-07-07 03:16:14  ERROR     Connection to remote host was lost. - goodbye
2026-07-07 03:16:14  WARNING   WS DISCONNECTED  code=None  reason=None  trades=0  pnl=Rs+0.00
[Tue Jul  7 03:16:14 UTC 2026] Runner exited, restarting in 10s...
[Tue Jul  7 03:16:24 UTC 2026] Starting runner...
2026-07-07 03:16:24  INFO      ============================================================
2026-07-07 03:16:24  INFO      STARTUP  date=2026-07-07  pid=172515
2026-07-07 03:16:24  INFO      Strategy: Supertrend atr=14 mult=1.5 | 15-min | LIVE mode
2026-07-07 03:16:24  INFO      Resolving NSE tokens...
2026-07-07 03:16:24  DEBUG     Starting new HTTPS connection (1): piconnect.flattrade.in:443
2026-07-07 03:16:24  DEBUG     https://piconnect.flattrade.in:443 "POST /PiConnectAPI/SearchScrip HTTP/1.1" 200 None
2026-07-07 03:16:24  INFO      Resolved  HFCL             token=21951
2026-07-07 03:16:24  DEBUG     Starting new HTTPS connection (1): piconnect.flattrade.in:443
2026-07-07 03:16:25  DEBUG     https://piconnect.flattrade.in:443 "POST /PiConnectAPI/SearchScrip HTTP/1.1" 200 None
2026-07-07 03:16:25  INFO      Resolved  BANKBARODA       token=4668
2026-07-07 03:16:25  DEBUG     Starting new HTTPS connection (1): piconnect.flattrade.in:443
2026-07-07 03:16:25  DEBUG     https://piconnect.flattrade.in:443 "POST /PiConnectAPI/SearchScrip HTTP/1.1" 200 None
2026-07-07 03:16:25  INFO      Resolved  NMDC             token=15332
2026-07-07 03:16:25  DEBUG     Starting new HTTPS connection (1): piconnect.flattrade.in:443
2026-07-07 03:16:25  DEBUG     https://piconnect.flattrade.in:443 "POST /PiConnectAPI/SearchScrip HTTP/1.1" 200 None
2026-07-07 03:16:25  INFO      Resolved  CESC             token=628
2026-07-07 03:16:25  DEBUG     Starting new HTTPS connection (1): piconnect.flattrade.in:443
2026-07-07 03:16:25  DEBUG     https://piconnect.flattrade.in:443 "POST /PiConnectAPI/SearchScrip HTTP/1.1" 200 None
2026-07-07 03:16:25  INFO      Resolved  ZEEL             token=3812
2026-07-07 03:16:25  DEBUG     Starting new HTTPS connection (1): piconnect.flattrade.in:443
2026-07-07 03:16:25  DEBUG     https://piconnect.flattrade.in:443 "POST /PiConnectAPI/SearchScrip HTTP/1.1" 200 None
2026-07-07 03:16:25  INFO      Resolved  BALRAMCHIN       token=341
2026-07-07 03:16:25  DEBUG     Starting new HTTPS connection (1): piconnect.flattrade.in:443
2026-07-07 03:16:26  DEBUG     https://piconnect.flattrade.in:443 "POST /PiConnectAPI/SearchScrip HTTP/1.1" 200 None
2026-07-07 03:16:26  INFO      Resolved  GRANULES         token=11872
2026-07-07 03:16:26  DEBUG     Starting new HTTPS connection (1): piconnect.flattrade.in:443
2026-07-07 03:16:26  DEBUG     https://piconnect.flattrade.in:443 "POST /PiConnectAPI/SearchScrip HTTP/1.1" 200 None
2026-07-07 03:16:26  INFO      Resolved  SUZLON           token=12018
2026-07-07 03:16:26  DEBUG     Starting new HTTPS connection (1): piconnect.flattrade.in:443
2026-07-07 03:16:26  DEBUG     https://piconnect.flattrade.in:443 "POST /PiConnectAPI/PositionBook HTTP/1.1" 200 None
2026-07-07 03:16:26  DEBUG     Starting new HTTPS connection (1): piconnect.flattrade.in:443
2026-07-07 03:16:26  DEBUG     https://piconnect.flattrade.in:443 "POST /PiConnectAPI/Limits HTTP/1.1" 200 None
2026-07-07 03:16:26  INFO      *** LIVE MODE  cash=Rs0  4x=Rs0  K=4  per_trade=Rs1000 ***
2026-07-07 03:16:26  INFO      8 stocks | Rs1000/trade | K=4 | EOD 15:00 IST
2026-07-07 03:16:26  INFO      ============================================================
2026-07-07 03:16:27  INFO      Websocket connected
2026-07-07 03:16:27  INFO      WS CONNECTED  subscribed=8 instruments
2026-07-07 03:16:27  INFO      Ticks -> data/2026-07-07/ticks.jsonl
2026-07-07 03:17:27  DEBUG     Sending ping
2026-07-07 03:17:27  DEBUG     Failed to send ping: socket is already closed.
2026-07-07 03:17:27  ERROR     WS ERROR  Connection to remote host was lost.
2026-07-07 03:17:27  ERROR     Connection to remote host was lost. - goodbye
2026-07-07 03:17:27  WARNING   WS DISCONNECTED  code=None  reason=None  trades=0  pnl=Rs+0.00
[Tue Jul  7 03:17:27 UTC 2026] Runner exited, restarting in 10s...
[Tue Jul  7 03:17:37 UTC 2026] Starting runner...
2026-07-07 03:17:37  INFO      ============================================================
2026-07-07 03:17:37  INFO      STARTUP  date=2026-07-07  pid=172571
2026-07-07 03:17:37  INFO      Strategy: Supertrend atr=14 mult=1.5 | 15-min | LIVE mode
2026-07-07 03:17:37  INFO      Resolving NSE tokens...
2026-07-07 03:17:37  DEBUG     Starting new HTTPS connection (1): piconnect.flattrade.in:443
2026-07-07 03:17:37  DEBUG     https://piconnect.flattrade.in:443 "POST /PiConnectAPI/SearchScrip HTTP/1.1" 200 None
2026-07-07 03:17:37  INFO      Resolved  HFCL             token=21951
2026-07-07 03:17:37  DEBUG     Starting new HTTPS connection (1): piconnect.flattrade.in:443
2026-07-07 03:17:37  DEBUG     https://piconnect.flattrade.in:443 "POST /PiConnectAPI/SearchScrip HTTP/1.1" 200 None
2026-07-07 03:17:37  INFO      Resolved  BANKBARODA       token=4668
2026-07-07 03:17:37  DEBUG     Starting new HTTPS connection (1): piconnect.flattrade.in:443
2026-07-07 03:17:38  DEBUG     https://piconnect.flattrade.in:443 "POST /PiConnectAPI/SearchScrip HTTP/1.1" 200 None
2026-07-07 03:17:38  INFO      Resolved  NMDC             token=15332
2026-07-07 03:17:38  DEBUG     Starting new HTTPS connection (1): piconnect.flattrade.in:443
2026-07-07 03:17:38  DEBUG     https://piconnect.flattrade.in:443 "POST /PiConnectAPI/SearchScrip HTTP/1.1" 200 None
2026-07-07 03:17:38  INFO      Resolved  CESC             token=628
2026-07-07 03:17:38  DEBUG     Starting new HTTPS connection (1): piconnect.flattrade.in:443
2026-07-07 03:17:38  DEBUG     https://piconnect.flattrade.in:443 "POST /PiConnectAPI/SearchScrip HTTP/1.1" 200 None
2026-07-07 03:17:38  INFO      Resolved  ZEEL             token=3812
2026-07-07 03:17:38  DEBUG     Starting new HTTPS connection (1): piconnect.flattrade.in:443
2026-07-07 03:17:38  DEBUG     https://piconnect.flattrade.in:443 "POST /PiConnectAPI/SearchScrip HTTP/1.1" 200 None
2026-07-07 03:17:38  INFO      Resolved  BALRAMCHIN       token=341
2026-07-07 03:17:38  DEBUG     Starting new HTTPS connection (1): piconnect.flattrade.in:443
2026-07-07 03:17:38  DEBUG     https://piconnect.flattrade.in:443 "POST /PiConnectAPI/SearchScrip HTTP/1.1" 200 None
2026-07-07 03:17:38  INFO      Resolved  GRANULES         token=11872
2026-07-07 03:17:38  DEBUG     Starting new HTTPS connection (1): piconnect.flattrade.in:443
2026-07-07 03:17:39  DEBUG     https://piconnect.flattrade.in:443 "POST /PiConnectAPI/SearchScrip HTTP/1.1" 200 None
2026-07-07 03:17:39  INFO      Resolved  SUZLON           token=12018
2026-07-07 03:17:39  DEBUG     Starting new HTTPS connection (1): piconnect.flattrade.in:443
2026-07-07 03:17:39  DEBUG     https://piconnect.flattrade.in:443 "POST /PiConnectAPI/PositionBook HTTP/1.1" 200 None
2026-07-07 03:17:39  DEBUG     Starting new HTTPS connection (1): piconnect.flattrade.in:443
2026-07-07 03:17:39  DEBUG     https://piconnect.flattrade.in:443 "POST /PiConnectAPI/Limits HTTP/1.1" 200 None
2026-07-07 03:17:39  INFO      *** LIVE MODE  cash=Rs0  4x=Rs0  K=4  per_trade=Rs1000 ***
2026-07-07 03:17:39  INFO      8 stocks | Rs1000/trade | K=4 | EOD 15:00 IST
2026-07-07 03:17:39  INFO      ============================================================
2026-07-07 03:17:40  INFO      Websocket connected
2026-07-07 03:17:40  INFO      WS CONNECTED  subscribed=8 instruments
2026-07-07 03:17:40  INFO      Ticks -> data/2026-07-07/ticks.jsonl
2026-07-07 03:18:40  ERROR     WS ERROR  Connection to remote host was lost.
2026-07-07 03:18:40  ERROR     Connection to remote host was lost. - goodbye
2026-07-07 03:18:40  WARNING   WS DISCONNECTED  code=None  reason=None  trades=0  pnl=Rs+0.00
[Tue Jul  7 03:18:40 UTC 2026] Runner exited, restarting in 10s...
[Tue Jul  7 03:18:50 UTC 2026] Starting runner...
2026-07-07 03:18:50  INFO      ============================================================
2026-07-07 03:18:50  INFO      STARTUP  date=2026-07-07  pid=172630
2026-07-07 03:18:50  INFO      Strategy: Supertrend atr=14 mult=1.5 | 15-min | LIVE mode
2026-07-07 03:18:50  INFO      Resolving NSE tokens...
2026-07-07 03:18:50  DEBUG     Starting new HTTPS connection (1): piconnect.flattrade.in:443
2026-07-07 03:18:50  DEBUG     https://piconnect.flattrade.in:443 "POST /PiConnectAPI/SearchScrip HTTP/1.1" 200 None
2026-07-07 03:18:50  INFO      Resolved  HFCL             token=21951
2026-07-07 03:18:50  DEBUG     Starting new HTTPS connection (1): piconnect.flattrade.in:443
2026-07-07 03:18:50  DEBUG     https://piconnect.flattrade.in:443 "POST /PiConnectAPI/SearchScrip HTTP/1.1" 200 None
2026-07-07 03:18:50  INFO      Resolved  BANKBARODA       token=4668
2026-07-07 03:18:50  DEBUG     Starting new HTTPS connection (1): piconnect.flattrade.in:443
2026-07-07 03:18:50  DEBUG     https://piconnect.flattrade.in:443 "POST /PiConnectAPI/SearchScrip HTTP/1.1" 200 None
2026-07-07 03:18:50  INFO      Resolved  NMDC             token=15332
2026-07-07 03:18:50  DEBUG     Starting new HTTPS connection (1): piconnect.flattrade.in:443
2026-07-07 03:18:51  DEBUG     https://piconnect.flattrade.in:443 "POST /PiConnectAPI/SearchScrip HTTP/1.1" 200 None
2026-07-07 03:18:51  INFO      Resolved  CESC             token=628
2026-07-07 03:18:51  DEBUG     Starting new HTTPS connection (1): piconnect.flattrade.in:443
2026-07-07 03:18:51  DEBUG     https://piconnect.flattrade.in:443 "POST /PiConnectAPI/SearchScrip HTTP/1.1" 200 None
2026-07-07 03:18:51  INFO      Resolved  ZEEL             token=3812
2026-07-07 03:18:51  DEBUG     Starting new HTTPS connection (1): piconnect.flattrade.in:443
2026-07-07 03:18:51  DEBUG     https://piconnect.flattrade.in:443 "POST /PiConnectAPI/SearchScrip HTTP/1.1" 200 None
2026-07-07 03:18:51  INFO      Resolved  BALRAMCHIN       token=341
2026-07-07 03:18:51  DEBUG     Starting new HTTPS connection (1): piconnect.flattrade.in:443
2026-07-07 03:18:51  DEBUG     https://piconnect.flattrade.in:443 "POST /PiConnectAPI/SearchScrip HTTP/1.1" 200 None
2026-07-07 03:18:51  INFO      Resolved  GRANULES         token=11872
2026-07-07 03:18:51  DEBUG     Starting new HTTPS connection (1): piconnect.flattrade.in:443
2026-07-07 03:18:51  DEBUG     https://piconnect.flattrade.in:443 "POST /PiConnectAPI/SearchScrip HTTP/1.1" 200 None
2026-07-07 03:18:51  INFO      Resolved  SUZLON           token=12018
2026-07-07 03:18:51  DEBUG     Starting new HTTPS connection (1): piconnect.flattrade.in:443
2026-07-07 03:18:52  DEBUG     https://piconnect.flattrade.in:443 "POST /PiConnectAPI/PositionBook HTTP/1.1" 200 None
2026-07-07 03:18:52  DEBUG     Starting new HTTPS connection (1): piconnect.flattrade.in:443
2026-07-07 03:18:52  DEBUG     https://piconnect.flattrade.in:443 "POST /PiConnectAPI/Limits HTTP/1.1" 200 None
2026-07-07 03:18:52  INFO      *** LIVE MODE  cash=Rs0  4x=Rs0  K=4  per_trade=Rs1000 ***
2026-07-07 03:18:52  INFO      8 stocks | Rs1000/trade | K=4 | EOD 15:00 IST
2026-07-07 03:18:52  INFO      ============================================================
2026-07-07 03:18:52  INFO      Websocket connected
2026-07-07 03:18:52  INFO      WS CONNECTED  subscribed=8 instruments
2026-07-07 03:18:52  INFO      Ticks -> data/2026-07-07/ticks.jsonl
2026-07-07 03:19:52  DEBUG     Sending ping
2026-07-07 03:19:52  ERROR     WS ERROR  Connection to remote host was lost.
2026-07-07 03:19:52  ERROR     Connection to remote host was lost. - goodbye
2026-07-07 03:19:52  WARNING   WS DISCONNECTED  code=None  reason=None  trades=0  pnl=Rs+0.00
[Tue Jul  7 03:19:52 UTC 2026] Runner exited, restarting in 10s...
[Tue Jul  7 03:20:02 UTC 2026] Starting runner...
2026-07-07 03:20:02  INFO      ============================================================
2026-07-07 03:20:02  INFO      STARTUP  date=2026-07-07  pid=172638
2026-07-07 03:20:02  INFO      Strategy: Supertrend atr=14 mult=1.5 | 15-min | LIVE mode
2026-07-07 03:20:02  INFO      Resolving NSE tokens...
2026-07-07 03:20:02  DEBUG     Starting new HTTPS connection (1): piconnect.flattrade.in:443
2026-07-07 03:20:03  DEBUG     https://piconnect.flattrade.in:443 "POST /PiConnectAPI/SearchScrip HTTP/1.1" 200 None
2026-07-07 03:20:03  INFO      Resolved  HFCL             token=21951
2026-07-07 03:20:03  DEBUG     Starting new HTTPS connection (1): piconnect.flattrade.in:443
2026-07-07 03:20:03  DEBUG     https://piconnect.flattrade.in:443 "POST /PiConnectAPI/SearchScrip HTTP/1.1" 200 None
2026-07-07 03:20:03  INFO      Resolved  BANKBARODA       token=4668
2026-07-07 03:20:03  DEBUG     Starting new HTTPS connection (1): piconnect.flattrade.in:443
2026-07-07 03:20:03  DEBUG     https://piconnect.flattrade.in:443 "POST /PiConnectAPI/SearchScrip HTTP/1.1" 200 None
2026-07-07 03:20:03  INFO      Resolved  NMDC             token=15332
2026-07-07 03:20:03  DEBUG     Starting new HTTPS connection (1): piconnect.flattrade.in:443
2026-07-07 03:20:03  DEBUG     https://piconnect.flattrade.in:443 "POST /PiConnectAPI/SearchScrip HTTP/1.1" 200 None
2026-07-07 03:20:03  INFO      Resolved  CESC             token=628
2026-07-07 03:20:03  DEBUG     Starting new HTTPS connection (1): piconnect.flattrade.in:443
2026-07-07 03:20:04  DEBUG     https://piconnect.flattrade.in:443 "POST /PiConnectAPI/SearchScrip HTTP/1.1" 200 None
2026-07-07 03:20:04  INFO      Resolved  ZEEL             token=3812
2026-07-07 03:20:04  DEBUG     Starting new HTTPS connection (1): piconnect.flattrade.in:443
2026-07-07 03:20:04  DEBUG     https://piconnect.flattrade.in:443 "POST /PiConnectAPI/SearchScrip HTTP/1.1" 200 None
2026-07-07 03:20:04  INFO      Resolved  BALRAMCHIN       token=341
2026-07-07 03:20:04  DEBUG     Starting new HTTPS connection (1): piconnect.flattrade.in:443
2026-07-07 03:20:04  DEBUG     https://piconnect.flattrade.in:443 "POST /PiConnectAPI/SearchScrip HTTP/1.1" 200 None
2026-07-07 03:20:04  INFO      Resolved  GRANULES         token=11872
2026-07-07 03:20:04  DEBUG     Starting new HTTPS connection (1): piconnect.flattrade.in:443
2026-07-07 03:20:04  DEBUG     https://piconnect.flattrade.in:443 "POST /PiConnectAPI/SearchScrip HTTP/1.1" 200 None
2026-07-07 03:20:04  INFO      Resolved  SUZLON           token=12018
2026-07-07 03:20:04  DEBUG     Starting new HTTPS connection (1): piconnect.flattrade.in:443
2026-07-07 03:20:05  DEBUG     https://piconnect.flattrade.in:443 "POST /PiConnectAPI/PositionBook HTTP/1.1" 200 None
2026-07-07 03:20:05  DEBUG     Starting new HTTPS connection (1): piconnect.flattrade.in:443
2026-07-07 03:20:05  DEBUG     https://piconnect.flattrade.in:443 "POST /PiConnectAPI/Limits HTTP/1.1" 200 None
2026-07-07 03:20:05  INFO      *** LIVE MODE  cash=Rs0  4x=Rs0  K=4  per_trade=Rs1000 ***
2026-07-07 03:20:05  INFO      8 stocks | Rs1000/trade | K=4 | EOD 15:00 IST
2026-07-07 03:20:05  INFO      ============================================================
2026-07-07 03:20:05  INFO      Websocket connected
2026-07-07 03:20:05  INFO      WS CONNECTED  subscribed=8 instruments
2026-07-07 03:20:05  INFO      Ticks -> data/2026-07-07/ticks.jsonl
2026-07-07 03:21:05  ERROR     WS ERROR  Connection to remote host was lost.
2026-07-07 03:21:05  ERROR     Connection to remote host was lost. - goodbye
2026-07-07 03:21:05  WARNING   WS DISCONNECTED  code=None  reason=None  trades=0  pnl=Rs+0.00
[Tue Jul  7 03:21:05 UTC 2026] Runner exited, restarting in 10s...
[Tue Jul  7 03:21:15 UTC 2026] Starting runner...
2026-07-07 03:21:15  INFO      ============================================================
2026-07-07 03:21:15  INFO      STARTUP  date=2026-07-07  pid=172701
2026-07-07 03:21:15  INFO      Strategy: Supertrend atr=14 mult=1.5 | 15-min | LIVE mode
2026-07-07 03:21:15  INFO      Resolving NSE tokens...
2026-07-07 03:21:15  DEBUG     Starting new HTTPS connection (1): piconnect.flattrade.in:443
2026-07-07 03:21:16  DEBUG     https://piconnect.flattrade.in:443 "POST /PiConnectAPI/SearchScrip HTTP/1.1" 200 None
2026-07-07 03:21:16  INFO      Resolved  HFCL             token=21951
2026-07-07 03:21:16  DEBUG     Starting new HTTPS connection (1): piconnect.flattrade.in:443
2026-07-07 03:21:16  DEBUG     https://piconnect.flattrade.in:443 "POST /PiConnectAPI/SearchScrip HTTP/1.1" 200 None
2026-07-07 03:21:16  INFO      Resolved  BANKBARODA       token=4668
2026-07-07 03:21:16  DEBUG     Starting new HTTPS connection (1): piconnect.flattrade.in:443
2026-07-07 03:21:16  DEBUG     https://piconnect.flattrade.in:443 "POST /PiConnectAPI/SearchScrip HTTP/1.1" 200 None
2026-07-07 03:21:16  INFO      Resolved  NMDC             token=15332
2026-07-07 03:21:16  DEBUG     Starting new HTTPS connection (1): piconnect.flattrade.in:443
2026-07-07 03:21:16  DEBUG     https://piconnect.flattrade.in:443 "POST /PiConnectAPI/SearchScrip HTTP/1.1" 200 None
2026-07-07 03:21:16  INFO      Resolved  CESC             token=628
2026-07-07 03:21:16  DEBUG     Starting new HTTPS connection (1): piconnect.flattrade.in:443
2026-07-07 03:21:17  DEBUG     https://piconnect.flattrade.in:443 "POST /PiConnectAPI/SearchScrip HTTP/1.1" 200 None
2026-07-07 03:21:17  INFO      Resolved  ZEEL             token=3812
2026-07-07 03:21:17  DEBUG     Starting new HTTPS connection (1): piconnect.flattrade.in:443
2026-07-07 03:21:17  DEBUG     https://piconnect.flattrade.in:443 "POST /PiConnectAPI/SearchScrip HTTP/1.1" 200 None
2026-07-07 03:21:17  INFO      Resolved  BALRAMCHIN       token=341
2026-07-07 03:21:17  DEBUG     Starting new HTTPS connection (1): piconnect.flattrade.in:443
2026-07-07 03:21:17  DEBUG     https://piconnect.flattrade.in:443 "POST /PiConnectAPI/SearchScrip HTTP/1.1" 200 None
2026-07-07 03:21:17  INFO      Resolved  GRANULES         token=11872
2026-07-07 03:21:17  DEBUG     Starting new HTTPS connection (1): piconnect.flattrade.in:443
2026-07-07 03:21:17  DEBUG     https://piconnect.flattrade.in:443 "POST /PiConnectAPI/SearchScrip HTTP/1.1" 200 None
2026-07-07 03:21:17  INFO      Resolved  SUZLON           token=12018
2026-07-07 03:21:17  DEBUG     Starting new HTTPS connection (1): piconnect.flattrade.in:443
2026-07-07 03:21:18  DEBUG     https://piconnect.flattrade.in:443 "POST /PiConnectAPI/PositionBook HTTP/1.1" 200 None
2026-07-07 03:21:18  DEBUG     Starting new HTTPS connection (1): piconnect.flattrade.in:443
2026-07-07 03:21:18  DEBUG     https://piconnect.flattrade.in:443 "POST /PiConnectAPI/Limits HTTP/1.1" 200 None
2026-07-07 03:21:18  INFO      *** LIVE MODE  cash=Rs0  4x=Rs0  K=4  per_trade=Rs1000 ***
2026-07-07 03:21:18  INFO      8 stocks | Rs1000/trade | K=4 | EOD 15:00 IST
2026-07-07 03:21:18  INFO      ============================================================
2026-07-07 03:21:18  INFO      Websocket connected
2026-07-07 03:21:18  INFO      WS CONNECTED  subscribed=8 instruments
2026-07-07 03:21:18  INFO      Ticks -> data/2026-07-07/ticks.jsonl
2026-07-07 03:22:18  ERROR     WS ERROR  Connection to remote host was lost.
2026-07-07 03:22:18  ERROR     Connection to remote host was lost. - goodbye
2026-07-07 03:22:18  WARNING   WS DISCONNECTED  code=None  reason=None  trades=0  pnl=Rs+0.00
[Tue Jul  7 03:22:18 UTC 2026] Runner exited, restarting in 10s...
[Tue Jul  7 03:22:28 UTC 2026] Starting runner...
2026-07-07 03:22:28  INFO      ============================================================
2026-07-07 03:22:28  INFO      STARTUP  date=2026-07-07  pid=172758
2026-07-07 03:22:28  INFO      Strategy: Supertrend atr=14 mult=1.5 | 15-min | LIVE mode
2026-07-07 03:22:28  INFO      Resolving NSE tokens...
2026-07-07 03:22:28  DEBUG     Starting new HTTPS connection (1): piconnect.flattrade.in:443
2026-07-07 03:22:29  DEBUG     https://piconnect.flattrade.in:443 "POST /PiConnectAPI/SearchScrip HTTP/1.1" 200 None
2026-07-07 03:22:29  INFO      Resolved  HFCL             token=21951
2026-07-07 03:22:29  DEBUG     Starting new HTTPS connection (1): piconnect.flattrade.in:443
2026-07-07 03:22:29  DEBUG     https://piconnect.flattrade.in:443 "POST /PiConnectAPI/SearchScrip HTTP/1.1" 200 None
2026-07-07 03:22:29  INFO      Resolved  BANKBARODA       token=4668
2026-07-07 03:22:29  DEBUG     Starting new HTTPS connection (1): piconnect.flattrade.in:443
2026-07-07 03:22:29  DEBUG     https://piconnect.flattrade.in:443 "POST /PiConnectAPI/SearchScrip HTTP/1.1" 200 None
2026-07-07 03:22:29  INFO      Resolved  NMDC             token=15332
2026-07-07 03:22:29  DEBUG     Starting new HTTPS connection (1): piconnect.flattrade.in:443
2026-07-07 03:22:29  DEBUG     https://piconnect.flattrade.in:443 "POST /PiConnectAPI/SearchScrip HTTP/1.1" 200 None
2026-07-07 03:22:29  INFO      Resolved  CESC             token=628
2026-07-07 03:22:29  DEBUG     Starting new HTTPS connection (1): piconnect.flattrade.in:443
2026-07-07 03:22:29  DEBUG     https://piconnect.flattrade.in:443 "POST /PiConnectAPI/SearchScrip HTTP/1.1" 200 None
2026-07-07 03:22:29  INFO      Resolved  ZEEL             token=3812
2026-07-07 03:22:29  DEBUG     Starting new HTTPS connection (1): piconnect.flattrade.in:443
2026-07-07 03:22:30  DEBUG     https://piconnect.flattrade.in:443 "POST /PiConnectAPI/SearchScrip HTTP/1.1" 200 None
2026-07-07 03:22:30  INFO      Resolved  BALRAMCHIN       token=341
2026-07-07 03:22:30  DEBUG     Starting new HTTPS connection (1): piconnect.flattrade.in:443
2026-07-07 03:22:30  DEBUG     https://piconnect.flattrade.in:443 "POST /PiConnectAPI/SearchScrip HTTP/1.1" 200 None
2026-07-07 03:22:30  INFO      Resolved  GRANULES         token=11872
2026-07-07 03:22:30  DEBUG     Starting new HTTPS connection (1): piconnect.flattrade.in:443
2026-07-07 03:22:30  DEBUG     https://piconnect.flattrade.in:443 "POST /PiConnectAPI/SearchScrip HTTP/1.1" 200 None
2026-07-07 03:22:30  INFO      Resolved  SUZLON           token=12018
2026-07-07 03:22:30  DEBUG     Starting new HTTPS connection (1): piconnect.flattrade.in:443
2026-07-07 03:22:30  DEBUG     https://piconnect.flattrade.in:443 "POST /PiConnectAPI/PositionBook HTTP/1.1" 200 None
2026-07-07 03:22:30  DEBUG     Starting new HTTPS connection (1): piconnect.flattrade.in:443
2026-07-07 03:22:30  DEBUG     https://piconnect.flattrade.in:443 "POST /PiConnectAPI/Limits HTTP/1.1" 200 None
2026-07-07 03:22:30  INFO      *** LIVE MODE  cash=Rs0  4x=Rs0  K=4  per_trade=Rs1000 ***
2026-07-07 03:22:30  INFO      8 stocks | Rs1000/trade | K=4 | EOD 15:00 IST
2026-07-07 03:22:30  INFO      ============================================================
2026-07-07 03:22:31  INFO      Websocket connected
2026-07-07 03:22:31  INFO      WS CONNECTED  subscribed=8 instruments
2026-07-07 03:22:31  INFO      Ticks -> data/2026-07-07/ticks.jsonl
2026-07-07 03:23:31  DEBUG     Sending ping
2026-07-07 03:24:01  DEBUG     Sending ping
2026-07-07 03:24:31  DEBUG     Sending ping
2026-07-07 03:25:01  DEBUG     Sending ping
2026-07-07 03:25:31  DEBUG     Sending ping
2026-07-07 03:26:01  DEBUG     Sending ping
2026-07-07 03:26:31  DEBUG     Sending ping
2026-07-07 03:27:01  DEBUG     Sending ping
2026-07-07 03:27:31  DEBUG     Sending ping
2026-07-07 03:28:01  DEBUG     Sending ping
2026-07-07 03:28:31  DEBUG     Sending ping
2026-07-07 03:29:01  DEBUG     Sending ping
2026-07-07 03:29:31  DEBUG     Sending ping
2026-07-07 03:30:00  DEBUG     CANDLE  BANKBARODA    O=249.95  H=249.95  L=249.95  C=249.95
2026-07-07 03:30:00  DEBUG     CANDLE  NMDC          O=85.07  H=85.07  L=85.07  C=85.07
2026-07-07 03:30:01  DEBUG     Sending ping
2026-07-07 03:30:01  DEBUG     CANDLE  SUZLON        O=55.47  H=55.47  L=55.47  C=55.47
2026-07-07 03:30:31  DEBUG     Sending ping
2026-07-07 03:31:01  DEBUG     Sending ping
2026-07-07 03:31:31  DEBUG     Sending ping
2026-07-07 03:32:01  DEBUG     Sending ping
2026-07-07 03:32:31  DEBUG     Sending ping
2026-07-07 03:33:01  DEBUG     Sending ping
2026-07-07 03:33:31  DEBUG     Sending ping
2026-07-07 03:34:01  DEBUG     Sending ping
2026-07-07 03:34:31  DEBUG     Sending ping
2026-07-07 03:35:01  DEBUG     Sending ping
2026-07-07 03:35:31  DEBUG     Sending ping
2026-07-07 03:36:01  DEBUG     Sending ping
2026-07-07 03:36:31  DEBUG     Sending ping
2026-07-07 03:37:01  DEBUG     Sending ping
2026-07-07 03:37:31  DEBUG     Sending ping
2026-07-07 03:38:01  DEBUG     Sending ping
2026-07-07 03:38:31  DEBUG     Sending ping
2026-07-07 03:39:01  DEBUG     Sending ping
2026-07-07 03:39:31  DEBUG     Sending ping
2026-07-07 03:40:01  DEBUG     Sending ping
2026-07-07 03:40:31  DEBUG     Sending ping
2026-07-07 03:41:01  DEBUG     Sending ping
2026-07-07 03:41:31  DEBUG     Sending ping
2026-07-07 03:42:01  DEBUG     Sending ping
2026-07-07 03:42:31  DEBUG     Sending ping
2026-07-07 03:43:01  DEBUG     Sending ping
2026-07-07 03:43:31  DEBUG     Sending ping
2026-07-07 03:44:01  DEBUG     Sending ping
2026-07-07 03:44:31  DEBUG     Sending ping
2026-07-07 03:45:00  DEBUG     CANDLE  HFCL          O=223.73  H=224.95  L=223.73  C=224.95
2026-07-07 03:45:00  DEBUG     CANDLE  BANKBARODA    O=249.95  H=251.15  L=249.95  C=251.15
2026-07-07 03:45:00  DEBUG     Starting new HTTPS connection (1): piconnect.flattrade.in:443
2026-07-07 03:45:01  DEBUG     https://piconnect.flattrade.in:443 "POST /PiConnectAPI/Limits HTTP/1.1" 200 None
2026-07-07 03:45:01  ERROR     CNC BUY BANKBARODA skipped — no capital left (committed=Rs0.00)
2026-07-07 03:45:01  DEBUG     CANDLE  ZEEL          O=102.31  H=102.36  L=102.31  C=102.36
2026-07-07 03:45:01  DEBUG     CANDLE  NMDC          O=84.66  H=84.91  L=84.66  C=84.91
2026-07-07 03:45:01  DEBUG     CANDLE  CESC          O=169.32  H=169.32  L=169.22  C=169.22
2026-07-07 03:45:01  DEBUG     CANDLE  SUZLON        O=55.38  H=55.47  L=55.38  C=55.47
2026-07-07 03:45:01  DEBUG     Sending ping
2026-07-07 03:45:04  DEBUG     CANDLE  GRANULES      O=852.00  H=852.00  L=850.75  C=850.75
2026-07-07 03:45:12  DEBUG     CANDLE  BALRAMCHIN    O=566.00  H=569.85  L=566.00  C=569.85
2026-07-07 03:45:31  DEBUG     Sending ping
2026-07-07 03:46:01  DEBUG     Sending ping
2026-07-07 03:46:31  DEBUG     Sending ping
2026-07-07 03:47:01  DEBUG     Sending ping
2026-07-07 03:47:31  DEBUG     Sending ping
2026-07-07 03:48:01  DEBUG     Sending ping
2026-07-07 03:48:31  DEBUG     Sending ping
2026-07-07 03:49:01  DEBUG     Sending ping
2026-07-07 03:49:31  DEBUG     Sending ping
2026-07-07 03:50:01  DEBUG     Sending ping
2026-07-07 03:50:31  DEBUG     Sending ping
2026-07-07 03:51:01  DEBUG     Sending ping
2026-07-07 03:51:31  DEBUG     Sending ping
2026-07-07 03:52:01  DEBUG     Sending ping
2026-07-07 03:52:31  DEBUG     Sending ping
2026-07-07 03:53:01  DEBUG     Sending ping
2026-07-07 03:53:31  DEBUG     Sending ping
2026-07-07 03:54:01  DEBUG     Sending ping
2026-07-07 03:54:31  DEBUG     Sending ping
2026-07-07 03:55:01  DEBUG     Sending ping
2026-07-07 03:55:31  DEBUG     Sending ping
2026-07-07 03:56:01  DEBUG     Sending ping
2026-07-07 03:56:31  DEBUG     Sending ping
2026-07-07 03:57:01  DEBUG     Sending ping
2026-07-07 03:57:31  DEBUG     Sending ping
2026-07-07 03:58:01  DEBUG     Sending ping
2026-07-07 03:58:31  DEBUG     Sending ping
2026-07-07 03:59:01  DEBUG     Sending ping
2026-07-07 03:59:31  DEBUG     Sending ping
2026-07-07 04:00:00  DEBUG     CANDLE  HFCL          O=224.79  H=228.45  L=220.66  C=222.87
2026-07-07 04:00:00  DEBUG     CANDLE  ZEEL          O=102.74  H=103.90  L=101.81  C=102.67
2026-07-07 04:00:00  DEBUG     Starting new HTTPS connection (1): piconnect.flattrade.in:443
2026-07-07 04:00:00  DEBUG     https://piconnect.flattrade.in:443 "POST /PiConnectAPI/Limits HTTP/1.1" 200 None
2026-07-07 04:00:00  ERROR     CNC BUY ZEEL skipped — no capital left (committed=Rs0.00)
2026-07-07 04:00:00  DEBUG     CANDLE  SUZLON        O=55.55  H=55.55  L=54.66  C=54.72
2026-07-07 04:00:00  INFO      ORDER  SUZLON        SELL   MIS   qty=18      price=Rs54.71    reason=flip DOWN | atr=0.24 st=55.47 sl=55.08
2026-07-07 04:00:00  DEBUG     Starting new HTTPS connection (1): piconnect.flattrade.in:443
2026-07-07 04:00:01  DEBUG     https://piconnect.flattrade.in:443 "POST /PiConnectAPI/PlaceOrder HTTP/1.1" 200 None
2026-07-07 04:00:01  INFO      ACCEPTED  SUZLON  norenordno=26070700039672
2026-07-07 04:00:01  INFO      CAPITAL  committed=Rs0.00  (released Rs246.19 for MIS SUZLON)
2026-07-07 04:00:01  INFO      ENTRY #1    SUZLON        SHORT  Rs54.72  qty=18  [flip DOWN | atr=0.24 st=55.47 sl=55.08]
2026-07-07 04:00:01  INFO      ORDER UPDATE  NewAck    SUZLON-EQ  norenordno=26070700039672
2026-07-07 04:00:01  ERROR     ORDER REJECTED  SUZLON-EQ  norenordno=26070700039672  reason=RED:Margin Shortfall:INR 240.58 Available:INR 0.00 for C-FZ38545 [KAMBALA]
2026-07-07 04:00:01  DEBUG     Sending ping
2026-07-07 04:00:02  DEBUG     CANDLE  GRANULES      O=862.00  H=874.95  L=859.85  C=873.40
2026-07-07 04:00:02  DEBUG     Starting new HTTPS connection (1): piconnect.flattrade.in:443
2026-07-07 04:00:02  DEBUG     https://piconnect.flattrade.in:443 "POST /PiConnectAPI/Limits HTTP/1.1" 200 None
2026-07-07 04:00:02  ERROR     MIS BUY GRANULES skipped — no capital left (committed=Rs0.00)
2026-07-07 04:00:06  DEBUG     CANDLE  BANKBARODA    O=250.90  H=251.30  L=249.30  C=250.90
2026-07-07 04:00:06  DEBUG     CANDLE  NMDC          O=84.76  H=84.76  L=84.14  C=84.60
2026-07-07 04:00:06  DEBUG     Starting new HTTPS connection (1): piconnect.flattrade.in:443
2026-07-07 04:00:06  DEBUG     https://piconnect.flattrade.in:443 "POST /PiConnectAPI/Holdings HTTP/1.1" 200 2
2026-07-07 04:00:06  ERROR     CNC SELL NMDC skipped — no holdings found in demat
2026-07-07 04:00:07  DEBUG     CANDLE  CESC          O=169.40  H=170.47  L=169.03  C=169.67
2026-07-07 04:00:07  DEBUG     CANDLE  BALRAMCHIN    O=569.30  H=569.30  L=562.05  C=563.60
2026-07-07 04:00:31  DEBUG     Sending ping
2026-07-07 04:01:01  DEBUG     Sending ping
2026-07-07 04:01:31  DEBUG     Sending ping
2026-07-07 04:02:01  DEBUG     Sending ping
2026-07-07 04:02:31  DEBUG     Sending ping
2026-07-07 04:03:01  DEBUG     Sending ping
2026-07-07 04:03:31  DEBUG     Sending ping
2026-07-07 04:04:01  DEBUG     Sending ping
2026-07-07 04:04:31  DEBUG     Sending ping
2026-07-07 04:05:01  DEBUG     Sending ping
2026-07-07 04:05:31  DEBUG     Sending ping
2026-07-07 04:06:01  DEBUG     Sending ping
2026-07-07 04:06:31  DEBUG     Sending ping
2026-07-07 04:07:01  DEBUG     Sending ping
2026-07-07 04:07:31  DEBUG     Sending ping
2026-07-07 04:08:01  DEBUG     Sending ping
2026-07-07 04:08:31  DEBUG     Sending ping
2026-07-07 04:09:01  DEBUG     Sending ping
2026-07-07 04:09:31  DEBUG     Sending ping
2026-07-07 04:10:01  DEBUG     Sending ping
2026-07-07 04:10:31  DEBUG     Sending ping
2026-07-07 04:11:01  DEBUG     Sending ping
2026-07-07 04:11:31  DEBUG     Sending ping
2026-07-07 04:12:01  DEBUG     Sending ping
2026-07-07 04:12:31  DEBUG     Sending ping
2026-07-07 04:13:01  DEBUG     Sending ping
2026-07-07 04:13:31  DEBUG     Sending ping
2026-07-07 04:14:01  DEBUG     Sending ping
2026-07-07 04:14:31  DEBUG     Sending ping
2026-07-07 04:15:00  DEBUG     CANDLE  HFCL          O=222.79  H=222.79  L=218.90  C=219.19
2026-07-07 04:15:00  DEBUG     Starting new HTTPS connection (1): piconnect.flattrade.in:443
2026-07-07 04:15:00  DEBUG     https://piconnect.flattrade.in:443 "POST /PiConnectAPI/Holdings HTTP/1.1" 200 2
2026-07-07 04:15:00  ERROR     CNC SELL HFCL skipped — no holdings found in demat
2026-07-07 04:15:01  DEBUG     Sending ping
2026-07-07 04:15:02  DEBUG     CANDLE  BANKBARODA    O=250.95  H=251.65  L=250.30  C=251.20
2026-07-07 04:15:02  DEBUG     CANDLE  NMDC          O=84.56  H=84.57  L=84.22  C=84.35
2026-07-07 04:15:02  DEBUG     CANDLE  CESC          O=169.64  H=169.84  L=168.81  C=168.97
2026-07-07 04:15:03  DEBUG     CANDLE  BALRAMCHIN    O=563.05  H=565.85  L=562.00  C=564.30
2026-07-07 04:15:03  DEBUG     CANDLE  SUZLON        O=54.75  H=54.75  L=54.35  C=54.57
2026-07-07 04:15:04  DEBUG     CANDLE  GRANULES      O=873.10  H=879.10  L=873.10  C=877.65
2026-07-07 04:15:08  DEBUG     CANDLE  ZEEL          O=102.62  H=102.62  L=101.81  C=101.91
2026-07-07 04:15:31  DEBUG     Sending ping
2026-07-07 04:16:01  DEBUG     Sending ping
2026-07-07 04:16:31  DEBUG     Sending ping
2026-07-07 04:17:01  DEBUG     Sending ping
2026-07-07 04:17:31  DEBUG     Sending ping
2026-07-07 04:18:01  DEBUG     Sending ping
2026-07-07 04:18:31  DEBUG     Sending ping
2026-07-07 04:19:01  DEBUG     Sending ping
2026-07-07 04:19:31  DEBUG     Sending ping
2026-07-07 04:20:01  DEBUG     Sending ping
2026-07-07 04:20:31  DEBUG     Sending ping
2026-07-07 04:21:01  DEBUG     Sending ping
2026-07-07 04:21:31  DEBUG     Sending ping
2026-07-07 04:22:01  DEBUG     Sending ping
2026-07-07 04:22:31  DEBUG     Sending ping
2026-07-07 04:23:01  DEBUG     Sending ping
2026-07-07 04:23:31  DEBUG     Sending ping
2026-07-07 04:24:01  DEBUG     Sending ping
2026-07-07 04:24:31  DEBUG     Sending ping
2026-07-07 04:25:01  DEBUG     Sending ping
2026-07-07 04:25:31  DEBUG     Sending ping
2026-07-07 04:26:01  DEBUG     Sending ping
2026-07-07 04:26:31  DEBUG     Sending ping
2026-07-07 04:27:01  DEBUG     Sending ping
2026-07-07 04:27:31  DEBUG     Sending ping
2026-07-07 04:28:01  DEBUG     Sending ping
2026-07-07 04:28:31  DEBUG     Sending ping
2026-07-07 04:29:01  DEBUG     Sending ping
2026-07-07 04:29:31  DEBUG     Sending ping
2026-07-07 04:30:00  DEBUG     CANDLE  BANKBARODA    O=251.25  H=251.60  L=250.85  C=251.05
2026-07-07 04:30:00  DEBUG     CANDLE  NMDC          O=84.37  H=84.70  L=84.36  C=84.63
2026-07-07 04:30:00  DEBUG     CANDLE  CESC          O=168.99  H=169.23  L=167.71  C=167.95
2026-07-07 04:30:00  DEBUG     Starting new HTTPS connection (1): piconnect.flattrade.in:443
2026-07-07 04:30:00  DEBUG     https://piconnect.flattrade.in:443 "POST /PiConnectAPI/Holdings HTTP/1.1" 200 2
2026-07-07 04:30:00  ERROR     CNC SELL CESC skipped — no holdings found in demat
2026-07-07 04:30:00  DEBUG     CANDLE  ZEEL          O=101.87  H=102.08  L=100.64  C=101.01
2026-07-07 04:30:00  DEBUG     CANDLE  GRANULES      O=876.75  H=878.95  L=868.90  C=870.60
2026-07-07 04:30:01  DEBUG     CANDLE  SUZLON        O=54.58  H=54.59  L=54.37  C=54.46
2026-07-07 04:30:01  DEBUG     Sending ping
2026-07-07 04:30:02  DEBUG     CANDLE  HFCL          O=219.12  H=220.80  L=217.30  C=219.92
2026-07-07 04:30:05  DEBUG     CANDLE  BALRAMCHIN    O=564.20  H=565.90  L=563.20  C=565.40
2026-07-07 04:30:31  DEBUG     Sending ping
2026-07-07 04:31:01  DEBUG     Sending ping
2026-07-07 04:31:31  DEBUG     Sending ping
2026-07-07 04:32:01  DEBUG     Sending ping
2026-07-07 04:32:31  DEBUG     Sending ping
2026-07-07 04:33:01  DEBUG     Sending ping
2026-07-07 04:33:31  DEBUG     Sending ping
2026-07-07 04:34:01  DEBUG     Sending ping
2026-07-07 04:34:31  DEBUG     Sending ping
2026-07-07 04:35:01  DEBUG     Sending ping
2026-07-07 04:35:31  DEBUG     Sending ping
2026-07-07 04:36:01  DEBUG     Sending ping
2026-07-07 04:36:31  DEBUG     Sending ping
2026-07-07 04:37:01  DEBUG     Sending ping
2026-07-07 04:37:31  DEBUG     Sending ping
2026-07-07 04:38:01  DEBUG     Sending ping
2026-07-07 04:38:31  DEBUG     Sending ping
2026-07-07 04:39:01  DEBUG     Sending ping
2026-07-07 04:39:31  DEBUG     Sending ping
2026-07-07 04:40:01  DEBUG     Sending ping
2026-07-07 04:40:31  DEBUG     Sending ping
2026-07-07 04:41:01  DEBUG     Sending ping
2026-07-07 04:41:31  DEBUG     Sending ping
2026-07-07 04:42:01  DEBUG     Sending ping
2026-07-07 04:42:31  DEBUG     Sending ping
2026-07-07 04:43:01  DEBUG     Sending ping
2026-07-07 04:43:31  DEBUG     Sending ping
2026-07-07 04:44:01  DEBUG     Sending ping
2026-07-07 04:44:31  DEBUG     Sending ping
2026-07-07 04:45:00  DEBUG     CANDLE  HFCL          O=220.00  H=221.00  L=218.83  C=219.25
2026-07-07 04:45:01  DEBUG     Sending ping
2026-07-07 04:45:02  DEBUG     CANDLE  BANKBARODA    O=251.00  H=251.35  L=250.40  C=250.50
2026-07-07 04:45:03  DEBUG     CANDLE  SUZLON        O=54.45  H=54.50  L=54.29  C=54.36
2026-07-07 04:45:03  DEBUG     CANDLE  NMDC          O=84.62  H=84.71  L=84.55  C=84.65
2026-07-07 04:45:04  DEBUG     CANDLE  ZEEL          O=101.07  H=101.22  L=100.62  C=100.75
2026-07-07 04:45:05  DEBUG     CANDLE  GRANULES      O=871.00  H=873.45  L=859.00  C=864.00
2026-07-07 04:45:10  DEBUG     CANDLE  CESC          O=168.01  H=168.01  L=167.65  C=167.65
2026-07-07 04:45:10  DEBUG     CANDLE  BALRAMCHIN    O=565.00  H=565.50  L=563.50  C=564.00
2026-07-07 04:45:31  DEBUG     Sending ping
2026-07-07 04:46:01  DEBUG     Sending ping
2026-07-07 04:46:31  DEBUG     Sending ping
2026-07-07 04:47:01  DEBUG     Sending ping
2026-07-07 04:47:31  DEBUG     Sending ping
2026-07-07 04:48:01  DEBUG     Sending ping
2026-07-07 04:48:31  DEBUG     Sending ping
2026-07-07 04:49:01  DEBUG     Sending ping
2026-07-07 04:49:31  DEBUG     Sending ping
2026-07-07 04:50:01  DEBUG     Sending ping
2026-07-07 04:50:31  DEBUG     Sending ping
2026-07-07 04:51:01  DEBUG     Sending ping
2026-07-07 04:51:31  DEBUG     Sending ping
2026-07-07 04:52:01  DEBUG     Sending ping
2026-07-07 04:52:31  DEBUG     Sending ping
2026-07-07 04:53:01  DEBUG     Sending ping
2026-07-07 04:53:31  DEBUG     Sending ping
2026-07-07 04:54:01  DEBUG     Sending ping
2026-07-07 04:54:31  DEBUG     Sending ping
2026-07-07 04:55:01  DEBUG     Sending ping
2026-07-07 04:55:31  DEBUG     Sending ping
2026-07-07 04:56:01  DEBUG     Sending ping
2026-07-07 04:56:31  DEBUG     Sending ping
2026-07-07 04:57:01  DEBUG     Sending ping
2026-07-07 04:57:31  DEBUG     Sending ping
2026-07-07 04:58:01  DEBUG     Sending ping
2026-07-07 04:58:31  DEBUG     Sending ping
2026-07-07 04:59:01  DEBUG     Sending ping
2026-07-07 04:59:31  DEBUG     Sending ping
2026-07-07 05:00:00  DEBUG     CANDLE  HFCL          O=219.34  H=219.40  L=217.90  C=218.21
2026-07-07 05:00:01  DEBUG     Sending ping
2026-07-07 05:00:02  DEBUG     CANDLE  NMDC          O=84.66  H=84.67  L=84.29  C=84.30
2026-07-07 05:00:03  DEBUG     CANDLE  BANKBARODA    O=250.55  H=250.65  L=249.70  C=249.85
2026-07-07 05:00:09  DEBUG     CANDLE  ZEEL          O=100.72  H=100.97  L=100.32  C=100.71
2026-07-07 05:00:09  DEBUG     CANDLE  BALRAMCHIN    O=563.85  H=564.30  L=563.20  C=563.75
2026-07-07 05:00:10  DEBUG     CANDLE  GRANULES      O=864.15  H=865.40  L=854.95  C=861.30
2026-07-07 05:00:15  DEBUG     CANDLE  SUZLON        O=54.38  H=54.88  L=54.32  C=54.70
2026-07-07 05:00:30  DEBUG     CANDLE  CESC          O=167.66  H=167.66  L=167.07  C=167.30
2026-07-07 05:00:31  DEBUG     Sending ping
2026-07-07 05:01:01  DEBUG     Sending ping
2026-07-07 05:01:31  DEBUG     Sending ping
2026-07-07 05:02:01  DEBUG     Sending ping
2026-07-07 05:02:31  DEBUG     Sending ping
2026-07-07 05:03:01  DEBUG     Sending ping
2026-07-07 05:03:31  DEBUG     Sending ping
2026-07-07 05:04:01  DEBUG     Sending ping
2026-07-07 05:04:31  DEBUG     Sending ping
2026-07-07 05:05:01  DEBUG     Sending ping
2026-07-07 05:05:31  DEBUG     Sending ping
2026-07-07 05:06:01  DEBUG     Sending ping
2026-07-07 05:06:31  DEBUG     Sending ping
2026-07-07 05:07:01  DEBUG     Sending ping
2026-07-07 05:07:31  DEBUG     Sending ping
2026-07-07 05:08:01  DEBUG     Sending ping
2026-07-07 05:08:31  DEBUG     Sending ping
2026-07-07 05:09:01  DEBUG     Sending ping
2026-07-07 05:09:31  DEBUG     Sending ping
2026-07-07 05:10:01  DEBUG     Sending ping
2026-07-07 05:10:31  DEBUG     Sending ping
2026-07-07 05:11:01  DEBUG     Sending ping
2026-07-07 05:11:31  DEBUG     Sending ping
2026-07-07 05:12:01  DEBUG     Sending ping
2026-07-07 05:12:31  DEBUG     Sending ping
2026-07-07 05:13:01  DEBUG     Sending ping
2026-07-07 05:13:31  DEBUG     Sending ping
2026-07-07 05:14:01  DEBUG     Sending ping
2026-07-07 05:14:31  DEBUG     Sending ping
2026-07-07 05:15:00  DEBUG     CANDLE  ZEEL          O=100.58  H=101.40  L=100.45  C=101.25
2026-07-07 05:15:01  DEBUG     CANDLE  NMDC          O=84.29  H=84.31  L=83.95  C=83.95
2026-07-07 05:15:01  DEBUG     CANDLE  BANKBARODA    O=249.95  H=250.30  L=249.60  C=249.75
2026-07-07 05:15:01  DEBUG     Sending ping
2026-07-07 05:15:01  DEBUG     CANDLE  GRANULES      O=861.50  H=864.80  L=860.80  C=863.90
2026-07-07 05:15:01  DEBUG     CANDLE  HFCL          O=218.27  H=220.92  L=218.20  C=220.02
2026-07-07 05:15:05  DEBUG     CANDLE  SUZLON        O=54.71  H=54.75  L=54.63  C=54.64
2026-07-07 05:15:27  DEBUG     CANDLE  CESC          O=167.32  H=167.73  L=167.11  C=167.27
2026-07-07 05:15:31  DEBUG     Sending ping
2026-07-07 05:15:36  DEBUG     CANDLE  BALRAMCHIN    O=564.50  H=565.20  L=563.60  C=564.25
2026-07-07 05:16:01  DEBUG     Sending ping
2026-07-07 05:16:31  DEBUG     Sending ping
2026-07-07 05:17:01  DEBUG     Sending ping
2026-07-07 05:17:31  DEBUG     Sending ping
2026-07-07 05:18:01  DEBUG     Sending ping
2026-07-07 05:18:31  DEBUG     Sending ping
2026-07-07 05:19:01  DEBUG     Sending ping
2026-07-07 05:19:31  DEBUG     Sending ping
2026-07-07 05:20:01  DEBUG     Sending ping
2026-07-07 05:20:31  DEBUG     Sending ping
2026-07-07 05:21:01  DEBUG     Sending ping
2026-07-07 05:21:31  DEBUG     Sending ping
2026-07-07 05:22:01  DEBUG     Sending ping
2026-07-07 05:22:31  DEBUG     Sending ping
2026-07-07 05:23:01  DEBUG     Sending ping
2026-07-07 05:23:31  DEBUG     Sending ping
2026-07-07 05:24:01  DEBUG     Sending ping
2026-07-07 05:24:31  DEBUG     Sending ping
2026-07-07 05:25:01  DEBUG     Sending ping
2026-07-07 05:25:31  DEBUG     Sending ping
2026-07-07 05:26:01  DEBUG     Sending ping
2026-07-07 05:26:31  DEBUG     Sending ping
2026-07-07 05:27:01  DEBUG     Sending ping
2026-07-07 05:27:31  DEBUG     Sending ping
2026-07-07 05:28:01  DEBUG     Sending ping
2026-07-07 05:28:31  DEBUG     Sending ping
2026-07-07 05:29:01  DEBUG     Sending ping
2026-07-07 05:29:31  DEBUG     Sending ping
2026-07-07 05:30:00  DEBUG     CANDLE  SUZLON        O=54.61  H=54.72  L=54.27  C=54.30
2026-07-07 05:30:00  DEBUG     CANDLE  ZEEL          O=101.28  H=101.28  L=100.80  C=100.85
2026-07-07 05:30:01  DEBUG     Sending ping
2026-07-07 05:30:01  DEBUG     CANDLE  GRANULES      O=863.75  H=865.00  L=863.20  C=864.40
2026-07-07 05:30:01  DEBUG     CANDLE  HFCL          O=220.05  H=220.65  L=219.58  C=219.75
2026-07-07 05:30:04  DEBUG     CANDLE  NMDC          O=83.98  H=84.12  L=83.89  C=84.08
2026-07-07 05:30:05  DEBUG     CANDLE  BANKBARODA    O=249.60  H=249.95  L=249.50  C=249.75
2026-07-07 05:30:13  DEBUG     CANDLE  CESC          O=167.35  H=168.13  L=167.23  C=167.51
2026-07-07 05:30:26  DEBUG     CANDLE  BALRAMCHIN    O=564.00  H=569.00  L=563.80  C=568.55
2026-07-07 05:30:26  DEBUG     Starting new HTTPS connection (1): piconnect.flattrade.in:443
2026-07-07 05:30:26  DEBUG     https://piconnect.flattrade.in:443 "POST /PiConnectAPI/Limits HTTP/1.1" 200 None
2026-07-07 05:30:26  ERROR     CNC BUY BALRAMCHIN skipped — no capital left (committed=Rs0.00)
2026-07-07 05:30:31  DEBUG     Sending ping
2026-07-07 05:31:01  DEBUG     Sending ping
2026-07-07 05:31:31  DEBUG     Sending ping
2026-07-07 05:32:01  DEBUG     Sending ping
2026-07-07 05:32:31  DEBUG     Sending ping
2026-07-07 05:33:01  DEBUG     Sending ping
2026-07-07 05:33:31  DEBUG     Sending ping
2026-07-07 05:34:01  DEBUG     Sending ping
2026-07-07 05:34:31  DEBUG     Sending ping
2026-07-07 05:35:01  DEBUG     Sending ping
2026-07-07 05:35:31  DEBUG     Sending ping
2026-07-07 05:36:01  DEBUG     Sending ping
2026-07-07 05:36:31  DEBUG     Sending ping
2026-07-07 05:37:01  DEBUG     Sending ping
2026-07-07 05:37:31  DEBUG     Sending ping
2026-07-07 05:38:01  DEBUG     Sending ping
2026-07-07 05:38:31  DEBUG     Sending ping
2026-07-07 05:39:01  DEBUG     Sending ping
2026-07-07 05:39:31  DEBUG     Sending ping
2026-07-07 05:40:01  DEBUG     Sending ping
2026-07-07 05:40:31  DEBUG     Sending ping
2026-07-07 05:41:01  DEBUG     Sending ping
2026-07-07 05:41:31  DEBUG     Sending ping
2026-07-07 05:42:01  DEBUG     Sending ping
2026-07-07 05:42:31  DEBUG     Sending ping
2026-07-07 05:43:01  DEBUG     Sending ping
2026-07-07 05:43:31  DEBUG     Sending ping
2026-07-07 05:44:01  DEBUG     Sending ping
2026-07-07 05:44:31  DEBUG     Sending ping
2026-07-07 05:45:00  DEBUG     CANDLE  HFCL          O=219.81  H=220.70  L=219.67  C=220.53
2026-07-07 05:45:01  DEBUG     Sending ping
2026-07-07 05:45:02  DEBUG     CANDLE  BANKBARODA    O=249.70  H=249.95  L=249.50  C=249.80
2026-07-07 05:45:03  DEBUG     CANDLE  GRANULES      O=864.30  H=865.50  L=863.60  C=864.80
2026-07-07 05:45:05  DEBUG     CANDLE  NMDC          O=84.05  H=84.25  L=84.00  C=84.13
2026-07-07 05:45:08  DEBUG     CANDLE  SUZLON        O=54.32  H=54.41  L=54.21  C=54.38
2026-07-07 05:45:14  DEBUG     CANDLE  ZEEL          O=100.86  H=101.31  L=100.85  C=100.95
2026-07-07 05:45:28  DEBUG     CANDLE  BALRAMCHIN    O=568.80  H=571.55  L=568.80  C=570.00
2026-07-07 05:45:29  DEBUG     CANDLE  CESC          O=167.55  H=167.63  L=167.49  C=167.60
2026-07-07 05:45:31  DEBUG     Sending ping
2026-07-07 05:46:01  DEBUG     Sending ping
2026-07-07 05:46:31  DEBUG     Sending ping
2026-07-07 05:47:01  DEBUG     Sending ping
2026-07-07 05:47:31  DEBUG     Sending ping
2026-07-07 05:48:01  DEBUG     Sending ping
2026-07-07 05:48:31  DEBUG     Sending ping
2026-07-07 05:49:01  DEBUG     Sending ping
2026-07-07 05:49:31  DEBUG     Sending ping
2026-07-07 05:50:01  DEBUG     Sending ping
2026-07-07 05:50:31  DEBUG     Sending ping
2026-07-07 05:51:01  DEBUG     Sending ping
2026-07-07 05:51:31  DEBUG     Sending ping
2026-07-07 05:52:01  DEBUG     Sending ping
2026-07-07 05:52:31  DEBUG     Sending ping
2026-07-07 05:53:01  DEBUG     Sending ping
2026-07-07 05:53:31  DEBUG     Sending ping
2026-07-07 05:54:01  DEBUG     Sending ping
2026-07-07 05:54:31  DEBUG     Sending ping
2026-07-07 05:55:01  DEBUG     Sending ping
2026-07-07 05:55:31  DEBUG     Sending ping
2026-07-07 05:56:01  DEBUG     Sending ping
2026-07-07 05:56:31  DEBUG     Sending ping
2026-07-07 05:57:01  DEBUG     Sending ping
2026-07-07 05:57:31  DEBUG     Sending ping
2026-07-07 05:58:01  DEBUG     Sending ping
2026-07-07 05:58:31  DEBUG     Sending ping
2026-07-07 05:59:01  DEBUG     Sending ping
2026-07-07 05:59:31  DEBUG     Sending ping
2026-07-07 06:00:01  DEBUG     CANDLE  BANKBARODA    O=249.75  H=249.80  L=249.50  C=249.70
2026-07-07 06:00:01  DEBUG     CANDLE  CESC          O=167.59  H=167.82  L=167.40  C=167.50
2026-07-07 06:00:01  DEBUG     CANDLE  BALRAMCHIN    O=569.95  H=570.50  L=568.10  C=569.10
2026-07-07 06:00:01  DEBUG     Sending ping
2026-07-07 06:00:02  DEBUG     CANDLE  HFCL          O=220.41  H=220.53  L=219.40  C=220.15
2026-07-07 06:00:05  DEBUG     CANDLE  SUZLON        O=54.40  H=54.58  L=54.33  C=54.58
2026-07-07 06:00:05  DEBUG     CANDLE  GRANULES      O=864.95  H=866.00  L=862.25  C=865.10
2026-07-07 06:00:28  DEBUG     CANDLE  ZEEL          O=100.86  H=100.93  L=100.63  C=100.78
2026-07-07 06:00:31  DEBUG     Sending ping
2026-07-07 06:00:35  DEBUG     CANDLE  NMDC          O=84.14  H=84.25  L=84.00  C=84.25
2026-07-07 06:01:01  DEBUG     Sending ping
2026-07-07 06:01:31  DEBUG     Sending ping
2026-07-07 06:02:01  DEBUG     Sending ping
2026-07-07 06:02:31  DEBUG     Sending ping
2026-07-07 06:03:01  DEBUG     Sending ping
2026-07-07 06:03:31  DEBUG     Sending ping
2026-07-07 06:04:01  DEBUG     Sending ping
2026-07-07 06:04:31  DEBUG     Sending ping
2026-07-07 06:05:01  DEBUG     Sending ping
2026-07-07 06:05:31  DEBUG     Sending ping
2026-07-07 06:06:01  DEBUG     Sending ping
2026-07-07 06:06:31  DEBUG     Sending ping
2026-07-07 06:07:01  DEBUG     Sending ping
2026-07-07 06:07:31  DEBUG     Sending ping
2026-07-07 06:08:01  DEBUG     Sending ping
2026-07-07 06:08:31  DEBUG     Sending ping
2026-07-07 06:09:01  DEBUG     Sending ping
2026-07-07 06:09:31  DEBUG     Sending ping
2026-07-07 06:10:01  DEBUG     Sending ping
2026-07-07 06:10:31  DEBUG     Sending ping
2026-07-07 06:11:01  DEBUG     Sending ping
2026-07-07 06:11:31  DEBUG     Sending ping
2026-07-07 06:12:01  DEBUG     Sending ping
2026-07-07 06:12:31  DEBUG     Sending ping
2026-07-07 06:13:01  DEBUG     Sending ping
2026-07-07 06:13:31  DEBUG     Sending ping
2026-07-07 06:14:01  DEBUG     Sending ping
2026-07-07 06:14:31  DEBUG     Sending ping
2026-07-07 06:15:01  DEBUG     CANDLE  ZEEL          O=100.75  H=103.91  L=100.72  C=103.53
2026-07-07 06:15:01  DEBUG     Starting new HTTPS connection (1): piconnect.flattrade.in:443
2026-07-07 06:15:01  DEBUG     https://piconnect.flattrade.in:443 "POST /PiConnectAPI/Limits HTTP/1.1" 200 None
2026-07-07 06:15:01  ERROR     CNC BUY ZEEL skipped — no capital left (committed=Rs0.00)
2026-07-07 06:15:01  DEBUG     CANDLE  NMDC          O=84.23  H=84.25  L=84.14  C=84.23
2026-07-07 06:15:01  DEBUG     CANDLE  CESC          O=167.60  H=167.69  L=167.45  C=167.50
2026-07-07 06:15:01  DEBUG     CANDLE  SUZLON        O=54.55  H=54.69  L=54.55  C=54.62
2026-07-07 06:15:01  DEBUG     Sending ping
2026-07-07 06:15:02  DEBUG     CANDLE  GRANULES      O=865.40  H=866.90  L=863.60  C=865.70
2026-07-07 06:15:02  DEBUG     CANDLE  HFCL          O=220.05  H=220.72  L=220.03  C=220.49
2026-07-07 06:15:04  DEBUG     CANDLE  BANKBARODA    O=249.80  H=249.90  L=248.60  C=248.80
2026-07-07 06:15:25  DEBUG     CANDLE  BALRAMCHIN    O=569.05  H=571.50  L=568.50  C=570.65
2026-07-07 06:15:31  DEBUG     Sending ping
2026-07-07 06:16:01  DEBUG     Sending ping
2026-07-07 06:16:31  DEBUG     Sending ping
2026-07-07 06:17:01  DEBUG     Sending ping
2026-07-07 06:17:31  DEBUG     Sending ping
2026-07-07 06:18:01  DEBUG     Sending ping
2026-07-07 06:18:31  DEBUG     Sending ping
2026-07-07 06:19:01  DEBUG     Sending ping
2026-07-07 06:19:31  DEBUG     Sending ping
2026-07-07 06:20:01  DEBUG     Sending ping
2026-07-07 06:20:31  DEBUG     Sending ping
2026-07-07 06:21:01  DEBUG     Sending ping
2026-07-07 06:21:31  DEBUG     Sending ping
2026-07-07 06:22:01  DEBUG     Sending ping
2026-07-07 06:22:31  DEBUG     Sending ping
2026-07-07 06:23:01  DEBUG     Sending ping
2026-07-07 06:23:31  DEBUG     Sending ping
2026-07-07 06:24:01  DEBUG     Sending ping
2026-07-07 06:24:31  DEBUG     Sending ping
2026-07-07 06:25:01  DEBUG     Sending ping
2026-07-07 06:25:31  DEBUG     Sending ping
2026-07-07 06:26:01  DEBUG     Sending ping
2026-07-07 06:26:31  DEBUG     Sending ping
2026-07-07 06:27:01  DEBUG     Sending ping
2026-07-07 06:27:31  DEBUG     Sending ping
2026-07-07 06:28:01  DEBUG     Sending ping
2026-07-07 06:28:31  DEBUG     Sending ping
2026-07-07 06:29:01  DEBUG     Sending ping
2026-07-07 06:29:31  DEBUG     Sending ping
2026-07-07 06:30:00  DEBUG     CANDLE  ZEEL          O=103.60  H=104.57  L=103.16  C=103.58
2026-07-07 06:30:00  DEBUG     CANDLE  BANKBARODA    O=248.85  H=248.90  L=248.40  C=248.70
2026-07-07 06:30:01  DEBUG     Sending ping
2026-07-07 06:30:04  DEBUG     CANDLE  SUZLON        O=54.60  H=54.84  L=54.58  C=54.84
2026-07-07 06:30:04  DEBUG     Starting new HTTPS connection (1): piconnect.flattrade.in:443
2026-07-07 06:30:04  DEBUG     https://piconnect.flattrade.in:443 "POST /PiConnectAPI/Limits HTTP/1.1" 200 None
2026-07-07 06:30:04  ERROR     MIS BUY SUZLON skipped — no capital left (committed=Rs0.00)
2026-07-07 06:30:05  DEBUG     CANDLE  GRANULES      O=865.60  H=868.00  L=865.60  C=867.80
2026-07-07 06:30:05  DEBUG     CANDLE  HFCL          O=220.45  H=221.00  L=220.05  C=220.35
2026-07-07 06:30:06  DEBUG     CANDLE  NMDC          O=84.24  H=84.42  L=84.19  C=84.42
2026-07-07 06:30:06  DEBUG     CANDLE  CESC          O=167.58  H=167.71  L=167.42  C=167.57
2026-07-07 06:30:31  DEBUG     Sending ping
2026-07-07 06:31:01  DEBUG     Sending ping
2026-07-07 06:31:31  DEBUG     Sending ping
2026-07-07 06:32:01  DEBUG     Sending ping
2026-07-07 06:32:17  DEBUG     CANDLE  BALRAMCHIN    O=570.30  H=571.00  L=570.00  C=570.45
2026-07-07 06:32:31  DEBUG     Sending ping
2026-07-07 06:33:01  DEBUG     Sending ping
2026-07-07 06:33:31  DEBUG     Sending ping
2026-07-07 06:34:01  DEBUG     Sending ping
2026-07-07 06:34:31  DEBUG     Sending ping
2026-07-07 06:35:01  DEBUG     Sending ping
2026-07-07 06:35:31  DEBUG     Sending ping
2026-07-07 06:36:01  DEBUG     Sending ping
2026-07-07 06:36:31  DEBUG     Sending ping
2026-07-07 06:37:01  DEBUG     Sending ping
2026-07-07 06:37:31  DEBUG     Sending ping
2026-07-07 06:38:01  DEBUG     Sending ping
2026-07-07 06:38:31  DEBUG     Sending ping
2026-07-07 06:39:01  DEBUG     Sending ping
2026-07-07 06:39:31  DEBUG     Sending ping
2026-07-07 06:40:01  DEBUG     Sending ping
2026-07-07 06:40:31  DEBUG     Sending ping
2026-07-07 06:41:01  DEBUG     Sending ping
2026-07-07 06:41:31  DEBUG     Sending ping
2026-07-07 06:42:01  DEBUG     Sending ping
2026-07-07 06:42:31  DEBUG     Sending ping
2026-07-07 06:43:01  DEBUG     Sending ping
2026-07-07 06:43:31  DEBUG     Sending ping
2026-07-07 06:44:01  DEBUG     Sending ping
2026-07-07 06:44:31  DEBUG     Sending ping
2026-07-07 06:45:01  DEBUG     CANDLE  ZEEL          O=103.53  H=104.20  L=103.52  C=103.60
2026-07-07 06:45:01  DEBUG     Sending ping
2026-07-07 06:45:01  DEBUG     CANDLE  BANKBARODA    O=248.60  H=248.70  L=247.20  C=247.30
2026-07-07 06:45:02  DEBUG     CANDLE  HFCL          O=220.31  H=220.50  L=219.63  C=219.79
2026-07-07 06:45:04  DEBUG     CANDLE  NMDC          O=84.39  H=84.46  L=84.30  C=84.40
2026-07-07 06:45:05  DEBUG     CANDLE  GRANULES      O=867.70  H=869.00  L=861.80  C=865.55
2026-07-07 06:45:05  DEBUG     CANDLE  SUZLON        O=54.81  H=54.88  L=54.62  C=54.62
2026-07-07 06:45:08  DEBUG     CANDLE  BALRAMCHIN    O=570.15  H=570.45  L=570.00  C=570.30
2026-07-07 06:45:31  DEBUG     Sending ping
2026-07-07 06:46:01  DEBUG     Sending ping
2026-07-07 06:46:31  DEBUG     Sending ping
2026-07-07 06:46:51  DEBUG     CANDLE  CESC          O=167.56  H=167.72  L=167.46  C=167.50
2026-07-07 06:47:01  DEBUG     Sending ping
2026-07-07 06:47:31  DEBUG     Sending ping
2026-07-07 06:48:01  DEBUG     Sending ping
2026-07-07 06:48:31  DEBUG     Sending ping
2026-07-07 06:49:01  DEBUG     Sending ping
2026-07-07 06:49:31  DEBUG     Sending ping
2026-07-07 06:50:01  DEBUG     Sending ping
2026-07-07 06:50:31  DEBUG     Sending ping
2026-07-07 06:51:01  DEBUG     Sending ping
2026-07-07 06:51:31  DEBUG     Sending ping
2026-07-07 06:52:01  DEBUG     Sending ping
2026-07-07 06:52:31  DEBUG     Sending ping
2026-07-07 06:53:01  DEBUG     Sending ping
2026-07-07 06:53:31  DEBUG     Sending ping
2026-07-07 06:54:01  DEBUG     Sending ping
2026-07-07 06:54:31  DEBUG     Sending ping
2026-07-07 06:55:01  DEBUG     Sending ping
2026-07-07 06:55:31  DEBUG     Sending ping
2026-07-07 06:56:01  DEBUG     Sending ping
2026-07-07 06:56:31  DEBUG     Sending ping
2026-07-07 06:57:01  DEBUG     Sending ping
2026-07-07 06:57:31  DEBUG     Sending ping
2026-07-07 06:58:01  DEBUG     Sending ping
2026-07-07 06:58:31  DEBUG     Sending ping
2026-07-07 06:59:01  DEBUG     Sending ping
2026-07-07 06:59:31  DEBUG     Sending ping
2026-07-07 07:00:00  DEBUG     CANDLE  GRANULES      O=865.05  H=865.05  L=861.75  C=863.80
2026-07-07 07:00:01  DEBUG     Sending ping
2026-07-07 07:00:02  DEBUG     CANDLE  BANKBARODA    O=247.25  H=247.85  L=246.90  C=247.15
2026-07-07 07:00:02  DEBUG     CANDLE  SUZLON        O=54.63  H=54.72  L=54.52  C=54.65
2026-07-07 07:00:03  DEBUG     CANDLE  HFCL          O=219.78  H=220.00  L=219.41  C=219.78
2026-07-07 07:00:06  DEBUG     CANDLE  NMDC          O=84.37  H=84.44  L=84.26  C=84.44
2026-07-07 07:00:09  DEBUG     CANDLE  BALRAMCHIN    O=570.05  H=570.95  L=570.00  C=570.65
2026-07-07 07:00:13  DEBUG     CANDLE  CESC          O=167.46  H=167.63  L=167.40  C=167.49
2026-07-07 07:00:15  DEBUG     CANDLE  ZEEL          O=103.62  H=103.77  L=103.30  C=103.49
2026-07-07 07:00:31  DEBUG     Sending ping
2026-07-07 07:01:01  DEBUG     Sending ping
2026-07-07 07:01:31  DEBUG     Sending ping
2026-07-07 07:02:01  DEBUG     Sending ping
2026-07-07 07:02:31  DEBUG     Sending ping
2026-07-07 07:03:01  DEBUG     Sending ping
2026-07-07 07:03:31  DEBUG     Sending ping
2026-07-07 07:04:01  DEBUG     Sending ping
2026-07-07 07:04:31  DEBUG     Sending ping
2026-07-07 07:05:01  DEBUG     Sending ping
2026-07-07 07:05:31  DEBUG     Sending ping
2026-07-07 07:06:01  DEBUG     Sending ping
2026-07-07 07:06:31  DEBUG     Sending ping
2026-07-07 07:07:01  DEBUG     Sending ping
2026-07-07 07:07:31  DEBUG     Sending ping
2026-07-07 07:08:01  DEBUG     Sending ping
2026-07-07 07:08:31  DEBUG     Sending ping
2026-07-07 07:09:01  DEBUG     Sending ping
2026-07-07 07:09:31  DEBUG     Sending ping
2026-07-07 07:10:01  DEBUG     Sending ping
2026-07-07 07:10:31  DEBUG     Sending ping
2026-07-07 07:11:01  DEBUG     Sending ping
2026-07-07 07:11:31  DEBUG     Sending ping
2026-07-07 07:12:01  DEBUG     Sending ping
2026-07-07 07:12:31  DEBUG     Sending ping
2026-07-07 07:13:01  DEBUG     Sending ping
2026-07-07 07:13:03  ERROR     WS ERROR  Connection to remote host was lost.
2026-07-07 07:13:03  ERROR     Connection to remote host was lost. - goodbye
2026-07-07 07:13:03  WARNING   WS DISCONNECTED  code=None  reason=None  trades=1  pnl=Rs+0.00
[Tue Jul  7 07:13:03 UTC 2026] Runner exited, restarting in 10s...
[Tue Jul  7 07:13:13 UTC 2026] Starting runner...
2026-07-07 07:13:13  INFO      ============================================================
2026-07-07 07:13:13  INFO      STARTUP  date=2026-07-07  pid=178877
2026-07-07 07:13:13  INFO      Strategy: Supertrend atr=14 mult=1.5 | 15-min | LIVE mode
2026-07-07 07:13:13  INFO      Resolving NSE tokens...
2026-07-07 07:13:13  DEBUG     Starting new HTTPS connection (1): piconnect.flattrade.in:443
2026-07-07 07:13:14  DEBUG     https://piconnect.flattrade.in:443 "POST /PiConnectAPI/SearchScrip HTTP/1.1" 200 None
2026-07-07 07:13:14  INFO      Resolved  HFCL             token=21951
2026-07-07 07:13:14  DEBUG     Starting new HTTPS connection (1): piconnect.flattrade.in:443
2026-07-07 07:13:14  DEBUG     https://piconnect.flattrade.in:443 "POST /PiConnectAPI/SearchScrip HTTP/1.1" 200 None
2026-07-07 07:13:14  INFO      Resolved  BANKBARODA       token=4668
2026-07-07 07:13:14  DEBUG     Starting new HTTPS connection (1): piconnect.flattrade.in:443
2026-07-07 07:13:14  DEBUG     https://piconnect.flattrade.in:443 "POST /PiConnectAPI/SearchScrip HTTP/1.1" 200 None
2026-07-07 07:13:14  INFO      Resolved  NMDC             token=15332
2026-07-07 07:13:14  DEBUG     Starting new HTTPS connection (1): piconnect.flattrade.in:443
2026-07-07 07:13:14  DEBUG     https://piconnect.flattrade.in:443 "POST /PiConnectAPI/SearchScrip HTTP/1.1" 200 None
2026-07-07 07:13:14  INFO      Resolved  CESC             token=628
2026-07-07 07:13:14  DEBUG     Starting new HTTPS connection (1): piconnect.flattrade.in:443
2026-07-07 07:13:14  DEBUG     https://piconnect.flattrade.in:443 "POST /PiConnectAPI/SearchScrip HTTP/1.1" 200 None
2026-07-07 07:13:14  INFO      Resolved  ZEEL             token=3812
2026-07-07 07:13:14  DEBUG     Starting new HTTPS connection (1): piconnect.flattrade.in:443
2026-07-07 07:13:15  DEBUG     https://piconnect.flattrade.in:443 "POST /PiConnectAPI/SearchScrip HTTP/1.1" 200 None
2026-07-07 07:13:15  INFO      Resolved  BALRAMCHIN       token=341
2026-07-07 07:13:15  DEBUG     Starting new HTTPS connection (1): piconnect.flattrade.in:443
2026-07-07 07:13:15  DEBUG     https://piconnect.flattrade.in:443 "POST /PiConnectAPI/SearchScrip HTTP/1.1" 200 None
2026-07-07 07:13:15  INFO      Resolved  GRANULES         token=11872
2026-07-07 07:13:15  DEBUG     Starting new HTTPS connection (1): piconnect.flattrade.in:443
2026-07-07 07:13:15  DEBUG     https://piconnect.flattrade.in:443 "POST /PiConnectAPI/SearchScrip HTTP/1.1" 200 None
2026-07-07 07:13:15  INFO      Resolved  SUZLON           token=12018
2026-07-07 07:13:15  DEBUG     Starting new HTTPS connection (1): piconnect.flattrade.in:443
2026-07-07 07:13:15  DEBUG     https://piconnect.flattrade.in:443 "POST /PiConnectAPI/PositionBook HTTP/1.1" 200 None
2026-07-07 07:13:15  DEBUG     Starting new HTTPS connection (1): piconnect.flattrade.in:443
2026-07-07 07:13:15  DEBUG     https://piconnect.flattrade.in:443 "POST /PiConnectAPI/Limits HTTP/1.1" 200 None
2026-07-07 07:13:15  INFO      *** LIVE MODE  cash=Rs0  4x=Rs0  K=4  per_trade=Rs1000 ***
2026-07-07 07:13:15  INFO      8 stocks | Rs1000/trade | K=4 | EOD 15:00 IST
2026-07-07 07:13:15  INFO      ============================================================
2026-07-07 07:13:16  INFO      Websocket connected
2026-07-07 07:13:16  INFO      WS CONNECTED  subscribed=8 instruments
2026-07-07 07:13:16  INFO      Ticks -> data/2026-07-07/ticks.jsonl
2026-07-07 07:14:16  DEBUG     Sending ping
2026-07-07 07:14:46  DEBUG     Sending ping
2026-07-07 07:15:00  DEBUG     CANDLE  ZEEL          O=103.35  H=103.35  L=103.10  C=103.10
2026-07-07 07:15:00  DEBUG     Starting new HTTPS connection (1): piconnect.flattrade.in:443
2026-07-07 07:15:00  DEBUG     https://piconnect.flattrade.in:443 "POST /PiConnectAPI/Limits HTTP/1.1" 200 None
2026-07-07 07:15:00  ERROR     CNC BUY ZEEL skipped — no capital left (committed=Rs0.00)
2026-07-07 07:15:00  DEBUG     CANDLE  CESC          O=167.59  H=167.61  L=167.49  C=167.56
2026-07-07 07:15:00  DEBUG     Starting new HTTPS connection (1): piconnect.flattrade.in:443
2026-07-07 07:15:01  DEBUG     https://piconnect.flattrade.in:443 "POST /PiConnectAPI/Holdings HTTP/1.1" 200 2
2026-07-07 07:15:01  ERROR     CNC SELL CESC skipped — no holdings found in demat
2026-07-07 07:15:01  DEBUG     CANDLE  SUZLON        O=54.62  H=54.66  L=54.62  C=54.66
2026-07-07 07:15:01  INFO      ORDER  SUZLON        SELL   MIS   qty=18      price=Rs54.65    reason=flip DOWN | atr=0.25 st=55.01 sl=55.03
2026-07-07 07:15:01  DEBUG     Starting new HTTPS connection (1): piconnect.flattrade.in:443
2026-07-07 07:15:02  DEBUG     https://piconnect.flattrade.in:443 "POST /PiConnectAPI/PlaceOrder HTTP/1.1" 200 None
2026-07-07 07:15:02  INFO      ACCEPTED  SUZLON  norenordno=26070700287518
2026-07-07 07:15:02  INFO      CAPITAL  committed=Rs0.00  (released Rs245.92 for MIS SUZLON)
2026-07-07 07:15:02  INFO      ENTRY #1    SUZLON        SHORT  Rs54.66  qty=18  [flip DOWN | atr=0.25 st=55.01 sl=55.03]
2026-07-07 07:15:02  INFO      ORDER UPDATE  NewAck    SUZLON-EQ  norenordno=26070700287518
2026-07-07 07:15:02  ERROR     ORDER REJECTED  SUZLON-EQ  norenordno=26070700287518  reason=RED:Margin Shortfall:INR 240.32 Available:INR 0.00 for C-FZ38545 [KAMBALA]
2026-07-07 07:15:02  DEBUG     CANDLE  BANKBARODA    O=246.65  H=246.80  L=246.50  C=246.65
2026-07-07 07:15:03  DEBUG     CANDLE  HFCL          O=218.00  H=218.10  L=217.69  C=218.05
2026-07-07 07:15:03  DEBUG     Starting new HTTPS connection (1): piconnect.flattrade.in:443
2026-07-07 07:15:03  DEBUG     https://piconnect.flattrade.in:443 "POST /PiConnectAPI/Holdings HTTP/1.1" 200 2
2026-07-07 07:15:03  ERROR     CNC SELL HFCL skipped — no holdings found in demat
2026-07-07 07:15:04  DEBUG     CANDLE  NMDC          O=84.42  H=84.46  L=84.41  C=84.43
2026-07-07 07:15:05  DEBUG     CANDLE  GRANULES      O=864.50  H=864.75  L=864.30  C=864.65
2026-07-07 07:15:05  DEBUG     Starting new HTTPS connection (1): piconnect.flattrade.in:443
2026-07-07 07:15:05  DEBUG     https://piconnect.flattrade.in:443 "POST /PiConnectAPI/Limits HTTP/1.1" 200 None
2026-07-07 07:15:05  ERROR     MIS BUY GRANULES skipped — no capital left (committed=Rs0.00)
2026-07-07 07:15:16  DEBUG     Sending ping
2026-07-07 07:15:40  DEBUG     CANDLE  BALRAMCHIN    O=570.00  H=570.45  L=570.00  C=570.05
2026-07-07 07:15:46  DEBUG     Sending ping
2026-07-07 07:16:16  DEBUG     Sending ping
2026-07-07 07:16:46  DEBUG     Sending ping
2026-07-07 07:17:16  DEBUG     Sending ping
2026-07-07 07:17:46  DEBUG     Sending ping
2026-07-07 07:18:16  DEBUG     Sending ping
2026-07-07 07:18:46  DEBUG     Sending ping
2026-07-07 07:19:16  DEBUG     Sending ping
2026-07-07 07:19:46  DEBUG     Sending ping
2026-07-07 07:20:16  DEBUG     Sending ping
2026-07-07 07:20:46  DEBUG     Sending ping
2026-07-07 07:21:16  DEBUG     Sending ping
2026-07-07 07:21:46  DEBUG     Sending ping
2026-07-07 07:22:16  DEBUG     Sending ping
2026-07-07 07:22:46  DEBUG     Sending ping
2026-07-07 07:23:16  DEBUG     Sending ping
2026-07-07 07:23:46  DEBUG     Sending ping
2026-07-07 07:24:16  DEBUG     Sending ping
2026-07-07 07:24:46  DEBUG     Sending ping
2026-07-07 07:25:16  DEBUG     Sending ping
2026-07-07 07:25:46  DEBUG     Sending ping
2026-07-07 07:26:16  DEBUG     Sending ping
2026-07-07 07:26:46  DEBUG     Sending ping
2026-07-07 07:27:16  DEBUG     Sending ping
2026-07-07 07:27:46  DEBUG     Sending ping
2026-07-07 07:28:16  DEBUG     Sending ping
2026-07-07 07:28:46  DEBUG     Sending ping
2026-07-07 07:29:16  DEBUG     Sending ping
2026-07-07 07:29:46  DEBUG     Sending ping
2026-07-07 07:30:00  DEBUG     CANDLE  HFCL          O=218.08  H=218.71  L=217.82  C=218.25
2026-07-07 07:30:00  DEBUG     CANDLE  NMDC          O=84.42  H=84.54  L=84.38  C=84.54
2026-07-07 07:30:01  DEBUG     CANDLE  ZEEL          O=103.15  H=103.15  L=102.63  C=102.83
2026-07-07 07:30:01  DEBUG     CANDLE  CESC          O=167.54  H=167.77  L=167.43  C=167.69
2026-07-07 07:30:01  DEBUG     CANDLE  SUZLON        O=54.68  H=54.68  L=54.55  C=54.60
2026-07-07 07:30:05  DEBUG     CANDLE  BANKBARODA    O=246.60  H=247.40  L=246.60  C=247.25
2026-07-07 07:30:10  DEBUG     CANDLE  BALRAMCHIN    O=570.30  H=571.15  L=570.00  C=571.00
2026-07-07 07:30:16  DEBUG     Sending ping
2026-07-07 07:30:46  DEBUG     Sending ping
2026-07-07 07:30:59  DEBUG     CANDLE  GRANULES      O=864.30  H=865.75  L=862.00  C=862.00
2026-07-07 07:31:16  DEBUG     Sending ping
2026-07-07 07:31:46  DEBUG     Sending ping
2026-07-07 07:32:16  DEBUG     Sending ping
2026-07-07 07:32:46  DEBUG     Sending ping
2026-07-07 07:33:16  DEBUG     Sending ping
2026-07-07 07:33:46  DEBUG     Sending ping
2026-07-07 07:34:16  DEBUG     Sending ping
2026-07-07 07:34:46  DEBUG     Sending ping
2026-07-07 07:35:16  DEBUG     Sending ping
2026-07-07 07:35:46  DEBUG     Sending ping
2026-07-07 07:36:16  DEBUG     Sending ping
2026-07-07 07:36:46  DEBUG     Sending ping
2026-07-07 07:37:16  DEBUG     Sending ping
2026-07-07 07:37:46  DEBUG     Sending ping
2026-07-07 07:38:16  DEBUG     Sending ping
2026-07-07 07:38:46  DEBUG     Sending ping
2026-07-07 07:39:16  DEBUG     Sending ping
2026-07-07 07:39:46  DEBUG     Sending ping
2026-07-07 07:40:16  DEBUG     Sending ping
2026-07-07 07:40:46  DEBUG     Sending ping
2026-07-07 07:41:16  DEBUG     Sending ping
2026-07-07 07:41:46  DEBUG     Sending ping
2026-07-07 07:42:16  DEBUG     Sending ping
2026-07-07 07:42:46  DEBUG     Sending ping
2026-07-07 07:43:16  DEBUG     Sending ping
2026-07-07 07:43:46  DEBUG     Sending ping
2026-07-07 07:44:16  DEBUG     Sending ping
2026-07-07 07:44:46  DEBUG     Sending ping
2026-07-07 07:45:00  DEBUG     CANDLE  GRANULES      O=862.55  H=862.70  L=853.50  C=858.80
2026-07-07 07:45:01  DEBUG     CANDLE  ZEEL          O=102.88  H=102.88  L=102.43  C=102.43
2026-07-07 07:45:02  DEBUG     CANDLE  NMDC          O=84.55  H=84.55  L=84.38  C=84.46
2026-07-07 07:45:04  DEBUG     CANDLE  HFCL          O=218.31  H=218.41  L=218.10  C=218.17
2026-07-07 07:45:07  DEBUG     CANDLE  BANKBARODA    O=247.30  H=247.45  L=246.90  C=247.10
2026-07-07 07:45:07  DEBUG     CANDLE  SUZLON        O=54.63  H=54.64  L=54.50  C=54.52
2026-07-07 07:45:16  DEBUG     Sending ping
2026-07-07 07:45:19  DEBUG     CANDLE  CESC          O=167.72  H=167.90  L=167.51  C=167.65
2026-07-07 07:45:46  DEBUG     Sending ping
2026-07-07 07:45:54  DEBUG     CANDLE  BALRAMCHIN    O=570.75  H=571.25  L=570.00  C=570.05
2026-07-07 07:46:16  DEBUG     Sending ping
2026-07-07 07:46:46  DEBUG     Sending ping
2026-07-07 07:47:16  DEBUG     Sending ping
2026-07-07 07:47:46  DEBUG     Sending ping
2026-07-07 07:48:16  DEBUG     Sending ping
2026-07-07 07:48:46  DEBUG     Sending ping
2026-07-07 07:49:16  DEBUG     Sending ping
2026-07-07 07:49:46  DEBUG     Sending ping
2026-07-07 07:50:16  DEBUG     Sending ping
2026-07-07 07:50:46  DEBUG     Sending ping
2026-07-07 07:51:16  DEBUG     Sending ping
2026-07-07 07:51:46  DEBUG     Sending ping
2026-07-07 07:52:16  DEBUG     Sending ping
2026-07-07 07:52:46  DEBUG     Sending ping
2026-07-07 07:53:16  DEBUG     Sending ping
2026-07-07 07:53:46  DEBUG     Sending ping
2026-07-07 07:54:16  DEBUG     Sending ping
2026-07-07 07:54:46  DEBUG     Sending ping
2026-07-07 07:55:16  DEBUG     Sending ping
2026-07-07 07:55:46  DEBUG     Sending ping
2026-07-07 07:56:16  DEBUG     Sending ping
2026-07-07 07:56:46  DEBUG     Sending ping
2026-07-07 07:57:16  DEBUG     Sending ping
2026-07-07 07:57:46  DEBUG     Sending ping
2026-07-07 07:58:16  DEBUG     Sending ping
2026-07-07 07:58:46  DEBUG     Sending ping
2026-07-07 07:59:16  DEBUG     Sending ping
2026-07-07 07:59:46  DEBUG     Sending ping
2026-07-07 08:00:00  DEBUG     CANDLE  SUZLON        O=54.53  H=54.58  L=54.45  C=54.57
2026-07-07 08:00:00  DEBUG     CANDLE  HFCL          O=218.19  H=223.78  L=218.17  C=222.51
2026-07-07 08:00:00  DEBUG     CANDLE  NMDC          O=84.43  H=84.61  L=84.34  C=84.58
2026-07-07 08:00:01  DEBUG     CANDLE  GRANULES      O=858.45  H=861.95  L=856.95  C=861.15
2026-07-07 08:00:03  DEBUG     CANDLE  BANKBARODA    O=247.25  H=247.40  L=247.05  C=247.20
2026-07-07 08:00:05  DEBUG     CANDLE  CESC          O=167.53  H=167.75  L=167.47  C=167.72
2026-07-07 08:00:05  DEBUG     CANDLE  ZEEL          O=102.45  H=102.53  L=102.25  C=102.52
2026-07-07 08:00:09  DEBUG     CANDLE  BALRAMCHIN    O=570.00  H=570.50  L=567.70  C=568.60
2026-07-07 08:00:16  DEBUG     Sending ping
2026-07-07 08:00:46  DEBUG     Sending ping
2026-07-07 08:01:16  DEBUG     Sending ping
2026-07-07 08:01:46  DEBUG     Sending ping
2026-07-07 08:02:16  DEBUG     Sending ping
2026-07-07 08:02:46  DEBUG     Sending ping
2026-07-07 08:03:16  DEBUG     Sending ping
2026-07-07 08:03:46  DEBUG     Sending ping
2026-07-07 08:04:16  DEBUG     Sending ping
2026-07-07 08:04:46  DEBUG     Sending ping
2026-07-07 08:05:16  DEBUG     Sending ping
2026-07-07 08:05:46  DEBUG     Sending ping
2026-07-07 08:06:16  DEBUG     Sending ping
2026-07-07 08:06:46  DEBUG     Sending ping
2026-07-07 08:07:16  DEBUG     Sending ping
2026-07-07 08:07:46  DEBUG     Sending ping
2026-07-07 08:08:16  DEBUG     Sending ping
2026-07-07 08:08:46  DEBUG     Sending ping
2026-07-07 08:09:16  DEBUG     Sending ping
2026-07-07 08:09:46  DEBUG     Sending ping
2026-07-07 08:10:16  DEBUG     Sending ping
2026-07-07 08:10:46  DEBUG     Sending ping
2026-07-07 08:11:16  DEBUG     Sending ping
2026-07-07 08:11:46  DEBUG     Sending ping
2026-07-07 08:12:16  DEBUG     Sending ping
2026-07-07 08:12:46  DEBUG     Sending ping
2026-07-07 08:13:16  DEBUG     Sending ping
2026-07-07 08:13:46  DEBUG     Sending ping
2026-07-07 08:14:16  DEBUG     Sending ping
2026-07-07 08:14:46  DEBUG     Sending ping
2026-07-07 08:15:00  DEBUG     CANDLE  HFCL          O=222.50  H=226.51  L=221.60  C=225.40
2026-07-07 08:15:01  DEBUG     CANDLE  ZEEL          O=102.53  H=102.59  L=102.25  C=102.29
2026-07-07 08:15:01  DEBUG     Starting new HTTPS connection (1): piconnect.flattrade.in:443
2026-07-07 08:15:02  DEBUG     https://piconnect.flattrade.in:443 "POST /PiConnectAPI/Holdings HTTP/1.1" 200 2
2026-07-07 08:15:02  ERROR     CNC SELL ZEEL skipped — no holdings found in demat
2026-07-07 08:15:02  DEBUG     CANDLE  GRANULES      O=861.45  H=861.45  L=856.35  C=856.80
2026-07-07 08:15:03  DEBUG     CANDLE  BANKBARODA    O=247.25  H=247.50  L=247.05  C=247.40
2026-07-07 08:15:05  DEBUG     CANDLE  CESC          O=167.76  H=168.32  L=167.26  C=168.07
2026-07-07 08:15:05  DEBUG     CANDLE  SUZLON        O=54.56  H=54.59  L=54.52  C=54.58
2026-07-07 08:15:16  DEBUG     Sending ping
2026-07-07 08:15:20  DEBUG     CANDLE  NMDC          O=84.61  H=84.61  L=84.18  C=84.19
2026-07-07 08:15:20  DEBUG     Starting new HTTPS connection (1): piconnect.flattrade.in:443
2026-07-07 08:15:20  DEBUG     https://piconnect.flattrade.in:443 "POST /PiConnectAPI/Holdings HTTP/1.1" 200 2
2026-07-07 08:15:20  ERROR     CNC SELL NMDC skipped — no holdings found in demat
2026-07-07 08:15:46  DEBUG     Sending ping
2026-07-07 08:16:16  DEBUG     Sending ping
2026-07-07 08:16:28  DEBUG     CANDLE  BALRAMCHIN    O=568.80  H=570.80  L=568.00  C=570.05
2026-07-07 08:16:46  DEBUG     Sending ping
2026-07-07 08:17:16  DEBUG     Sending ping
2026-07-07 08:17:46  DEBUG     Sending ping
2026-07-07 08:18:16  DEBUG     Sending ping
2026-07-07 08:18:46  DEBUG     Sending ping
2026-07-07 08:19:16  DEBUG     Sending ping
2026-07-07 08:19:46  DEBUG     Sending ping
2026-07-07 08:20:16  DEBUG     Sending ping
2026-07-07 08:20:46  DEBUG     Sending ping
2026-07-07 08:21:16  DEBUG     Sending ping
2026-07-07 08:21:46  DEBUG     Sending ping
2026-07-07 08:22:16  DEBUG     Sending ping
2026-07-07 08:22:46  DEBUG     Sending ping
2026-07-07 08:23:16  DEBUG     Sending ping
2026-07-07 08:23:46  DEBUG     Sending ping
2026-07-07 08:24:16  DEBUG     Sending ping
2026-07-07 08:24:46  DEBUG     Sending ping
2026-07-07 08:25:16  DEBUG     Sending ping
2026-07-07 08:25:46  DEBUG     Sending ping
2026-07-07 08:26:16  DEBUG     Sending ping
2026-07-07 08:26:46  DEBUG     Sending ping
2026-07-07 08:27:16  DEBUG     Sending ping
2026-07-07 08:27:46  DEBUG     Sending ping
2026-07-07 08:28:16  DEBUG     Sending ping
2026-07-07 08:28:46  DEBUG     Sending ping
2026-07-07 08:29:16  DEBUG     Sending ping
2026-07-07 08:29:46  DEBUG     Sending ping
2026-07-07 08:30:00  DEBUG     CANDLE  GRANULES      O=856.70  H=860.90  L=856.70  C=860.85
2026-07-07 08:30:00  DEBUG     CANDLE  HFCL          O=225.39  H=227.00  L=225.20  C=226.71
2026-07-07 08:30:02  DEBUG     CANDLE  NMDC          O=84.22  H=84.27  L=84.11  C=84.12
2026-07-07 08:30:02  DEBUG     CANDLE  ZEEL          O=102.30  H=102.46  L=102.25  C=102.35
2026-07-07 08:30:02  DEBUG     CANDLE  BANKBARODA    O=247.45  H=247.70  L=247.30  C=247.40
2026-07-07 08:30:03  DEBUG     CANDLE  BALRAMCHIN    O=570.00  H=570.95  L=570.00  C=570.90
2026-07-07 08:30:06  DEBUG     CANDLE  CESC          O=168.06  H=168.06  L=167.50  C=167.56
2026-07-07 08:30:07  DEBUG     CANDLE  SUZLON        O=54.56  H=55.08  L=54.56  C=55.00
2026-07-07 08:30:07  DEBUG     Starting new HTTPS connection (1): piconnect.flattrade.in:443
2026-07-07 08:30:07  DEBUG     https://piconnect.flattrade.in:443 "POST /PiConnectAPI/Limits HTTP/1.1" 200 None
2026-07-07 08:30:07  ERROR     MIS BUY SUZLON skipped — no capital left (committed=Rs0.00)
2026-07-07 08:30:16  DEBUG     Sending ping
2026-07-07 08:30:46  DEBUG     Sending ping
2026-07-07 08:31:16  DEBUG     Sending ping
2026-07-07 08:31:46  DEBUG     Sending ping
2026-07-07 08:32:16  DEBUG     Sending ping
2026-07-07 08:32:46  DEBUG     Sending ping
2026-07-07 08:33:16  DEBUG     Sending ping
2026-07-07 08:33:46  DEBUG     Sending ping
2026-07-07 08:34:16  DEBUG     Sending ping
2026-07-07 08:34:46  DEBUG     Sending ping
2026-07-07 08:35:16  DEBUG     Sending ping
2026-07-07 08:35:46  DEBUG     Sending ping
2026-07-07 08:36:16  DEBUG     Sending ping
2026-07-07 08:36:46  DEBUG     Sending ping
2026-07-07 08:37:16  DEBUG     Sending ping
2026-07-07 08:37:46  DEBUG     Sending ping
2026-07-07 08:38:16  DEBUG     Sending ping
2026-07-07 08:38:46  DEBUG     Sending ping
2026-07-07 08:39:16  DEBUG     Sending ping
2026-07-07 08:39:46  DEBUG     Sending ping
2026-07-07 08:40:16  DEBUG     Sending ping
2026-07-07 08:40:46  DEBUG     Sending ping
2026-07-07 08:41:16  DEBUG     Sending ping
2026-07-07 08:41:46  DEBUG     Sending ping
2026-07-07 08:42:16  DEBUG     Sending ping
2026-07-07 08:42:46  DEBUG     Sending ping
2026-07-07 08:43:16  DEBUG     Sending ping
2026-07-07 08:43:46  DEBUG     Sending ping
2026-07-07 08:44:16  DEBUG     Sending ping
2026-07-07 08:44:46  DEBUG     Sending ping
2026-07-07 08:45:00  DEBUG     CANDLE  NMDC          O=84.16  H=84.28  L=84.11  C=84.16
2026-07-07 08:45:01  DEBUG     CANDLE  SUZLON        O=54.99  H=55.10  L=54.84  C=54.89
2026-07-07 08:45:01  DEBUG     CANDLE  BANKBARODA    O=247.35  H=248.05  L=247.30  C=247.80
2026-07-07 08:45:01  DEBUG     CANDLE  CESC          O=167.50  H=167.74  L=167.45  C=167.50
2026-07-07 08:45:02  DEBUG     CANDLE  GRANULES      O=860.60  H=863.25  L=860.00  C=860.40
2026-07-07 08:45:02  DEBUG     CANDLE  HFCL          O=226.73  H=227.00  L=226.00  C=226.70
2026-07-07 08:45:10  DEBUG     CANDLE  ZEEL          O=102.40  H=102.54  L=102.32  C=102.48
2026-07-07 08:45:16  DEBUG     Sending ping
2026-07-07 08:45:46  DEBUG     Sending ping
2026-07-07 08:46:02  DEBUG     CANDLE  BALRAMCHIN    O=570.40  H=570.95  L=570.35  C=570.45
2026-07-07 08:46:16  DEBUG     Sending ping
2026-07-07 08:46:46  DEBUG     Sending ping
2026-07-07 08:47:16  DEBUG     Sending ping
2026-07-07 08:47:46  DEBUG     Sending ping
2026-07-07 08:48:16  DEBUG     Sending ping
2026-07-07 08:48:46  DEBUG     Sending ping
2026-07-07 08:49:16  DEBUG     Sending ping
2026-07-07 08:49:46  DEBUG     Sending ping
2026-07-07 08:50:16  DEBUG     Sending ping
2026-07-07 08:50:46  DEBUG     Sending ping
2026-07-07 08:51:16  DEBUG     Sending ping
2026-07-07 08:51:46  DEBUG     Sending ping
2026-07-07 08:52:16  DEBUG     Sending ping
2026-07-07 08:52:46  DEBUG     Sending ping
2026-07-07 08:53:16  DEBUG     Sending ping
2026-07-07 08:53:46  DEBUG     Sending ping
2026-07-07 08:54:16  DEBUG     Sending ping
2026-07-07 08:54:46  DEBUG     Sending ping
2026-07-07 08:55:16  DEBUG     Sending ping
2026-07-07 08:55:46  DEBUG     Sending ping
2026-07-07 08:56:16  DEBUG     Sending ping
2026-07-07 08:56:46  DEBUG     Sending ping
2026-07-07 08:57:16  DEBUG     Sending ping
2026-07-07 08:57:46  DEBUG     Sending ping
2026-07-07 08:58:16  DEBUG     Sending ping
2026-07-07 08:58:46  DEBUG     Sending ping
2026-07-07 08:59:16  DEBUG     Sending ping
2026-07-07 08:59:46  DEBUG     Sending ping
2026-07-07 09:00:01  DEBUG     CANDLE  ZEEL          O=102.47  H=102.57  L=102.32  C=102.44
2026-07-07 09:00:01  DEBUG     CANDLE  BALRAMCHIN    O=570.25  H=570.80  L=570.00  C=570.15
2026-07-07 09:00:01  DEBUG     CANDLE  SUZLON        O=54.90  H=54.90  L=54.72  C=54.75
2026-07-07 09:00:03  DEBUG     CANDLE  GRANULES      O=860.30  H=862.50  L=860.00  C=862.15
2026-07-07 09:00:03  DEBUG     CANDLE  HFCL          O=226.80  H=227.00  L=225.84  C=226.70
2026-07-07 09:00:04  DEBUG     CANDLE  BANKBARODA    O=247.90  H=248.45  L=247.75  C=248.35
2026-07-07 09:00:04  DEBUG     Starting new HTTPS connection (1): piconnect.flattrade.in:443
2026-07-07 09:00:04  DEBUG     https://piconnect.flattrade.in:443 "POST /PiConnectAPI/Limits HTTP/1.1" 200 None
2026-07-07 09:00:04  ERROR     CNC BUY BANKBARODA skipped — no capital left (committed=Rs0.00)
2026-07-07 09:00:05  DEBUG     CANDLE  NMDC          O=84.19  H=84.21  L=84.11  C=84.19
2026-07-07 09:00:05  DEBUG     CANDLE  CESC          O=167.54  H=167.66  L=166.84  C=167.09
2026-07-07 09:00:16  DEBUG     Sending ping
2026-07-07 09:00:46  DEBUG     Sending ping
2026-07-07 09:01:16  DEBUG     Sending ping
2026-07-07 09:01:46  DEBUG     Sending ping
2026-07-07 09:02:16  DEBUG     Sending ping
2026-07-07 09:02:46  DEBUG     Sending ping
2026-07-07 09:03:16  DEBUG     Sending ping
2026-07-07 09:03:46  DEBUG     Sending ping
2026-07-07 09:04:16  DEBUG     Sending ping
2026-07-07 09:04:46  DEBUG     Sending ping
2026-07-07 09:05:16  DEBUG     Sending ping
2026-07-07 09:05:46  DEBUG     Sending ping
2026-07-07 09:06:16  DEBUG     Sending ping
2026-07-07 09:06:46  DEBUG     Sending ping
2026-07-07 09:07:16  DEBUG     Sending ping
2026-07-07 09:07:46  DEBUG     Sending ping
2026-07-07 09:08:16  DEBUG     Sending ping
2026-07-07 09:08:46  DEBUG     Sending ping
2026-07-07 09:09:16  DEBUG     Sending ping
2026-07-07 09:09:46  DEBUG     Sending ping
2026-07-07 09:10:16  DEBUG     Sending ping
2026-07-07 09:10:46  DEBUG     Sending ping
2026-07-07 09:11:16  DEBUG     Sending ping
2026-07-07 09:11:46  DEBUG     Sending ping
2026-07-07 09:12:16  DEBUG     Sending ping
2026-07-07 09:12:33  ERROR     WS ERROR  Connection to remote host was lost.
2026-07-07 09:12:33  ERROR     Connection to remote host was lost. - goodbye
2026-07-07 09:12:33  WARNING   WS DISCONNECTED  code=None  reason=None  trades=1  pnl=Rs+0.00
[Tue Jul  7 09:12:33 UTC 2026] Runner exited, restarting in 10s...
[Tue Jul  7 09:12:43 UTC 2026] Starting runner...
2026-07-07 09:12:43  INFO      ============================================================
2026-07-07 09:12:43  INFO      STARTUP  date=2026-07-07  pid=182053
2026-07-07 09:12:43  INFO      Strategy: Supertrend atr=14 mult=1.5 | 15-min | LIVE mode
2026-07-07 09:12:43  INFO      Resolving NSE tokens...
2026-07-07 09:12:43  DEBUG     Starting new HTTPS connection (1): piconnect.flattrade.in:443
2026-07-07 09:12:43  DEBUG     https://piconnect.flattrade.in:443 "POST /PiConnectAPI/SearchScrip HTTP/1.1" 200 None
2026-07-07 09:12:43  INFO      Resolved  HFCL             token=21951
2026-07-07 09:12:43  DEBUG     Starting new HTTPS connection (1): piconnect.flattrade.in:443
2026-07-07 09:12:43  DEBUG     https://piconnect.flattrade.in:443 "POST /PiConnectAPI/SearchScrip HTTP/1.1" 200 None
2026-07-07 09:12:43  INFO      Resolved  BANKBARODA       token=4668
2026-07-07 09:12:43  DEBUG     Starting new HTTPS connection (1): piconnect.flattrade.in:443
2026-07-07 09:12:43  DEBUG     https://piconnect.flattrade.in:443 "POST /PiConnectAPI/SearchScrip HTTP/1.1" 200 None
2026-07-07 09:12:43  INFO      Resolved  NMDC             token=15332
2026-07-07 09:12:43  DEBUG     Starting new HTTPS connection (1): piconnect.flattrade.in:443
2026-07-07 09:12:44  DEBUG     https://piconnect.flattrade.in:443 "POST /PiConnectAPI/SearchScrip HTTP/1.1" 200 None
2026-07-07 09:12:44  INFO      Resolved  CESC             token=628
2026-07-07 09:12:44  DEBUG     Starting new HTTPS connection (1): piconnect.flattrade.in:443
2026-07-07 09:12:44  DEBUG     https://piconnect.flattrade.in:443 "POST /PiConnectAPI/SearchScrip HTTP/1.1" 200 None
2026-07-07 09:12:44  INFO      Resolved  ZEEL             token=3812
2026-07-07 09:12:44  DEBUG     Starting new HTTPS connection (1): piconnect.flattrade.in:443
2026-07-07 09:12:44  DEBUG     https://piconnect.flattrade.in:443 "POST /PiConnectAPI/SearchScrip HTTP/1.1" 200 None
2026-07-07 09:12:44  INFO      Resolved  BALRAMCHIN       token=341
2026-07-07 09:12:44  DEBUG     Starting new HTTPS connection (1): piconnect.flattrade.in:443
2026-07-07 09:12:45  DEBUG     https://piconnect.flattrade.in:443 "POST /PiConnectAPI/SearchScrip HTTP/1.1" 200 None
2026-07-07 09:12:45  INFO      Resolved  GRANULES         token=11872
2026-07-07 09:12:45  DEBUG     Starting new HTTPS connection (1): piconnect.flattrade.in:443
2026-07-07 09:12:45  DEBUG     https://piconnect.flattrade.in:443 "POST /PiConnectAPI/SearchScrip HTTP/1.1" 200 None
2026-07-07 09:12:45  INFO      Resolved  SUZLON           token=12018
2026-07-07 09:12:45  DEBUG     Starting new HTTPS connection (1): piconnect.flattrade.in:443
2026-07-07 09:12:45  DEBUG     https://piconnect.flattrade.in:443 "POST /PiConnectAPI/PositionBook HTTP/1.1" 200 None
2026-07-07 09:12:45  DEBUG     Starting new HTTPS connection (1): piconnect.flattrade.in:443
2026-07-07 09:12:45  DEBUG     https://piconnect.flattrade.in:443 "POST /PiConnectAPI/Limits HTTP/1.1" 200 None
2026-07-07 09:12:45  INFO      *** LIVE MODE  cash=Rs0  4x=Rs0  K=4  per_trade=Rs1000 ***
2026-07-07 09:12:45  INFO      8 stocks | Rs1000/trade | K=4 | EOD 15:00 IST
2026-07-07 09:12:45  INFO      ============================================================
2026-07-07 09:12:46  INFO      Websocket connected
2026-07-07 09:12:46  INFO      WS CONNECTED  subscribed=8 instruments
2026-07-07 09:12:46  INFO      Ticks -> data/2026-07-07/ticks.jsonl
2026-07-07 09:13:46  DEBUG     Sending ping
2026-07-07 09:14:16  DEBUG     Sending ping
2026-07-07 09:14:46  DEBUG     Sending ping
2026-07-07 09:15:00  DEBUG     CANDLE  HFCL          O=226.51  H=226.78  L=226.28  C=226.51
2026-07-07 09:15:02  DEBUG     CANDLE  NMDC          O=84.23  H=84.27  L=84.20  C=84.25
2026-07-07 09:15:02  DEBUG     Starting new HTTPS connection (1): piconnect.flattrade.in:443
2026-07-07 09:15:02  DEBUG     https://piconnect.flattrade.in:443 "POST /PiConnectAPI/Holdings HTTP/1.1" 200 2
2026-07-07 09:15:02  ERROR     CNC SELL NMDC skipped — no holdings found in demat
2026-07-07 09:15:02  DEBUG     CANDLE  CESC          O=167.10  H=167.10  L=166.98  C=166.98
2026-07-07 09:15:02  DEBUG     Starting new HTTPS connection (1): piconnect.flattrade.in:443
2026-07-07 09:15:02  DEBUG     https://piconnect.flattrade.in:443 "POST /PiConnectAPI/Holdings HTTP/1.1" 200 2
2026-07-07 09:15:02  ERROR     CNC SELL CESC skipped — no holdings found in demat
2026-07-07 09:15:03  DEBUG     CANDLE  BANKBARODA    O=248.30  H=248.50  L=248.20  C=248.35
2026-07-07 09:15:03  DEBUG     CANDLE  SUZLON        O=54.68  H=54.68  L=54.63  C=54.64
2026-07-07 09:15:03  INFO      ORDER  SUZLON        SELL   MIS   qty=18      price=Rs54.63    reason=flip DOWN | atr=0.25 st=55.03 sl=55.01
2026-07-07 09:15:03  DEBUG     Starting new HTTPS connection (1): piconnect.flattrade.in:443
2026-07-07 09:15:03  DEBUG     https://piconnect.flattrade.in:443 "POST /PiConnectAPI/PlaceOrder HTTP/1.1" 200 None
2026-07-07 09:15:03  INFO      ACCEPTED  SUZLON  norenordno=26070700456445
2026-07-07 09:15:03  INFO      CAPITAL  committed=Rs0.00  (released Rs245.84 for MIS SUZLON)
2026-07-07 09:15:03  INFO      ENTRY #1    SUZLON        SHORT  Rs54.64  qty=18  [flip DOWN | atr=0.25 st=55.03 sl=55.01]
2026-07-07 09:15:03  INFO      ORDER UPDATE  NewAck    SUZLON-EQ  norenordno=26070700456445
2026-07-07 09:15:03  ERROR     ORDER REJECTED  SUZLON-EQ  norenordno=26070700456445  reason=RED:Margin Shortfall:INR 240.23 Available:INR 0.00 for C-FZ38545 [KAMBALA]
2026-07-07 09:15:03  DEBUG     CANDLE  ZEEL          O=102.45  H=102.50  L=102.41  C=102.50
2026-07-07 09:15:03  DEBUG     Starting new HTTPS connection (1): piconnect.flattrade.in:443
2026-07-07 09:15:03  DEBUG     https://piconnect.flattrade.in:443 "POST /PiConnectAPI/Limits HTTP/1.1" 200 None
2026-07-07 09:15:03  ERROR     CNC BUY ZEEL skipped — no capital left (committed=Rs0.00)
2026-07-07 09:15:04  DEBUG     CANDLE  GRANULES      O=861.90  H=862.40  L=861.65  C=862.00
2026-07-07 09:15:04  DEBUG     Starting new HTTPS connection (1): piconnect.flattrade.in:443
2026-07-07 09:15:04  DEBUG     https://piconnect.flattrade.in:443 "POST /PiConnectAPI/Limits HTTP/1.1" 200 None
2026-07-07 09:15:04  ERROR     MIS BUY GRANULES skipped — no capital left (committed=Rs0.00)
2026-07-07 09:15:06  DEBUG     CANDLE  BALRAMCHIN    O=570.00  H=571.30  L=570.00  C=571.30
2026-07-07 09:15:16  DEBUG     Sending ping
2026-07-07 09:15:46  DEBUG     Sending ping
2026-07-07 09:16:16  DEBUG     Sending ping
2026-07-07 09:16:46  DEBUG     Sending ping
2026-07-07 09:17:16  DEBUG     Sending ping
2026-07-07 09:17:46  DEBUG     Sending ping
2026-07-07 09:18:16  DEBUG     Sending ping
2026-07-07 09:18:46  DEBUG     Sending ping
2026-07-07 09:19:16  DEBUG     Sending ping
2026-07-07 09:19:46  DEBUG     Sending ping
2026-07-07 09:20:16  DEBUG     Sending ping
2026-07-07 09:20:46  DEBUG     Sending ping
2026-07-07 09:21:16  DEBUG     Sending ping
2026-07-07 09:21:46  DEBUG     Sending ping
2026-07-07 09:22:16  DEBUG     Sending ping
2026-07-07 09:22:46  DEBUG     Sending ping
2026-07-07 09:23:16  DEBUG     Sending ping
2026-07-07 09:23:46  DEBUG     Sending ping
2026-07-07 09:24:16  DEBUG     Sending ping
2026-07-07 09:24:46  DEBUG     Sending ping
2026-07-07 09:25:16  DEBUG     Sending ping
2026-07-07 09:25:46  DEBUG     Sending ping
2026-07-07 09:26:16  DEBUG     Sending ping
2026-07-07 09:26:46  DEBUG     Sending ping
2026-07-07 09:27:16  DEBUG     Sending ping
2026-07-07 09:27:46  DEBUG     Sending ping
2026-07-07 09:28:16  DEBUG     Sending ping
2026-07-07 09:28:46  DEBUG     Sending ping
2026-07-07 09:29:16  DEBUG     Sending ping
2026-07-07 09:29:46  DEBUG     Sending ping
2026-07-07 09:30:12  DEBUG     Starting new HTTPS connection (1): piconnect.flattrade.in:443
2026-07-07 09:30:12  DEBUG     https://piconnect.flattrade.in:443 "POST /PiConnectAPI/Limits HTTP/1.1" 200 None
2026-07-07 09:30:12  ERROR     MIS BUY SUZLON skipped — no capital left (committed=Rs0.00)
2026-07-07 09:30:12  ERROR     EOD ORDER REJECTED  SUZLON
2026-07-07 09:30:13  INFO      ────────────────────────────────────────────────────────────
2026-07-07 09:30:13  INFO      EOD SUMMARY  date=2026-07-07  trades=1  total_pnl=Rs0.00
2026-07-07 09:30:13  INFO      All positions flat at EOD
2026-07-07 09:30:13  INFO      Ticks  -> data/2026-07-07/ticks.jsonl
2026-07-07 09:30:13  INFO      Trades -> logs/trades_2026-07-07.csv
2026-07-07 09:30:13  INFO      ────────────────────────────────────────────────────────────
2026-07-07 09:30:16  DEBUG     Sending ping
2026-07-07 09:30:46  DEBUG     Sending ping
2026-07-07 09:31:16  DEBUG     Sending ping
2026-07-07 09:31:46  DEBUG     Sending ping
2026-07-07 09:32:16  DEBUG     Sending ping
2026-07-07 09:32:46  DEBUG     Sending ping
2026-07-07 09:33:16  DEBUG     Sending ping
2026-07-07 09:33:46  DEBUG     Sending ping
2026-07-07 09:34:16  DEBUG     Sending ping
2026-07-07 09:34:46  DEBUG     Sending ping
2026-07-07 09:35:01  INFO      SIGINT received — flushing and shutting down
2026-07-07 09:35:01  INFO      ────────────────────────────────────────────────────────────
2026-07-07 09:35:01  INFO      EOD SUMMARY  date=2026-07-07  trades=1  total_pnl=Rs0.00
2026-07-07 09:35:01  INFO      All positions flat at EOD
2026-07-07 09:35:01  INFO      Ticks  -> data/2026-07-07/ticks.jsonl
2026-07-07 09:35:01  INFO      Trades -> logs/trades_2026-07-07.csv
2026-07-07 09:35:01  INFO      ────────────────────────────────────────────────────────────
2026-07-07 09:35:01  ERROR     WS ERROR  0
[Tue Jul  7 09:35:01 UTC 2026] Runner stopped
2026-07-07 09:35:01  WARNING   WS DISCONNECTED  code=None  reason=None  trades=1  pnl=Rs+0.00
2026-07-07 09:35:01  ERROR     error from callback <bound method FlattradeClient._ws_close of <client.FlattradeClient object at 0x7ff032fd5ee0>>: I/O operation on closed file.
2026-07-07 09:35:01  ERROR     WS ERROR  I/O operation on closed file.
[Tue Jul  7 09:35:01 UTC 2026] Runner exited, restarting in 10s...
