[Mon Jul 13 03:15:09 UTC 2026] Watchdog started
[Mon Jul 13 03:15:09 UTC 2026] Starting runner...
2026-07-13 03:15:10  INFO      ============================================================
2026-07-13 03:15:10  INFO      STARTUP  date=2026-07-13  pid=416266
2026-07-13 03:15:10  INFO      Strategy: Supertrend atr=14 mult=1.5 | 15-min | LIVE mode
2026-07-13 03:15:10  INFO      DYNAMIC BASKET (5): DLF,UNIONBANK,HCLTECH,DRREDDY,LODHA | EMA filter=50
2026-07-13 03:15:10  INFO      Resolving NSE tokens...
2026-07-13 03:15:10  DEBUG     Starting new HTTPS connection (1): piconnect.flattrade.in:443
2026-07-13 03:15:10  DEBUG     https://piconnect.flattrade.in:443 "POST /PiConnectAPI/SearchScrip HTTP/1.1" 200 None
2026-07-13 03:15:10  INFO      Resolved  DLF              token=14732  tick=0.05
2026-07-13 03:15:10  DEBUG     Starting new HTTPS connection (1): piconnect.flattrade.in:443
2026-07-13 03:15:10  DEBUG     https://piconnect.flattrade.in:443 "POST /PiConnectAPI/SearchScrip HTTP/1.1" 200 None
2026-07-13 03:15:10  INFO      Resolved  UNIONBANK        token=10753  tick=0.01
2026-07-13 03:15:10  DEBUG     Starting new HTTPS connection (1): piconnect.flattrade.in:443
2026-07-13 03:15:11  DEBUG     https://piconnect.flattrade.in:443 "POST /PiConnectAPI/SearchScrip HTTP/1.1" 200 None
2026-07-13 03:15:11  INFO      Resolved  HCLTECH          token=7229  tick=0.1
2026-07-13 03:15:11  DEBUG     Starting new HTTPS connection (1): piconnect.flattrade.in:443
2026-07-13 03:15:11  DEBUG     https://piconnect.flattrade.in:443 "POST /PiConnectAPI/SearchScrip HTTP/1.1" 200 None
2026-07-13 03:15:11  INFO      Resolved  DRREDDY          token=881  tick=0.1
2026-07-13 03:15:11  DEBUG     Starting new HTTPS connection (1): piconnect.flattrade.in:443
2026-07-13 03:15:11  DEBUG     https://piconnect.flattrade.in:443 "POST /PiConnectAPI/SearchScrip HTTP/1.1" 200 None
2026-07-13 03:15:11  INFO      Resolved  LODHA            token=3220  tick=0.05
2026-07-13 03:15:11  DEBUG     Starting new HTTPS connection (1): piconnect.flattrade.in:443
2026-07-13 03:15:11  DEBUG     https://piconnect.flattrade.in:443 "POST /PiConnectAPI/PositionBook HTTP/1.1" 200 None
2026-07-13 03:15:11  DEBUG     Starting new HTTPS connection (1): piconnect.flattrade.in:443
2026-07-13 03:15:12  DEBUG     https://piconnect.flattrade.in:443 "POST /PiConnectAPI/Limits HTTP/1.1" 200 None
2026-07-13 03:15:12  INFO      *** LIVE MODE  cash=Rs1500  deploy(85%)=Rs1275  K=2  cap/stock=Rs637 (MIS notional 4x, CNC 1x) ***
2026-07-13 03:15:12  INFO      5 stocks | Rs637/trade | K=2 | EOD 15:00 IST
2026-07-13 03:15:12  INFO      ============================================================
2026-07-13 03:15:12  INFO      Websocket connected
2026-07-13 03:15:12  INFO      WS CONNECTED  subscribed=5 instruments
2026-07-13 03:15:12  INFO      Ticks -> data/2026-07-13/ticks.jsonl
2026-07-13 03:16:12  DEBUG     Sending ping
2026-07-13 03:16:42  DEBUG     Sending ping
2026-07-13 03:17:12  DEBUG     Sending ping
2026-07-13 03:17:42  DEBUG     Sending ping
2026-07-13 03:18:12  DEBUG     Sending ping
2026-07-13 03:18:42  DEBUG     Sending ping
2026-07-13 03:19:12  DEBUG     Sending ping
2026-07-13 03:19:42  DEBUG     Sending ping
2026-07-13 03:20:12  DEBUG     Sending ping
2026-07-13 03:20:42  DEBUG     Sending ping
2026-07-13 03:21:12  DEBUG     Sending ping
2026-07-13 03:21:42  DEBUG     Sending ping
2026-07-13 03:22:12  DEBUG     Sending ping
2026-07-13 03:22:42  DEBUG     Sending ping
2026-07-13 03:23:12  DEBUG     Sending ping
2026-07-13 03:23:42  DEBUG     Sending ping
2026-07-13 03:24:12  DEBUG     Sending ping
2026-07-13 03:24:42  DEBUG     Sending ping
2026-07-13 03:25:12  DEBUG     Sending ping
2026-07-13 03:25:42  DEBUG     Sending ping
2026-07-13 03:26:12  DEBUG     Sending ping
2026-07-13 03:26:42  DEBUG     Sending ping
2026-07-13 03:27:12  DEBUG     Sending ping
2026-07-13 03:27:42  DEBUG     Sending ping
2026-07-13 03:28:12  DEBUG     Sending ping
2026-07-13 03:28:42  DEBUG     Sending ping
2026-07-13 03:29:12  DEBUG     Sending ping
2026-07-13 03:29:42  DEBUG     Sending ping
2026-07-13 03:30:00  DEBUG     CANDLE  LODHA         O=1220.75  H=1220.75  L=1220.75  C=1220.75
2026-07-13 03:30:00  DEBUG     CANDLE  DRREDDY       O=1244.30  H=1244.30  L=1244.30  C=1244.30
2026-07-13 03:30:01  DEBUG     CANDLE  HCLTECH       O=1164.09  H=1164.09  L=1164.09  C=1164.09
2026-07-13 03:30:01  DEBUG     CANDLE  UNIONBANK     O=164.51  H=164.51  L=164.51  C=164.51
2026-07-13 03:30:02  DEBUG     CANDLE  DLF           O=685.75  H=685.75  L=685.75  C=685.75
2026-07-13 03:30:12  DEBUG     Sending ping
2026-07-13 03:30:42  DEBUG     Sending ping
2026-07-13 03:31:12  DEBUG     Sending ping
2026-07-13 03:31:42  DEBUG     Sending ping
2026-07-13 03:32:12  DEBUG     Sending ping
2026-07-13 03:32:42  DEBUG     Sending ping
2026-07-13 03:33:12  DEBUG     Sending ping
2026-07-13 03:33:42  DEBUG     Sending ping
2026-07-13 03:34:12  DEBUG     Sending ping
2026-07-13 03:34:42  DEBUG     Sending ping
2026-07-13 03:35:12  DEBUG     Sending ping
2026-07-13 03:35:42  DEBUG     Sending ping
2026-07-13 03:36:12  DEBUG     Sending ping
2026-07-13 03:36:42  DEBUG     Sending ping
2026-07-13 03:37:12  DEBUG     Sending ping
2026-07-13 03:37:42  DEBUG     Sending ping
2026-07-13 03:38:12  DEBUG     Sending ping
2026-07-13 03:38:42  DEBUG     Sending ping
2026-07-13 03:39:12  DEBUG     Sending ping
2026-07-13 03:39:42  DEBUG     Sending ping
2026-07-13 03:40:12  DEBUG     Sending ping
2026-07-13 03:40:42  DEBUG     Sending ping
2026-07-13 03:41:12  DEBUG     Sending ping
2026-07-13 03:41:42  DEBUG     Sending ping
2026-07-13 03:42:12  DEBUG     Sending ping
2026-07-13 03:42:42  DEBUG     Sending ping
2026-07-13 03:43:12  DEBUG     Sending ping
2026-07-13 03:43:42  DEBUG     Sending ping
2026-07-13 03:44:12  DEBUG     Sending ping
2026-07-13 03:44:42  DEBUG     Sending ping
2026-07-13 03:45:00  DEBUG     CANDLE  UNIONBANK     O=164.69  H=164.69  L=163.00  C=163.00
2026-07-13 03:45:00  DEBUG     CANDLE  DRREDDY       O=1246.50  H=1246.50  L=1244.30  C=1244.30
2026-07-13 03:45:00  DEBUG     CANDLE  HCLTECH       O=1167.50  H=1167.50  L=1162.00  C=1162.00
2026-07-13 03:45:01  DEBUG     CANDLE  LODHA         O=1216.90  H=1216.90  L=1206.00  C=1206.00
2026-07-13 03:45:02  DEBUG     CANDLE  DLF           O=688.00  H=688.00  L=679.55  C=679.55
2026-07-13 03:45:12  DEBUG     Sending ping
2026-07-13 03:45:42  DEBUG     Sending ping
2026-07-13 03:46:12  DEBUG     Sending ping
2026-07-13 03:46:42  DEBUG     Sending ping
2026-07-13 03:47:12  DEBUG     Sending ping
2026-07-13 03:47:42  DEBUG     Sending ping
2026-07-13 03:48:12  DEBUG     Sending ping
2026-07-13 03:48:42  DEBUG     Sending ping
2026-07-13 03:49:12  DEBUG     Sending ping
2026-07-13 03:49:42  DEBUG     Sending ping
2026-07-13 03:50:12  DEBUG     Sending ping
2026-07-13 03:50:42  DEBUG     Sending ping
2026-07-13 03:51:12  DEBUG     Sending ping
2026-07-13 03:51:42  DEBUG     Sending ping
2026-07-13 03:52:12  DEBUG     Sending ping
2026-07-13 03:52:42  DEBUG     Sending ping
2026-07-13 03:53:12  DEBUG     Sending ping
2026-07-13 03:53:42  DEBUG     Sending ping
2026-07-13 03:54:12  DEBUG     Sending ping
2026-07-13 03:54:42  DEBUG     Sending ping
2026-07-13 03:55:12  DEBUG     Sending ping
2026-07-13 03:55:42  DEBUG     Sending ping
2026-07-13 03:56:12  DEBUG     Sending ping
2026-07-13 03:56:42  DEBUG     Sending ping
2026-07-13 03:57:12  DEBUG     Sending ping
2026-07-13 03:57:42  DEBUG     Sending ping
2026-07-13 03:58:12  DEBUG     Sending ping
2026-07-13 03:58:42  DEBUG     Sending ping
2026-07-13 03:59:12  DEBUG     Sending ping
2026-07-13 03:59:42  DEBUG     Sending ping
2026-07-13 04:00:00  DEBUG     CANDLE  LODHA         O=1199.00  H=1219.95  L=1195.10  C=1212.75
2026-07-13 04:00:01  DEBUG     CANDLE  DRREDDY       O=1244.80  H=1249.00  L=1238.90  C=1239.50
2026-07-13 04:00:01  DEBUG     CANDLE  HCLTECH       O=1163.40  H=1183.70  L=1163.40  C=1172.40
2026-07-13 04:00:02  DEBUG     CANDLE  UNIONBANK     O=162.51  H=165.44  L=162.51  C=164.96
2026-07-13 04:00:03  DEBUG     CANDLE  DLF           O=676.65  H=685.95  L=676.65  C=681.90
2026-07-13 04:00:12  DEBUG     Sending ping
2026-07-13 04:00:42  DEBUG     Sending ping
2026-07-13 04:01:12  DEBUG     Sending ping
2026-07-13 04:01:42  DEBUG     Sending ping
2026-07-13 04:02:12  DEBUG     Sending ping
2026-07-13 04:02:42  DEBUG     Sending ping
2026-07-13 04:03:12  DEBUG     Sending ping
2026-07-13 04:03:42  DEBUG     Sending ping
2026-07-13 04:04:12  DEBUG     Sending ping
2026-07-13 04:04:42  DEBUG     Sending ping
2026-07-13 04:05:12  DEBUG     Sending ping
2026-07-13 04:05:42  DEBUG     Sending ping
2026-07-13 04:06:12  DEBUG     Sending ping
2026-07-13 04:06:42  DEBUG     Sending ping
2026-07-13 04:07:12  DEBUG     Sending ping
2026-07-13 04:07:42  DEBUG     Sending ping
2026-07-13 04:08:12  DEBUG     Sending ping
2026-07-13 04:08:42  DEBUG     Sending ping
2026-07-13 04:09:12  DEBUG     Sending ping
2026-07-13 04:09:42  DEBUG     Sending ping
2026-07-13 04:10:12  DEBUG     Sending ping
2026-07-13 04:10:42  DEBUG     Sending ping
2026-07-13 04:11:12  DEBUG     Sending ping
2026-07-13 04:11:42  DEBUG     Sending ping
2026-07-13 04:12:12  DEBUG     Sending ping
2026-07-13 04:12:42  DEBUG     Sending ping
2026-07-13 04:13:12  DEBUG     Sending ping
2026-07-13 04:13:42  DEBUG     Sending ping
2026-07-13 04:14:12  DEBUG     Sending ping
2026-07-13 04:14:42  DEBUG     Sending ping
2026-07-13 04:15:00  DEBUG     CANDLE  UNIONBANK     O=164.99  H=167.63  L=164.50  C=167.56
2026-07-13 04:15:00  DEBUG     Starting new HTTPS connection (1): piconnect.flattrade.in:443
2026-07-13 04:15:00  DEBUG     https://piconnect.flattrade.in:443 "POST /PiConnectAPI/Limits HTTP/1.1" 200 None
2026-07-13 04:15:00  INFO      ORDER  UNIONBANK     BUY    MIS   qty=15      price=Rs167.57   reason=flip UP | atr=1.37 st=164.01 sl=165.51
2026-07-13 04:15:00  DEBUG     Starting new HTTPS connection (1): piconnect.flattrade.in:443
2026-07-13 04:15:01  DEBUG     https://piconnect.flattrade.in:443 "POST /PiConnectAPI/PlaceOrder HTTP/1.1" 200 None
2026-07-13 04:15:01  INFO      ACCEPTED  UNIONBANK  norenordno=26071300056008
2026-07-13 04:15:01  INFO      CAPITAL  committed=Rs628.39  (added Rs628.39 for MIS UNIONBANK)
2026-07-13 04:15:01  INFO      ENTRY #1    UNIONBANK     LONG   Rs167.57  qty=15  [flip UP | atr=1.37 st=164.01 sl=165.51]
2026-07-13 04:15:01  DEBUG     CANDLE  HCLTECH       O=1172.80  H=1176.50  L=1168.50  C=1173.60
2026-07-13 04:15:01  INFO      ORDER UPDATE  NewAck    UNIONBANK-EQ  norenordno=26071300056008
2026-07-13 04:15:01  INFO      ORDER UPDATE  New       UNIONBANK-EQ  norenordno=26071300056008
2026-07-13 04:15:01  WARNING   ORDER CANCELED  UNIONBANK-EQ  norenordno=26071300056008  reason=16388: cancelled by Exchange
2026-07-13 04:15:01  WARNING   PHANTOM CLEARED  UNIONBANK — entry rejected, ledger reset
2026-07-13 04:15:01  DEBUG     CANDLE  LODHA         O=1212.85  H=1214.60  L=1190.10  C=1196.80
2026-07-13 04:15:01  DEBUG     CANDLE  DLF           O=681.25  H=687.35  L=681.00  C=685.80
2026-07-13 04:15:03  DEBUG     CANDLE  DRREDDY       O=1239.30  H=1241.80  L=1238.00  C=1240.10
2026-07-13 04:15:12  DEBUG     Sending ping
2026-07-13 04:15:42  DEBUG     Sending ping
2026-07-13 04:16:12  DEBUG     Sending ping
2026-07-13 04:16:42  DEBUG     Sending ping
2026-07-13 04:17:12  DEBUG     Sending ping
2026-07-13 04:17:42  DEBUG     Sending ping
2026-07-13 04:18:12  DEBUG     Sending ping
2026-07-13 04:18:42  DEBUG     Sending ping
2026-07-13 04:19:12  DEBUG     Sending ping
2026-07-13 04:19:42  DEBUG     Sending ping
2026-07-13 04:20:12  DEBUG     Sending ping
2026-07-13 04:20:42  DEBUG     Sending ping
2026-07-13 04:21:12  DEBUG     Sending ping
2026-07-13 04:21:42  DEBUG     Sending ping
2026-07-13 04:22:12  DEBUG     Sending ping
2026-07-13 04:22:42  DEBUG     Sending ping
2026-07-13 04:23:12  DEBUG     Sending ping
2026-07-13 04:23:42  DEBUG     Sending ping
2026-07-13 04:24:12  DEBUG     Sending ping
2026-07-13 04:24:42  DEBUG     Sending ping
2026-07-13 04:25:12  DEBUG     Sending ping
2026-07-13 04:25:42  DEBUG     Sending ping
2026-07-13 04:26:12  DEBUG     Sending ping
2026-07-13 04:26:42  DEBUG     Sending ping
2026-07-13 04:27:12  DEBUG     Sending ping
2026-07-13 04:27:42  DEBUG     Sending ping
2026-07-13 04:28:12  DEBUG     Sending ping
2026-07-13 04:28:42  DEBUG     Sending ping
2026-07-13 04:29:12  DEBUG     Sending ping
2026-07-13 04:29:42  DEBUG     Sending ping
2026-07-13 04:30:01  DEBUG     CANDLE  LODHA         O=1197.30  H=1205.00  L=1194.30  C=1199.35
2026-07-13 04:30:02  DEBUG     CANDLE  DLF           O=685.90  H=690.20  L=685.00  C=689.00
2026-07-13 04:30:02  DEBUG     Starting new HTTPS connection (1): piconnect.flattrade.in:443
2026-07-13 04:30:02  DEBUG     https://piconnect.flattrade.in:443 "POST /PiConnectAPI/Limits HTTP/1.1" 200 None
2026-07-13 04:30:02  INFO      ORDER  DLF           BUY    MIS   qty=3       price=Rs689.05   reason=flip UP | atr=4.21 st=681.28 sl=682.68
2026-07-13 04:30:02  DEBUG     Starting new HTTPS connection (1): piconnect.flattrade.in:443
2026-07-13 04:30:02  DEBUG     https://piconnect.flattrade.in:443 "POST /PiConnectAPI/PlaceOrder HTTP/1.1" 200 None
2026-07-13 04:30:02  INFO      ACCEPTED  DLF  norenordno=26071300076639
2026-07-13 04:30:02  INFO      CAPITAL  committed=Rs516.79  (added Rs516.79 for MIS DLF)
2026-07-13 04:30:02  INFO      ENTRY #2    DLF           LONG   Rs689.05  qty=3  [flip UP | atr=4.21 st=681.28 sl=682.68]
2026-07-13 04:30:02  INFO      ORDER UPDATE  NewAck    DLF-EQ  norenordno=26071300076639
2026-07-13 04:30:02  INFO      ORDER UPDATE  New       DLF-EQ  norenordno=26071300076639
2026-07-13 04:30:02  WARNING   ORDER CANCELED  DLF-EQ  norenordno=26071300076639  reason=16388: cancelled by Exchange
2026-07-13 04:30:02  WARNING   PHANTOM CLEARED  DLF — entry rejected, ledger reset
2026-07-13 04:30:02  DEBUG     CANDLE  HCLTECH       O=1172.60  H=1178.00  L=1171.50  C=1174.80
2026-07-13 04:30:03  DEBUG     CANDLE  UNIONBANK     O=167.62  H=169.18  L=167.59  C=168.02
2026-07-13 04:30:08  DEBUG     CANDLE  DRREDDY       O=1240.40  H=1241.90  L=1239.00  C=1241.80
2026-07-13 04:30:12  DEBUG     Sending ping
2026-07-13 04:30:42  DEBUG     Sending ping
2026-07-13 04:31:12  DEBUG     Sending ping
2026-07-13 04:31:42  DEBUG     Sending ping
2026-07-13 04:32:12  DEBUG     Sending ping
2026-07-13 04:32:42  DEBUG     Sending ping
2026-07-13 04:33:12  DEBUG     Sending ping
2026-07-13 04:33:42  DEBUG     Sending ping
2026-07-13 04:34:12  DEBUG     Sending ping
2026-07-13 04:34:42  DEBUG     Sending ping
2026-07-13 04:35:12  DEBUG     Sending ping
2026-07-13 04:35:42  DEBUG     Sending ping
2026-07-13 04:36:12  DEBUG     Sending ping
2026-07-13 04:36:42  DEBUG     Sending ping
2026-07-13 04:37:12  DEBUG     Sending ping
2026-07-13 04:37:42  DEBUG     Sending ping
2026-07-13 04:38:12  DEBUG     Sending ping
2026-07-13 04:38:42  DEBUG     Sending ping
2026-07-13 04:39:12  DEBUG     Sending ping
2026-07-13 04:39:42  DEBUG     Sending ping
2026-07-13 04:40:12  DEBUG     Sending ping
2026-07-13 04:40:42  DEBUG     Sending ping
2026-07-13 04:41:12  DEBUG     Sending ping
2026-07-13 04:41:42  DEBUG     Sending ping
2026-07-13 04:42:12  DEBUG     Sending ping
2026-07-13 04:42:42  DEBUG     Sending ping
2026-07-13 04:43:12  DEBUG     Sending ping
2026-07-13 04:43:42  DEBUG     Sending ping
2026-07-13 04:44:12  DEBUG     Sending ping
2026-07-13 04:44:42  DEBUG     Sending ping
2026-07-13 04:45:00  DEBUG     CANDLE  UNIONBANK     O=167.98  H=168.70  L=167.73  C=168.66
2026-07-13 04:45:02  DEBUG     CANDLE  DLF           O=689.30  H=689.30  L=687.05  C=688.40
2026-07-13 04:45:02  DEBUG     CANDLE  LODHA         O=1199.30  H=1200.25  L=1195.00  C=1195.55
2026-07-13 04:45:02  DEBUG     CANDLE  DRREDDY       O=1242.90  H=1243.50  L=1241.70  C=1242.40
2026-07-13 04:45:03  DEBUG     CANDLE  HCLTECH       O=1174.90  H=1177.50  L=1172.20  C=1174.00
2026-07-13 04:45:12  DEBUG     Sending ping
2026-07-13 04:45:42  DEBUG     Sending ping
2026-07-13 04:46:12  DEBUG     Sending ping
2026-07-13 04:46:42  DEBUG     Sending ping
2026-07-13 04:47:12  DEBUG     Sending ping
2026-07-13 04:47:42  DEBUG     Sending ping
2026-07-13 04:48:12  DEBUG     Sending ping
2026-07-13 04:48:42  DEBUG     Sending ping
2026-07-13 04:49:12  DEBUG     Sending ping
2026-07-13 04:49:42  DEBUG     Sending ping
2026-07-13 04:50:12  DEBUG     Sending ping
2026-07-13 04:50:42  DEBUG     Sending ping
2026-07-13 04:51:12  DEBUG     Sending ping
2026-07-13 04:51:42  DEBUG     Sending ping
2026-07-13 04:52:12  DEBUG     Sending ping
2026-07-13 04:52:42  DEBUG     Sending ping
2026-07-13 04:53:12  DEBUG     Sending ping
2026-07-13 04:53:42  DEBUG     Sending ping
2026-07-13 04:54:12  DEBUG     Sending ping
2026-07-13 04:54:42  DEBUG     Sending ping
2026-07-13 04:55:12  DEBUG     Sending ping
2026-07-13 04:55:42  DEBUG     Sending ping
2026-07-13 04:56:12  DEBUG     Sending ping
2026-07-13 04:56:42  DEBUG     Sending ping
2026-07-13 04:57:12  DEBUG     Sending ping
2026-07-13 04:57:42  DEBUG     Sending ping
2026-07-13 04:58:12  DEBUG     Sending ping
2026-07-13 04:58:42  DEBUG     Sending ping
2026-07-13 04:59:12  DEBUG     Sending ping
2026-07-13 04:59:42  DEBUG     Sending ping
2026-07-13 05:00:00  DEBUG     CANDLE  HCLTECH       O=1174.40  H=1182.80  L=1173.50  C=1182.80
2026-07-13 05:00:00  DEBUG     CANDLE  UNIONBANK     O=168.62  H=168.98  L=168.20  C=168.86
2026-07-13 05:00:02  DEBUG     CANDLE  DRREDDY       O=1242.60  H=1242.60  L=1232.70  C=1233.30
2026-07-13 05:00:04  DEBUG     CANDLE  DLF           O=688.50  H=689.80  L=687.00  C=687.50
2026-07-13 05:00:12  DEBUG     Sending ping
2026-07-13 05:00:12  DEBUG     CANDLE  LODHA         O=1195.80  H=1199.50  L=1191.60  C=1194.00
2026-07-13 05:00:42  DEBUG     Sending ping
2026-07-13 05:01:12  DEBUG     Sending ping
2026-07-13 05:01:42  DEBUG     Sending ping
2026-07-13 05:02:12  DEBUG     Sending ping
2026-07-13 05:02:42  DEBUG     Sending ping
2026-07-13 05:03:12  DEBUG     Sending ping
2026-07-13 05:03:42  DEBUG     Sending ping
2026-07-13 05:04:12  DEBUG     Sending ping
2026-07-13 05:04:42  DEBUG     Sending ping
2026-07-13 05:05:12  DEBUG     Sending ping
2026-07-13 05:05:42  DEBUG     Sending ping
2026-07-13 05:06:12  DEBUG     Sending ping
2026-07-13 05:06:42  DEBUG     Sending ping
2026-07-13 05:07:12  DEBUG     Sending ping
2026-07-13 05:07:42  DEBUG     Sending ping
2026-07-13 05:08:12  DEBUG     Sending ping
2026-07-13 05:08:42  DEBUG     Sending ping
2026-07-13 05:09:12  DEBUG     Sending ping
2026-07-13 05:09:42  DEBUG     Sending ping
2026-07-13 05:10:12  DEBUG     Sending ping
2026-07-13 05:10:42  DEBUG     Sending ping
2026-07-13 05:11:12  DEBUG     Sending ping
2026-07-13 05:11:42  DEBUG     Sending ping
2026-07-13 05:12:12  DEBUG     Sending ping
2026-07-13 05:12:42  DEBUG     Sending ping
2026-07-13 05:13:12  DEBUG     Sending ping
2026-07-13 05:13:42  DEBUG     Sending ping
2026-07-13 05:14:12  DEBUG     Sending ping
2026-07-13 05:14:42  DEBUG     Sending ping
2026-07-13 05:15:00  DEBUG     CANDLE  DRREDDY       O=1232.60  H=1234.40  L=1231.00  C=1231.00
2026-07-13 05:15:01  DEBUG     CANDLE  LODHA         O=1194.25  H=1194.75  L=1185.60  C=1188.60
2026-07-13 05:15:01  DEBUG     CANDLE  UNIONBANK     O=168.84  H=168.88  L=168.00  C=168.00
2026-07-13 05:15:02  DEBUG     CANDLE  HCLTECH       O=1181.60  H=1189.90  L=1180.80  C=1184.70
2026-07-13 05:15:08  DEBUG     CANDLE  DLF           O=687.60  H=688.30  L=685.10  C=685.55
2026-07-13 05:15:12  DEBUG     Sending ping
2026-07-13 05:15:42  DEBUG     Sending ping
2026-07-13 05:16:12  DEBUG     Sending ping
2026-07-13 05:16:42  DEBUG     Sending ping
2026-07-13 05:17:12  DEBUG     Sending ping
2026-07-13 05:17:42  DEBUG     Sending ping
2026-07-13 05:18:12  DEBUG     Sending ping
2026-07-13 05:18:42  DEBUG     Sending ping
2026-07-13 05:19:12  DEBUG     Sending ping
2026-07-13 05:19:42  DEBUG     Sending ping
2026-07-13 05:20:12  DEBUG     Sending ping
2026-07-13 05:20:42  DEBUG     Sending ping
2026-07-13 05:21:12  DEBUG     Sending ping
2026-07-13 05:21:42  DEBUG     Sending ping
2026-07-13 05:22:12  DEBUG     Sending ping
2026-07-13 05:22:42  DEBUG     Sending ping
2026-07-13 05:23:12  DEBUG     Sending ping
2026-07-13 05:23:42  DEBUG     Sending ping
2026-07-13 05:24:12  DEBUG     Sending ping
2026-07-13 05:24:42  DEBUG     Sending ping
2026-07-13 05:25:12  DEBUG     Sending ping
2026-07-13 05:25:42  DEBUG     Sending ping
2026-07-13 05:26:12  DEBUG     Sending ping
2026-07-13 05:26:42  DEBUG     Sending ping
2026-07-13 05:27:12  DEBUG     Sending ping
2026-07-13 05:27:42  DEBUG     Sending ping
2026-07-13 05:28:12  DEBUG     Sending ping
2026-07-13 05:28:42  DEBUG     Sending ping
2026-07-13 05:29:12  DEBUG     Sending ping
2026-07-13 05:29:42  DEBUG     Sending ping
2026-07-13 05:30:00  DEBUG     CANDLE  LODHA         O=1188.95  H=1194.10  L=1186.00  C=1191.20
2026-07-13 05:30:00  DEBUG     CANDLE  UNIONBANK     O=168.02  H=168.47  L=167.55  C=168.45
2026-07-13 05:30:00  DEBUG     CANDLE  DLF           O=685.60  H=686.00  L=684.00  C=684.45
2026-07-13 05:30:01  DEBUG     CANDLE  HCLTECH       O=1185.00  H=1199.90  L=1184.90  C=1198.10
2026-07-13 05:30:09  DEBUG     CANDLE  DRREDDY       O=1231.10  H=1231.50  L=1227.90  C=1230.00
2026-07-13 05:30:12  DEBUG     Sending ping
2026-07-13 05:30:42  DEBUG     Sending ping
2026-07-13 05:31:12  DEBUG     Sending ping
2026-07-13 05:31:42  DEBUG     Sending ping
2026-07-13 05:32:12  DEBUG     Sending ping
2026-07-13 05:32:42  DEBUG     Sending ping
2026-07-13 05:33:12  DEBUG     Sending ping
2026-07-13 05:33:42  DEBUG     Sending ping
2026-07-13 05:34:12  DEBUG     Sending ping
2026-07-13 05:34:42  DEBUG     Sending ping
2026-07-13 05:35:12  DEBUG     Sending ping
2026-07-13 05:35:42  DEBUG     Sending ping
2026-07-13 05:36:12  DEBUG     Sending ping
2026-07-13 05:36:42  DEBUG     Sending ping
2026-07-13 05:37:12  DEBUG     Sending ping
2026-07-13 05:37:42  DEBUG     Sending ping
2026-07-13 05:38:12  DEBUG     Sending ping
2026-07-13 05:38:42  DEBUG     Sending ping
2026-07-13 05:39:12  DEBUG     Sending ping
2026-07-13 05:39:42  DEBUG     Sending ping
2026-07-13 05:40:12  DEBUG     Sending ping
2026-07-13 05:40:42  DEBUG     Sending ping
2026-07-13 05:41:12  DEBUG     Sending ping
2026-07-13 05:41:42  DEBUG     Sending ping
2026-07-13 05:42:12  DEBUG     Sending ping
2026-07-13 05:42:42  DEBUG     Sending ping
2026-07-13 05:43:12  DEBUG     Sending ping
2026-07-13 05:43:42  DEBUG     Sending ping
2026-07-13 05:44:12  DEBUG     Sending ping
2026-07-13 05:44:42  DEBUG     Sending ping
2026-07-13 05:45:00  DEBUG     CANDLE  UNIONBANK     O=168.40  H=168.50  L=167.36  C=167.44
2026-07-13 05:45:00  DEBUG     CANDLE  DLF           O=684.35  H=684.80  L=682.05  C=683.00
2026-07-13 05:45:02  DEBUG     CANDLE  DRREDDY       O=1229.50  H=1232.30  L=1227.60  C=1231.50
2026-07-13 05:45:04  DEBUG     CANDLE  HCLTECH       O=1198.30  H=1204.00  L=1197.10  C=1200.00
2026-07-13 05:45:08  DEBUG     CANDLE  LODHA         O=1191.25  H=1195.75  L=1188.20  C=1191.40
2026-07-13 05:45:12  DEBUG     Sending ping
2026-07-13 05:45:42  DEBUG     Sending ping
2026-07-13 05:46:12  DEBUG     Sending ping
2026-07-13 05:46:42  DEBUG     Sending ping
2026-07-13 05:47:12  DEBUG     Sending ping
2026-07-13 05:47:42  DEBUG     Sending ping
2026-07-13 05:48:12  DEBUG     Sending ping
2026-07-13 05:48:42  DEBUG     Sending ping
2026-07-13 05:49:12  DEBUG     Sending ping
2026-07-13 05:49:42  DEBUG     Sending ping
2026-07-13 05:50:12  DEBUG     Sending ping
2026-07-13 05:50:42  DEBUG     Sending ping
2026-07-13 05:51:12  DEBUG     Sending ping
2026-07-13 05:51:42  DEBUG     Sending ping
2026-07-13 05:52:12  DEBUG     Sending ping
2026-07-13 05:52:42  DEBUG     Sending ping
2026-07-13 05:53:12  DEBUG     Sending ping
2026-07-13 05:53:42  DEBUG     Sending ping
2026-07-13 05:54:12  DEBUG     Sending ping
2026-07-13 05:54:42  DEBUG     Sending ping
2026-07-13 05:55:12  DEBUG     Sending ping
2026-07-13 05:55:42  DEBUG     Sending ping
2026-07-13 05:56:12  DEBUG     Sending ping
2026-07-13 05:56:42  DEBUG     Sending ping
2026-07-13 05:57:12  DEBUG     Sending ping
2026-07-13 05:57:42  DEBUG     Sending ping
2026-07-13 05:58:12  DEBUG     Sending ping
2026-07-13 05:58:42  DEBUG     Sending ping
2026-07-13 05:59:12  DEBUG     Sending ping
2026-07-13 05:59:42  DEBUG     Sending ping
2026-07-13 06:00:00  DEBUG     CANDLE  HCLTECH       O=1200.40  H=1201.00  L=1197.20  C=1198.40
2026-07-13 06:00:01  DEBUG     CANDLE  DRREDDY       O=1231.00  H=1232.00  L=1230.70  C=1231.80
2026-07-13 06:00:01  DEBUG     CANDLE  UNIONBANK     O=167.40  H=167.50  L=166.81  C=166.83
2026-07-13 06:00:04  DEBUG     CANDLE  LODHA         O=1191.00  H=1194.45  L=1190.05  C=1192.10
2026-07-13 06:00:05  DEBUG     CANDLE  DLF           O=683.15  H=683.55  L=681.35  C=681.40
2026-07-13 06:00:12  DEBUG     Sending ping
2026-07-13 06:00:42  DEBUG     Sending ping
2026-07-13 06:01:12  DEBUG     Sending ping
2026-07-13 06:01:42  DEBUG     Sending ping
2026-07-13 06:02:12  DEBUG     Sending ping
2026-07-13 06:02:42  DEBUG     Sending ping
2026-07-13 06:03:12  DEBUG     Sending ping
2026-07-13 06:03:42  DEBUG     Sending ping
2026-07-13 06:04:12  DEBUG     Sending ping
2026-07-13 06:04:42  DEBUG     Sending ping
2026-07-13 06:05:12  DEBUG     Sending ping
2026-07-13 06:05:42  DEBUG     Sending ping
2026-07-13 06:06:12  DEBUG     Sending ping
2026-07-13 06:06:42  DEBUG     Sending ping
2026-07-13 06:07:12  DEBUG     Sending ping
2026-07-13 06:07:42  DEBUG     Sending ping
2026-07-13 06:08:12  DEBUG     Sending ping
2026-07-13 06:08:42  DEBUG     Sending ping
2026-07-13 06:09:12  DEBUG     Sending ping
2026-07-13 06:09:42  DEBUG     Sending ping
2026-07-13 06:10:12  DEBUG     Sending ping
2026-07-13 06:10:42  DEBUG     Sending ping
2026-07-13 06:11:12  DEBUG     Sending ping
2026-07-13 06:11:42  DEBUG     Sending ping
2026-07-13 06:12:12  DEBUG     Sending ping
2026-07-13 06:12:42  DEBUG     Sending ping
2026-07-13 06:13:12  DEBUG     Sending ping
2026-07-13 06:13:42  DEBUG     Sending ping
2026-07-13 06:14:12  DEBUG     Sending ping
2026-07-13 06:14:42  DEBUG     Sending ping
2026-07-13 06:15:00  DEBUG     CANDLE  UNIONBANK     O=166.81  H=167.09  L=166.70  C=166.70
2026-07-13 06:15:00  DEBUG     CANDLE  DLF           O=681.50  H=682.20  L=681.45  C=681.50
2026-07-13 06:15:01  DEBUG     CANDLE  LODHA         O=1192.60  H=1193.75  L=1191.00  C=1191.50
2026-07-13 06:15:02  DEBUG     CANDLE  HCLTECH       O=1198.20  H=1204.00  L=1195.50  C=1196.90
2026-07-13 06:15:02  DEBUG     CANDLE  DRREDDY       O=1231.90  H=1232.90  L=1230.80  C=1232.70
2026-07-13 06:15:12  DEBUG     Sending ping
2026-07-13 06:15:42  DEBUG     Sending ping
2026-07-13 06:16:12  DEBUG     Sending ping
2026-07-13 06:16:42  DEBUG     Sending ping
2026-07-13 06:17:12  DEBUG     Sending ping
2026-07-13 06:17:42  DEBUG     Sending ping
2026-07-13 06:18:12  DEBUG     Sending ping
2026-07-13 06:18:42  DEBUG     Sending ping
2026-07-13 06:19:12  DEBUG     Sending ping
2026-07-13 06:19:42  DEBUG     Sending ping
2026-07-13 06:20:12  DEBUG     Sending ping
2026-07-13 06:20:42  DEBUG     Sending ping
2026-07-13 06:21:12  DEBUG     Sending ping
2026-07-13 06:21:42  DEBUG     Sending ping
2026-07-13 06:22:12  DEBUG     Sending ping
2026-07-13 06:22:42  DEBUG     Sending ping
2026-07-13 06:23:12  DEBUG     Sending ping
2026-07-13 06:23:42  DEBUG     Sending ping
2026-07-13 06:24:12  DEBUG     Sending ping
2026-07-13 06:24:42  DEBUG     Sending ping
2026-07-13 06:25:12  DEBUG     Sending ping
2026-07-13 06:25:42  DEBUG     Sending ping
2026-07-13 06:26:12  DEBUG     Sending ping
2026-07-13 06:26:42  DEBUG     Sending ping
2026-07-13 06:27:12  DEBUG     Sending ping
2026-07-13 06:27:42  DEBUG     Sending ping
2026-07-13 06:28:12  DEBUG     Sending ping
2026-07-13 06:28:42  DEBUG     Sending ping
2026-07-13 06:29:12  DEBUG     Sending ping
2026-07-13 06:29:42  DEBUG     Sending ping
2026-07-13 06:30:00  DEBUG     CANDLE  HCLTECH       O=1197.00  H=1216.60  L=1196.80  C=1215.50
2026-07-13 06:30:00  DEBUG     CANDLE  LODHA         O=1191.40  H=1192.45  L=1188.40  C=1190.70
2026-07-13 06:30:00  DEBUG     CANDLE  DRREDDY       O=1232.30  H=1232.80  L=1230.50  C=1231.20
2026-07-13 06:30:01  DEBUG     CANDLE  DLF           O=681.35  H=681.80  L=673.60  C=674.15
2026-07-13 06:30:01  DEBUG     CANDLE  UNIONBANK     O=166.74  H=166.84  L=166.25  C=166.46
2026-07-13 06:30:12  DEBUG     Sending ping
2026-07-13 06:30:42  DEBUG     Sending ping
2026-07-13 06:31:12  DEBUG     Sending ping
2026-07-13 06:31:42  DEBUG     Sending ping
2026-07-13 06:32:12  DEBUG     Sending ping
2026-07-13 06:32:42  DEBUG     Sending ping
2026-07-13 06:33:12  DEBUG     Sending ping
2026-07-13 06:33:42  DEBUG     Sending ping
2026-07-13 06:34:12  DEBUG     Sending ping
2026-07-13 06:34:42  DEBUG     Sending ping
2026-07-13 06:35:12  DEBUG     Sending ping
2026-07-13 06:35:42  DEBUG     Sending ping
2026-07-13 06:36:12  DEBUG     Sending ping
2026-07-13 06:36:42  DEBUG     Sending ping
2026-07-13 06:37:12  DEBUG     Sending ping
2026-07-13 06:37:42  DEBUG     Sending ping
2026-07-13 06:38:12  DEBUG     Sending ping
2026-07-13 06:38:42  DEBUG     Sending ping
2026-07-13 06:39:12  DEBUG     Sending ping
2026-07-13 06:39:42  DEBUG     Sending ping
2026-07-13 06:40:12  DEBUG     Sending ping
2026-07-13 06:40:42  DEBUG     Sending ping
2026-07-13 06:41:12  DEBUG     Sending ping
2026-07-13 06:41:42  DEBUG     Sending ping
2026-07-13 06:42:12  DEBUG     Sending ping
2026-07-13 06:42:42  DEBUG     Sending ping
2026-07-13 06:43:12  DEBUG     Sending ping
2026-07-13 06:43:42  DEBUG     Sending ping
2026-07-13 06:44:12  DEBUG     Sending ping
2026-07-13 06:44:42  DEBUG     Sending ping
2026-07-13 06:45:00  DEBUG     CANDLE  HCLTECH       O=1215.00  H=1220.80  L=1212.50  C=1219.50
2026-07-13 06:45:00  DEBUG     CANDLE  LODHA         O=1191.00  H=1195.00  L=1183.15  C=1195.00
2026-07-13 06:45:01  DEBUG     CANDLE  UNIONBANK     O=166.41  H=167.00  L=166.40  C=166.81
2026-07-13 06:45:03  DEBUG     CANDLE  DRREDDY       O=1230.50  H=1234.20  L=1230.00  C=1233.10
2026-07-13 06:45:04  DEBUG     CANDLE  DLF           O=674.40  H=677.55  L=673.75  C=677.10
2026-07-13 06:45:12  DEBUG     Sending ping
2026-07-13 06:45:42  DEBUG     Sending ping
2026-07-13 06:46:12  DEBUG     Sending ping
2026-07-13 06:46:42  DEBUG     Sending ping
2026-07-13 06:47:12  DEBUG     Sending ping
2026-07-13 06:47:42  DEBUG     Sending ping
2026-07-13 06:48:12  DEBUG     Sending ping
2026-07-13 06:48:42  DEBUG     Sending ping
2026-07-13 06:49:12  DEBUG     Sending ping
2026-07-13 06:49:42  DEBUG     Sending ping
2026-07-13 06:50:12  DEBUG     Sending ping
2026-07-13 06:50:42  DEBUG     Sending ping
2026-07-13 06:51:12  DEBUG     Sending ping
2026-07-13 06:51:42  DEBUG     Sending ping
2026-07-13 06:52:12  DEBUG     Sending ping
2026-07-13 06:52:42  DEBUG     Sending ping
2026-07-13 06:53:12  DEBUG     Sending ping
2026-07-13 06:53:42  DEBUG     Sending ping
2026-07-13 06:54:12  DEBUG     Sending ping
2026-07-13 06:54:42  DEBUG     Sending ping
2026-07-13 06:55:12  DEBUG     Sending ping
2026-07-13 06:55:42  DEBUG     Sending ping
2026-07-13 06:56:12  DEBUG     Sending ping
2026-07-13 06:56:42  DEBUG     Sending ping
2026-07-13 06:57:12  DEBUG     Sending ping
2026-07-13 06:57:42  DEBUG     Sending ping
2026-07-13 06:58:12  DEBUG     Sending ping
2026-07-13 06:58:42  DEBUG     Sending ping
2026-07-13 06:59:12  DEBUG     Sending ping
2026-07-13 06:59:42  DEBUG     Sending ping
2026-07-13 07:00:00  DEBUG     CANDLE  UNIONBANK     O=166.84  H=167.00  L=166.55  C=166.94
2026-07-13 07:00:01  DEBUG     CANDLE  LODHA         O=1194.90  H=1196.80  L=1193.20  C=1193.55
2026-07-13 07:00:07  DEBUG     CANDLE  DRREDDY       O=1233.40  H=1233.60  L=1231.10  C=1232.40
2026-07-13 07:00:07  DEBUG     CANDLE  HCLTECH       O=1219.90  H=1226.00  L=1217.70  C=1221.80
2026-07-13 07:00:08  DEBUG     CANDLE  DLF           O=677.45  H=678.85  L=675.30  C=675.60
2026-07-13 07:00:12  DEBUG     Sending ping
2026-07-13 07:00:42  DEBUG     Sending ping
2026-07-13 07:01:12  DEBUG     Sending ping
2026-07-13 07:01:42  DEBUG     Sending ping
2026-07-13 07:02:12  DEBUG     Sending ping
2026-07-13 07:02:42  DEBUG     Sending ping
2026-07-13 07:03:12  DEBUG     Sending ping
2026-07-13 07:03:42  DEBUG     Sending ping
2026-07-13 07:04:12  DEBUG     Sending ping
2026-07-13 07:04:42  DEBUG     Sending ping
2026-07-13 07:05:12  DEBUG     Sending ping
2026-07-13 07:05:42  DEBUG     Sending ping
2026-07-13 07:06:12  DEBUG     Sending ping
2026-07-13 07:06:42  DEBUG     Sending ping
2026-07-13 07:07:12  DEBUG     Sending ping
2026-07-13 07:07:42  DEBUG     Sending ping
2026-07-13 07:08:12  DEBUG     Sending ping
2026-07-13 07:08:42  DEBUG     Sending ping
2026-07-13 07:09:12  DEBUG     Sending ping
2026-07-13 07:09:42  DEBUG     Sending ping
2026-07-13 07:10:12  DEBUG     Sending ping
2026-07-13 07:10:42  DEBUG     Sending ping
2026-07-13 07:11:12  DEBUG     Sending ping
2026-07-13 07:11:42  DEBUG     Sending ping
2026-07-13 07:12:12  DEBUG     Sending ping
2026-07-13 07:12:42  DEBUG     Sending ping
2026-07-13 07:13:12  DEBUG     Sending ping
2026-07-13 07:13:42  DEBUG     Sending ping
2026-07-13 07:14:12  DEBUG     Sending ping
2026-07-13 07:14:42  DEBUG     Sending ping
2026-07-13 07:15:00  DEBUG     CANDLE  DLF           O=675.75  H=680.00  L=675.40  C=679.70
2026-07-13 07:15:01  DEBUG     CANDLE  HCLTECH       O=1221.30  H=1233.20  L=1221.00  C=1232.50
2026-07-13 07:15:02  DEBUG     CANDLE  LODHA         O=1194.05  H=1196.40  L=1192.95  C=1195.50
2026-07-13 07:15:02  DEBUG     CANDLE  DRREDDY       O=1232.50  H=1233.20  L=1230.20  C=1231.00
2026-07-13 07:15:04  DEBUG     CANDLE  UNIONBANK     O=166.95  H=166.95  L=166.06  C=166.26
2026-07-13 07:15:12  DEBUG     Sending ping
2026-07-13 07:15:42  DEBUG     Sending ping
2026-07-13 07:16:12  DEBUG     Sending ping
2026-07-13 07:16:42  DEBUG     Sending ping
2026-07-13 07:17:12  DEBUG     Sending ping
2026-07-13 07:17:42  DEBUG     Sending ping
2026-07-13 07:18:12  DEBUG     Sending ping
2026-07-13 07:18:42  DEBUG     Sending ping
2026-07-13 07:19:12  DEBUG     Sending ping
2026-07-13 07:19:42  DEBUG     Sending ping
2026-07-13 07:20:12  DEBUG     Sending ping
2026-07-13 07:20:42  DEBUG     Sending ping
2026-07-13 07:21:12  DEBUG     Sending ping
2026-07-13 07:21:42  DEBUG     Sending ping
2026-07-13 07:22:12  DEBUG     Sending ping
2026-07-13 07:22:42  DEBUG     Sending ping
2026-07-13 07:23:12  DEBUG     Sending ping
2026-07-13 07:23:42  DEBUG     Sending ping
2026-07-13 07:24:12  DEBUG     Sending ping
2026-07-13 07:24:42  DEBUG     Sending ping
2026-07-13 07:25:12  DEBUG     Sending ping
2026-07-13 07:25:42  DEBUG     Sending ping
2026-07-13 07:26:12  DEBUG     Sending ping
2026-07-13 07:26:42  DEBUG     Sending ping
2026-07-13 07:27:12  DEBUG     Sending ping
2026-07-13 07:27:42  DEBUG     Sending ping
2026-07-13 07:28:12  DEBUG     Sending ping
2026-07-13 07:28:42  DEBUG     Sending ping
2026-07-13 07:29:12  DEBUG     Sending ping
2026-07-13 07:29:42  DEBUG     Sending ping
2026-07-13 07:30:00  DEBUG     CANDLE  HCLTECH       O=1232.40  H=1237.00  L=1230.60  C=1234.00
2026-07-13 07:30:00  DEBUG     CANDLE  LODHA         O=1196.00  H=1199.35  L=1192.70  C=1193.50
2026-07-13 07:30:01  DEBUG     CANDLE  UNIONBANK     O=166.30  H=166.91  L=166.26  C=166.34
2026-07-13 07:30:02  DEBUG     CANDLE  DLF           O=679.50  H=681.00  L=679.25  C=680.25
2026-07-13 07:30:03  DEBUG     CANDLE  DRREDDY       O=1230.40  H=1232.00  L=1227.80  C=1228.00
2026-07-13 07:30:12  DEBUG     Sending ping
2026-07-13 07:30:42  DEBUG     Sending ping
2026-07-13 07:31:12  DEBUG     Sending ping
2026-07-13 07:31:42  DEBUG     Sending ping
2026-07-13 07:32:12  DEBUG     Sending ping
2026-07-13 07:32:42  DEBUG     Sending ping
2026-07-13 07:33:12  DEBUG     Sending ping
2026-07-13 07:33:42  DEBUG     Sending ping
2026-07-13 07:34:12  DEBUG     Sending ping
2026-07-13 07:34:42  DEBUG     Sending ping
2026-07-13 07:35:12  DEBUG     Sending ping
2026-07-13 07:35:42  DEBUG     Sending ping
2026-07-13 07:36:12  DEBUG     Sending ping
2026-07-13 07:36:42  DEBUG     Sending ping
2026-07-13 07:37:12  DEBUG     Sending ping
2026-07-13 07:37:42  DEBUG     Sending ping
2026-07-13 07:38:12  DEBUG     Sending ping
2026-07-13 07:38:42  DEBUG     Sending ping
2026-07-13 07:39:12  DEBUG     Sending ping
2026-07-13 07:39:42  DEBUG     Sending ping
2026-07-13 07:40:12  DEBUG     Sending ping
2026-07-13 07:40:42  DEBUG     Sending ping
2026-07-13 07:41:12  DEBUG     Sending ping
2026-07-13 07:41:42  DEBUG     Sending ping
2026-07-13 07:42:12  DEBUG     Sending ping
2026-07-13 07:42:42  DEBUG     Sending ping
2026-07-13 07:43:12  DEBUG     Sending ping
2026-07-13 07:43:42  DEBUG     Sending ping
2026-07-13 07:44:12  DEBUG     Sending ping
2026-07-13 07:44:42  DEBUG     Sending ping
2026-07-13 07:45:00  DEBUG     CANDLE  HCLTECH       O=1233.90  H=1234.40  L=1230.90  C=1232.10
2026-07-13 07:45:01  DEBUG     CANDLE  LODHA         O=1193.30  H=1194.65  L=1190.95  C=1193.30
2026-07-13 07:45:02  DEBUG     CANDLE  UNIONBANK     O=166.39  H=167.24  L=166.22  C=166.90
2026-07-13 07:45:02  DEBUG     CANDLE  DLF           O=680.30  H=681.30  L=679.65  C=679.80
2026-07-13 07:45:03  DEBUG     CANDLE  DRREDDY       O=1227.90  H=1228.00  L=1226.30  C=1227.50
2026-07-13 07:45:12  DEBUG     Sending ping
2026-07-13 07:45:42  DEBUG     Sending ping
2026-07-13 07:46:12  DEBUG     Sending ping
2026-07-13 07:46:42  DEBUG     Sending ping
2026-07-13 07:47:12  DEBUG     Sending ping
2026-07-13 07:47:42  DEBUG     Sending ping
2026-07-13 07:48:12  DEBUG     Sending ping
2026-07-13 07:48:42  DEBUG     Sending ping
2026-07-13 07:49:12  DEBUG     Sending ping
2026-07-13 07:49:42  DEBUG     Sending ping
2026-07-13 07:50:12  DEBUG     Sending ping
2026-07-13 07:50:42  DEBUG     Sending ping
2026-07-13 07:51:12  DEBUG     Sending ping
2026-07-13 07:51:42  DEBUG     Sending ping
2026-07-13 07:52:12  DEBUG     Sending ping
2026-07-13 07:52:42  DEBUG     Sending ping
2026-07-13 07:53:12  DEBUG     Sending ping
2026-07-13 07:53:42  DEBUG     Sending ping
2026-07-13 07:54:12  DEBUG     Sending ping
2026-07-13 07:54:42  DEBUG     Sending ping
2026-07-13 07:55:12  DEBUG     Sending ping
2026-07-13 07:55:42  DEBUG     Sending ping
2026-07-13 07:56:12  DEBUG     Sending ping
2026-07-13 07:56:42  DEBUG     Sending ping
2026-07-13 07:57:12  DEBUG     Sending ping
2026-07-13 07:57:42  DEBUG     Sending ping
2026-07-13 07:58:12  DEBUG     Sending ping
2026-07-13 07:58:42  DEBUG     Sending ping
2026-07-13 07:59:12  DEBUG     Sending ping
2026-07-13 07:59:42  DEBUG     Sending ping
2026-07-13 08:00:00  DEBUG     CANDLE  HCLTECH       O=1232.30  H=1232.30  L=1217.00  C=1218.00
2026-07-13 08:00:00  DEBUG     CANDLE  DLF           O=680.00  H=681.40  L=678.20  C=678.85
2026-07-13 08:00:01  DEBUG     CANDLE  LODHA         O=1192.50  H=1193.85  L=1188.80  C=1189.25
2026-07-13 08:00:03  DEBUG     CANDLE  DRREDDY       O=1227.10  H=1229.90  L=1226.70  C=1228.90
2026-07-13 08:00:05  DEBUG     CANDLE  UNIONBANK     O=166.88  H=168.38  L=166.43  C=167.13
2026-07-13 08:00:12  DEBUG     Sending ping
2026-07-13 08:00:42  DEBUG     Sending ping
2026-07-13 08:01:12  DEBUG     Sending ping
2026-07-13 08:01:42  DEBUG     Sending ping
2026-07-13 08:02:12  DEBUG     Sending ping
2026-07-13 08:02:42  DEBUG     Sending ping
2026-07-13 08:03:12  DEBUG     Sending ping
2026-07-13 08:03:42  DEBUG     Sending ping
2026-07-13 08:04:12  DEBUG     Sending ping
2026-07-13 08:04:42  DEBUG     Sending ping
2026-07-13 08:05:12  DEBUG     Sending ping
2026-07-13 08:05:42  DEBUG     Sending ping
2026-07-13 08:06:12  DEBUG     Sending ping
2026-07-13 08:06:42  DEBUG     Sending ping
2026-07-13 08:07:12  DEBUG     Sending ping
2026-07-13 08:07:42  DEBUG     Sending ping
2026-07-13 08:08:12  DEBUG     Sending ping
2026-07-13 08:08:42  DEBUG     Sending ping
2026-07-13 08:09:12  DEBUG     Sending ping
2026-07-13 08:09:42  DEBUG     Sending ping
2026-07-13 08:10:12  DEBUG     Sending ping
2026-07-13 08:10:42  DEBUG     Sending ping
2026-07-13 08:11:12  DEBUG     Sending ping
2026-07-13 08:11:42  DEBUG     Sending ping
2026-07-13 08:12:12  DEBUG     Sending ping
2026-07-13 08:12:42  DEBUG     Sending ping
2026-07-13 08:13:12  DEBUG     Sending ping
2026-07-13 08:13:42  DEBUG     Sending ping
2026-07-13 08:14:12  DEBUG     Sending ping
2026-07-13 08:14:42  DEBUG     Sending ping
2026-07-13 08:15:00  DEBUG     CANDLE  DLF           O=678.70  H=681.15  L=678.70  C=679.00
2026-07-13 08:15:00  DEBUG     CANDLE  HCLTECH       O=1217.60  H=1223.40  L=1217.60  C=1220.60
2026-07-13 08:15:00  DEBUG     CANDLE  DRREDDY       O=1228.40  H=1230.90  L=1228.00  C=1230.00
2026-07-13 08:15:02  DEBUG     CANDLE  UNIONBANK     O=167.14  H=167.93  L=167.11  C=167.70
2026-07-13 08:15:12  DEBUG     Sending ping
2026-07-13 08:15:14  DEBUG     CANDLE  LODHA         O=1190.45  H=1193.55  L=1189.40  C=1191.70
2026-07-13 08:15:42  DEBUG     Sending ping
2026-07-13 08:16:12  DEBUG     Sending ping
2026-07-13 08:16:42  DEBUG     Sending ping
2026-07-13 08:17:12  DEBUG     Sending ping
2026-07-13 08:17:42  DEBUG     Sending ping
2026-07-13 08:18:12  DEBUG     Sending ping
2026-07-13 08:18:42  DEBUG     Sending ping
2026-07-13 08:19:12  DEBUG     Sending ping
2026-07-13 08:19:42  DEBUG     Sending ping
2026-07-13 08:20:12  DEBUG     Sending ping
2026-07-13 08:20:42  DEBUG     Sending ping
2026-07-13 08:21:12  DEBUG     Sending ping
2026-07-13 08:21:42  DEBUG     Sending ping
2026-07-13 08:22:12  DEBUG     Sending ping
2026-07-13 08:22:42  DEBUG     Sending ping
2026-07-13 08:23:12  DEBUG     Sending ping
2026-07-13 08:23:42  DEBUG     Sending ping
2026-07-13 08:24:12  DEBUG     Sending ping
2026-07-13 08:24:42  DEBUG     Sending ping
2026-07-13 08:25:12  DEBUG     Sending ping
2026-07-13 08:25:42  DEBUG     Sending ping
2026-07-13 08:26:12  DEBUG     Sending ping
2026-07-13 08:26:42  DEBUG     Sending ping
2026-07-13 08:27:12  DEBUG     Sending ping
2026-07-13 08:27:42  DEBUG     Sending ping
2026-07-13 08:28:12  DEBUG     Sending ping
2026-07-13 08:28:42  DEBUG     Sending ping
2026-07-13 08:29:12  DEBUG     Sending ping
2026-07-13 08:29:42  DEBUG     Sending ping
2026-07-13 08:30:00  DEBUG     CANDLE  HCLTECH       O=1221.00  H=1222.90  L=1219.40  C=1220.90
2026-07-13 08:30:00  DEBUG     CANDLE  LODHA         O=1192.25  H=1197.50  L=1191.45  C=1197.00
2026-07-13 08:30:01  DEBUG     CANDLE  UNIONBANK     O=167.74  H=169.30  L=167.70  C=169.16
2026-07-13 08:30:01  DEBUG     Starting new HTTPS connection (1): piconnect.flattrade.in:443
2026-07-13 08:30:01  DEBUG     https://piconnect.flattrade.in:443 "POST /PiConnectAPI/Limits HTTP/1.1" 200 None
2026-07-13 08:30:01  INFO      ORDER  UNIONBANK     BUY    MIS   qty=15      price=Rs169.17   reason=flip UP | atr=1.09 st=166.87 sl=167.53
2026-07-13 08:30:01  DEBUG     Starting new HTTPS connection (1): piconnect.flattrade.in:443
2026-07-13 08:30:01  DEBUG     https://piconnect.flattrade.in:443 "POST /PiConnectAPI/PlaceOrder HTTP/1.1" 200 None
2026-07-13 08:30:01  INFO      ACCEPTED  UNIONBANK  norenordno=26071300296281
2026-07-13 08:30:01  INFO      CAPITAL  committed=Rs634.39  (added Rs634.39 for MIS UNIONBANK)
2026-07-13 08:30:01  INFO      ENTRY #3    UNIONBANK     LONG   Rs169.17  qty=15  [flip UP | atr=1.09 st=166.87 sl=167.53]
2026-07-13 08:30:01  DEBUG     CANDLE  DLF           O=678.90  H=679.20  L=678.45  C=678.70
2026-07-13 08:30:01  INFO      ORDER UPDATE  NewAck    UNIONBANK-EQ  norenordno=26071300296281
2026-07-13 08:30:01  INFO      ORDER UPDATE  New       UNIONBANK-EQ  norenordno=26071300296281
2026-07-13 08:30:01  INFO      FILL CONFIRMED  UNIONBANK     BUY  actual=Rs169.1600  est=Rs169.1700  slippage=Rs-0.0100
2026-07-13 08:30:03  DEBUG     CANDLE  DRREDDY       O=1230.40  H=1232.20  L=1229.80  C=1230.90
2026-07-13 08:30:12  DEBUG     Sending ping
2026-07-13 08:30:42  DEBUG     Sending ping
2026-07-13 08:31:12  DEBUG     Sending ping
2026-07-13 08:31:42  DEBUG     Sending ping
2026-07-13 08:32:12  DEBUG     Sending ping
2026-07-13 08:32:42  DEBUG     Sending ping
2026-07-13 08:33:12  DEBUG     Sending ping
2026-07-13 08:33:42  DEBUG     Sending ping
2026-07-13 08:34:12  DEBUG     Sending ping
2026-07-13 08:34:42  DEBUG     Sending ping
2026-07-13 08:35:12  DEBUG     Sending ping
2026-07-13 08:35:42  DEBUG     Sending ping
2026-07-13 08:36:12  DEBUG     Sending ping
2026-07-13 08:36:42  DEBUG     Sending ping
2026-07-13 08:37:12  DEBUG     Sending ping
2026-07-13 08:37:42  DEBUG     Sending ping
2026-07-13 08:38:12  DEBUG     Sending ping
2026-07-13 08:38:42  DEBUG     Sending ping
2026-07-13 08:39:12  DEBUG     Sending ping
2026-07-13 08:39:42  DEBUG     Sending ping
2026-07-13 08:40:12  DEBUG     Sending ping
2026-07-13 08:40:42  DEBUG     Sending ping
2026-07-13 08:41:12  DEBUG     Sending ping
2026-07-13 08:41:42  DEBUG     Sending ping
2026-07-13 08:42:12  DEBUG     Sending ping
2026-07-13 08:42:42  DEBUG     Sending ping
2026-07-13 08:43:12  DEBUG     Sending ping
2026-07-13 08:43:42  DEBUG     Sending ping
2026-07-13 08:44:12  DEBUG     Sending ping
2026-07-13 08:44:42  DEBUG     Sending ping
2026-07-13 08:45:00  DEBUG     CANDLE  HCLTECH       O=1220.40  H=1223.00  L=1219.80  C=1221.50
2026-07-13 08:45:02  DEBUG     CANDLE  LODHA         O=1196.80  H=1199.90  L=1195.05  C=1197.70
2026-07-13 08:45:02  DEBUG     CANDLE  DRREDDY       O=1230.80  H=1232.90  L=1230.70  C=1232.60
2026-07-13 08:45:05  DEBUG     CANDLE  UNIONBANK     O=169.15  H=169.72  L=168.85  C=169.39
2026-07-13 08:45:12  DEBUG     Sending ping
2026-07-13 08:45:15  DEBUG     CANDLE  DLF           O=678.50  H=679.25  L=678.35  C=678.75
2026-07-13 08:45:42  DEBUG     Sending ping
2026-07-13 08:46:12  DEBUG     Sending ping
2026-07-13 08:46:42  DEBUG     Sending ping
2026-07-13 08:47:12  DEBUG     Sending ping
2026-07-13 08:47:42  DEBUG     Sending ping
2026-07-13 08:48:12  DEBUG     Sending ping
2026-07-13 08:48:42  DEBUG     Sending ping
2026-07-13 08:49:12  DEBUG     Sending ping
2026-07-13 08:49:42  DEBUG     Sending ping
2026-07-13 08:50:12  DEBUG     Sending ping
2026-07-13 08:50:42  DEBUG     Sending ping
2026-07-13 08:51:12  DEBUG     Sending ping
2026-07-13 08:51:42  DEBUG     Sending ping
2026-07-13 08:52:12  DEBUG     Sending ping
2026-07-13 08:52:42  DEBUG     Sending ping
2026-07-13 08:53:12  DEBUG     Sending ping
2026-07-13 08:53:42  DEBUG     Sending ping
2026-07-13 08:54:12  DEBUG     Sending ping
2026-07-13 08:54:42  DEBUG     Sending ping
2026-07-13 08:55:12  DEBUG     Sending ping
2026-07-13 08:55:42  DEBUG     Sending ping
2026-07-13 08:56:12  DEBUG     Sending ping
2026-07-13 08:56:42  DEBUG     Sending ping
2026-07-13 08:57:12  DEBUG     Sending ping
2026-07-13 08:57:42  DEBUG     Sending ping
2026-07-13 08:58:12  DEBUG     Sending ping
2026-07-13 08:58:42  DEBUG     Sending ping
2026-07-13 08:59:12  DEBUG     Sending ping
2026-07-13 08:59:42  DEBUG     Sending ping
2026-07-13 09:00:00  DEBUG     CANDLE  DLF           O=678.70  H=681.45  L=678.25  C=680.15
2026-07-13 09:00:01  DEBUG     CANDLE  HCLTECH       O=1221.60  H=1223.60  L=1220.00  C=1221.70
2026-07-13 09:00:01  DEBUG     CANDLE  UNIONBANK     O=169.40  H=170.57  L=169.25  C=170.05
2026-07-13 09:00:04  DEBUG     CANDLE  LODHA         O=1197.60  H=1199.50  L=1195.65  C=1197.75
2026-07-13 09:00:04  DEBUG     CANDLE  DRREDDY       O=1232.10  H=1233.40  L=1231.50  C=1232.60
2026-07-13 09:00:12  DEBUG     Sending ping
2026-07-13 09:00:42  DEBUG     Sending ping
2026-07-13 09:01:12  DEBUG     Sending ping
2026-07-13 09:01:42  DEBUG     Sending ping
2026-07-13 09:02:12  DEBUG     Sending ping
2026-07-13 09:02:42  DEBUG     Sending ping
2026-07-13 09:03:12  DEBUG     Sending ping
2026-07-13 09:03:42  DEBUG     Sending ping
2026-07-13 09:04:12  DEBUG     Sending ping
2026-07-13 09:04:42  DEBUG     Sending ping
2026-07-13 09:05:12  DEBUG     Sending ping
2026-07-13 09:05:42  DEBUG     Sending ping
2026-07-13 09:06:12  DEBUG     Sending ping
2026-07-13 09:06:42  DEBUG     Sending ping
2026-07-13 09:07:12  DEBUG     Sending ping
2026-07-13 09:07:42  DEBUG     Sending ping
2026-07-13 09:08:12  DEBUG     Sending ping
2026-07-13 09:08:42  DEBUG     Sending ping
2026-07-13 09:09:12  DEBUG     Sending ping
2026-07-13 09:09:42  DEBUG     Sending ping
2026-07-13 09:10:12  DEBUG     Sending ping
2026-07-13 09:10:42  DEBUG     Sending ping
2026-07-13 09:11:12  DEBUG     Sending ping
2026-07-13 09:11:42  DEBUG     Sending ping
2026-07-13 09:12:12  DEBUG     Sending ping
2026-07-13 09:12:42  DEBUG     Sending ping
2026-07-13 09:13:12  DEBUG     Sending ping
2026-07-13 09:13:42  DEBUG     Sending ping
2026-07-13 09:14:12  DEBUG     Sending ping
2026-07-13 09:14:42  DEBUG     Sending ping
2026-07-13 09:15:00  DEBUG     CANDLE  HCLTECH       O=1221.50  H=1226.70  L=1221.20  C=1226.40
2026-07-13 09:15:01  DEBUG     CANDLE  UNIONBANK     O=170.03  H=170.31  L=169.43  C=169.93
2026-07-13 09:15:01  DEBUG     CANDLE  DLF           O=680.40  H=683.80  L=679.90  C=681.10
2026-07-13 09:15:04  DEBUG     CANDLE  DRREDDY       O=1232.10  H=1233.10  L=1232.00  C=1232.90
2026-07-13 09:15:11  DEBUG     CANDLE  LODHA         O=1198.00  H=1199.00  L=1196.15  C=1198.05
2026-07-13 09:15:12  DEBUG     Sending ping
2026-07-13 09:15:42  DEBUG     Sending ping
2026-07-13 09:16:12  DEBUG     Sending ping
2026-07-13 09:16:42  DEBUG     Sending ping
2026-07-13 09:17:12  DEBUG     Sending ping
2026-07-13 09:17:42  DEBUG     Sending ping
2026-07-13 09:18:12  DEBUG     Sending ping
2026-07-13 09:18:42  DEBUG     Sending ping
2026-07-13 09:19:12  DEBUG     Sending ping
2026-07-13 09:19:42  DEBUG     Sending ping
2026-07-13 09:20:12  DEBUG     Sending ping
2026-07-13 09:20:42  DEBUG     Sending ping
2026-07-13 09:21:12  DEBUG     Sending ping
2026-07-13 09:21:42  DEBUG     Sending ping
2026-07-13 09:22:12  DEBUG     Sending ping
2026-07-13 09:22:42  DEBUG     Sending ping
2026-07-13 09:23:12  DEBUG     Sending ping
2026-07-13 09:23:42  DEBUG     Sending ping
2026-07-13 09:24:12  DEBUG     Sending ping
2026-07-13 09:24:42  DEBUG     Sending ping
2026-07-13 09:25:12  DEBUG     Sending ping
2026-07-13 09:25:42  DEBUG     Sending ping
2026-07-13 09:26:12  DEBUG     Sending ping
2026-07-13 09:26:42  DEBUG     Sending ping
2026-07-13 09:27:12  DEBUG     Sending ping
2026-07-13 09:27:42  DEBUG     Sending ping
2026-07-13 09:28:12  DEBUG     Sending ping
2026-07-13 09:28:43  DEBUG     Sending ping
2026-07-13 09:29:13  DEBUG     Sending ping
2026-07-13 09:29:43  DEBUG     Sending ping
2026-07-13 09:30:07  DEBUG     Starting new HTTPS connection (1): piconnect.flattrade.in:443
2026-07-13 09:30:07  DEBUG     https://piconnect.flattrade.in:443 "POST /PiConnectAPI/PositionBook HTTP/1.1" 200 None
2026-07-13 09:30:07  INFO      ORDER  UNIONBANK     SELL   MIS   qty=15      price=Rs170.26   reason=EOD
2026-07-13 09:30:07  DEBUG     Starting new HTTPS connection (1): piconnect.flattrade.in:443
2026-07-13 09:30:07  DEBUG     https://piconnect.flattrade.in:443 "POST /PiConnectAPI/PlaceOrder HTTP/1.1" 200 None
2026-07-13 09:30:07  INFO      ACCEPTED  UNIONBANK  norenordno=26071300355760
2026-07-13 09:30:07  INFO      CAPITAL  committed=Rs0.00  (released Rs638.47 for MIS UNIONBANK)
2026-07-13 09:30:07  INFO      EOD EXIT  UNIONBANK     net=Rs+15.59 (gross=Rs+16.50 cost=Rs0.91)  total=Rs+15.59
2026-07-13 09:30:07  INFO      ────────────────────────────────────────────────────────────
2026-07-13 09:30:07  INFO      EOD SUMMARY  date=2026-07-13  trades=3  total_pnl=Rs15.59
2026-07-13 09:30:07  INFO      All positions flat at EOD
2026-07-13 09:30:07  INFO      Ticks  -> data/2026-07-13/ticks.jsonl
2026-07-13 09:30:07  INFO      Trades -> logs/trades_2026-07-13.csv
2026-07-13 09:30:07  INFO      ────────────────────────────────────────────────────────────
2026-07-13 09:30:07  INFO      ORDER UPDATE  NewAck    UNIONBANK-EQ  norenordno=26071300355760
2026-07-13 09:30:07  INFO      ORDER UPDATE  New       UNIONBANK-EQ  norenordno=26071300355760
2026-07-13 09:30:07  WARNING   ORDER CANCELED  UNIONBANK-EQ  norenordno=26071300355760  reason=16388: cancelled by Exchange
2026-07-13 09:30:13  DEBUG     Sending ping
2026-07-13 09:30:43  DEBUG     Sending ping
2026-07-13 09:31:13  DEBUG     Sending ping
2026-07-13 09:31:43  DEBUG     Sending ping
2026-07-13 09:32:13  DEBUG     Sending ping
2026-07-13 09:32:43  DEBUG     Sending ping
2026-07-13 09:33:13  DEBUG     Sending ping
2026-07-13 09:33:43  DEBUG     Sending ping
2026-07-13 09:34:13  DEBUG     Sending ping
2026-07-13 09:34:43  DEBUG     Sending ping
2026-07-13 09:35:01  INFO      SIGINT received — saving state and shutting down
2026-07-13 09:35:01  INFO      ────────────────────────────────────────────────────────────
2026-07-13 09:35:01  INFO      EOD SUMMARY  date=2026-07-13  trades=3  total_pnl=Rs15.59
2026-07-13 09:35:01  INFO      All positions flat at EOD
2026-07-13 09:35:01  INFO      Ticks  -> data/2026-07-13/ticks.jsonl
2026-07-13 09:35:01  INFO      Trades -> logs/trades_2026-07-13.csv
2026-07-13 09:35:01  INFO      ────────────────────────────────────────────────────────────
[Mon Jul 13 09:35:01 UTC 2026] STOP flag set + SIGINT sent — runner stopping, watchdog will not restart
2026-07-13 09:35:01  WARNING   WS DISCONNECTED  code=None  reason=None  trades=3  pnl=Rs+15.59
[Mon Jul 13 09:35:01 UTC 2026] Runner exited, restarting in 10s...
[Mon Jul 13 09:35:11 UTC 2026] STOP flag detected — watchdog exiting, no restart
