[Mon Jul  6 03:15:12 UTC 2026] Watchdog started
[Mon Jul  6 03:15:12 UTC 2026] Starting runner...
2026-07-06 03:15:12  INFO      ============================================================
2026-07-06 03:15:12  INFO      STARTUP  date=2026-07-06  pid=133758
2026-07-06 03:15:12  INFO      Strategy: Supertrend atr=14 mult=1.5 | 15-min | LIVE mode
2026-07-06 03:15:12  INFO      Resolving NSE tokens...
2026-07-06 03:15:12  DEBUG     Starting new HTTPS connection (1): piconnect.flattrade.in:443
2026-07-06 03:15:13  DEBUG     https://piconnect.flattrade.in:443 "POST /PiConnectAPI/SearchScrip HTTP/1.1" 200 None
2026-07-06 03:15:13  INFO      Resolved  HFCL             token=21951
2026-07-06 03:15:13  DEBUG     Starting new HTTPS connection (1): piconnect.flattrade.in:443
2026-07-06 03:15:13  DEBUG     https://piconnect.flattrade.in:443 "POST /PiConnectAPI/SearchScrip HTTP/1.1" 200 None
2026-07-06 03:15:13  INFO      Resolved  BANKBARODA       token=4668
2026-07-06 03:15:13  DEBUG     Starting new HTTPS connection (1): piconnect.flattrade.in:443
2026-07-06 03:15:14  DEBUG     https://piconnect.flattrade.in:443 "POST /PiConnectAPI/SearchScrip HTTP/1.1" 200 None
2026-07-06 03:15:14  INFO      Resolved  NMDC             token=15332
2026-07-06 03:15:14  DEBUG     Starting new HTTPS connection (1): piconnect.flattrade.in:443
2026-07-06 03:15:14  DEBUG     https://piconnect.flattrade.in:443 "POST /PiConnectAPI/SearchScrip HTTP/1.1" 200 None
2026-07-06 03:15:14  INFO      Resolved  CESC             token=628
2026-07-06 03:15:14  DEBUG     Starting new HTTPS connection (1): piconnect.flattrade.in:443
2026-07-06 03:15:14  DEBUG     https://piconnect.flattrade.in:443 "POST /PiConnectAPI/SearchScrip HTTP/1.1" 200 None
2026-07-06 03:15:14  INFO      Resolved  ZEEL             token=3812
2026-07-06 03:15:14  DEBUG     Starting new HTTPS connection (1): piconnect.flattrade.in:443
2026-07-06 03:15:15  DEBUG     https://piconnect.flattrade.in:443 "POST /PiConnectAPI/SearchScrip HTTP/1.1" 200 None
2026-07-06 03:15:15  INFO      Resolved  BALRAMCHIN       token=341
2026-07-06 03:15:15  DEBUG     Starting new HTTPS connection (1): piconnect.flattrade.in:443
2026-07-06 03:15:15  DEBUG     https://piconnect.flattrade.in:443 "POST /PiConnectAPI/SearchScrip HTTP/1.1" 200 None
2026-07-06 03:15:15  INFO      Resolved  GRANULES         token=11872
2026-07-06 03:15:15  DEBUG     Starting new HTTPS connection (1): piconnect.flattrade.in:443
2026-07-06 03:15:15  DEBUG     https://piconnect.flattrade.in:443 "POST /PiConnectAPI/SearchScrip HTTP/1.1" 200 None
2026-07-06 03:15:15  INFO      Resolved  SUZLON           token=12018
2026-07-06 03:15:15  DEBUG     Starting new HTTPS connection (1): piconnect.flattrade.in:443
2026-07-06 03:15:15  DEBUG     https://piconnect.flattrade.in:443 "POST /PiConnectAPI/PositionBook HTTP/1.1" 200 None
2026-07-06 03:15:15  DEBUG     Starting new HTTPS connection (1): piconnect.flattrade.in:443
2026-07-06 03:15:16  DEBUG     https://piconnect.flattrade.in:443 "POST /PiConnectAPI/Limits HTTP/1.1" 200 None
2026-07-06 03:15:16  INFO      *** LIVE MODE  cash=Rs0  4x=Rs0  K=4  per_trade=Rs1000 ***
2026-07-06 03:15:16  INFO      8 stocks | Rs1000/trade | K=4 | EOD 15:00 IST
2026-07-06 03:15:16  INFO      ============================================================
2026-07-06 03:15:16  INFO      Websocket connected
2026-07-06 03:15:16  INFO      WS CONNECTED  subscribed=8 instruments
2026-07-06 03:15:16  INFO      Ticks -> data/2026-07-06/ticks.jsonl
2026-07-06 03:16:16  DEBUG     Sending ping
2026-07-06 03:16:16  ERROR     WS ERROR  Connection to remote host was lost.
2026-07-06 03:16:16  ERROR     Connection to remote host was lost. - goodbye
2026-07-06 03:16:16  WARNING   WS DISCONNECTED  code=None  reason=None  trades=0  pnl=Rs+0.00
[Mon Jul  6 03:16:16 UTC 2026] Runner exited, restarting in 10s...
[Mon Jul  6 03:16:26 UTC 2026] Starting runner...
2026-07-06 03:16:26  INFO      ============================================================
2026-07-06 03:16:26  INFO      STARTUP  date=2026-07-06  pid=133766
2026-07-06 03:16:26  INFO      Strategy: Supertrend atr=14 mult=1.5 | 15-min | LIVE mode
2026-07-06 03:16:26  INFO      Resolving NSE tokens...
2026-07-06 03:16:26  DEBUG     Starting new HTTPS connection (1): piconnect.flattrade.in:443
2026-07-06 03:16:27  DEBUG     https://piconnect.flattrade.in:443 "POST /PiConnectAPI/SearchScrip HTTP/1.1" 200 None
2026-07-06 03:16:27  INFO      Resolved  HFCL             token=21951
2026-07-06 03:16:27  DEBUG     Starting new HTTPS connection (1): piconnect.flattrade.in:443
2026-07-06 03:16:27  DEBUG     https://piconnect.flattrade.in:443 "POST /PiConnectAPI/SearchScrip HTTP/1.1" 200 None
2026-07-06 03:16:27  INFO      Resolved  BANKBARODA       token=4668
2026-07-06 03:16:27  DEBUG     Starting new HTTPS connection (1): piconnect.flattrade.in:443
2026-07-06 03:16:27  DEBUG     https://piconnect.flattrade.in:443 "POST /PiConnectAPI/SearchScrip HTTP/1.1" 200 None
2026-07-06 03:16:27  INFO      Resolved  NMDC             token=15332
2026-07-06 03:16:27  DEBUG     Starting new HTTPS connection (1): piconnect.flattrade.in:443
2026-07-06 03:16:27  DEBUG     https://piconnect.flattrade.in:443 "POST /PiConnectAPI/SearchScrip HTTP/1.1" 200 None
2026-07-06 03:16:27  INFO      Resolved  CESC             token=628
2026-07-06 03:16:27  DEBUG     Starting new HTTPS connection (1): piconnect.flattrade.in:443
2026-07-06 03:16:27  DEBUG     https://piconnect.flattrade.in:443 "POST /PiConnectAPI/SearchScrip HTTP/1.1" 200 None
2026-07-06 03:16:27  INFO      Resolved  ZEEL             token=3812
2026-07-06 03:16:27  DEBUG     Starting new HTTPS connection (1): piconnect.flattrade.in:443
2026-07-06 03:16:28  DEBUG     https://piconnect.flattrade.in:443 "POST /PiConnectAPI/SearchScrip HTTP/1.1" 200 None
2026-07-06 03:16:28  INFO      Resolved  BALRAMCHIN       token=341
2026-07-06 03:16:28  DEBUG     Starting new HTTPS connection (1): piconnect.flattrade.in:443
2026-07-06 03:16:28  DEBUG     https://piconnect.flattrade.in:443 "POST /PiConnectAPI/SearchScrip HTTP/1.1" 200 None
2026-07-06 03:16:28  INFO      Resolved  GRANULES         token=11872
2026-07-06 03:16:28  DEBUG     Starting new HTTPS connection (1): piconnect.flattrade.in:443
2026-07-06 03:16:28  DEBUG     https://piconnect.flattrade.in:443 "POST /PiConnectAPI/SearchScrip HTTP/1.1" 200 None
2026-07-06 03:16:28  INFO      Resolved  SUZLON           token=12018
2026-07-06 03:16:28  DEBUG     Starting new HTTPS connection (1): piconnect.flattrade.in:443
2026-07-06 03:16:28  DEBUG     https://piconnect.flattrade.in:443 "POST /PiConnectAPI/PositionBook HTTP/1.1" 200 None
2026-07-06 03:16:28  DEBUG     Starting new HTTPS connection (1): piconnect.flattrade.in:443
2026-07-06 03:16:29  DEBUG     https://piconnect.flattrade.in:443 "POST /PiConnectAPI/Limits HTTP/1.1" 200 None
2026-07-06 03:16:29  INFO      *** LIVE MODE  cash=Rs0  4x=Rs0  K=4  per_trade=Rs1000 ***
2026-07-06 03:16:29  INFO      8 stocks | Rs1000/trade | K=4 | EOD 15:00 IST
2026-07-06 03:16:29  INFO      ============================================================
2026-07-06 03:16:29  INFO      Websocket connected
2026-07-06 03:16:29  INFO      WS CONNECTED  subscribed=8 instruments
2026-07-06 03:16:29  INFO      Ticks -> data/2026-07-06/ticks.jsonl
2026-07-06 03:17:29  ERROR     WS ERROR  Connection to remote host was lost.
2026-07-06 03:17:29  ERROR     Connection to remote host was lost. - goodbye
2026-07-06 03:17:29  WARNING   WS DISCONNECTED  code=None  reason=None  trades=0  pnl=Rs+0.00
[Mon Jul  6 03:17:29 UTC 2026] Runner exited, restarting in 10s...
[Mon Jul  6 03:17:39 UTC 2026] Starting runner...
2026-07-06 03:17:39  INFO      ============================================================
2026-07-06 03:17:39  INFO      STARTUP  date=2026-07-06  pid=133827
2026-07-06 03:17:39  INFO      Strategy: Supertrend atr=14 mult=1.5 | 15-min | LIVE mode
2026-07-06 03:17:39  INFO      Resolving NSE tokens...
2026-07-06 03:17:39  DEBUG     Starting new HTTPS connection (1): piconnect.flattrade.in:443
2026-07-06 03:17:39  DEBUG     https://piconnect.flattrade.in:443 "POST /PiConnectAPI/SearchScrip HTTP/1.1" 200 None
2026-07-06 03:17:39  INFO      Resolved  HFCL             token=21951
2026-07-06 03:17:39  DEBUG     Starting new HTTPS connection (1): piconnect.flattrade.in:443
2026-07-06 03:17:40  DEBUG     https://piconnect.flattrade.in:443 "POST /PiConnectAPI/SearchScrip HTTP/1.1" 200 None
2026-07-06 03:17:40  INFO      Resolved  BANKBARODA       token=4668
2026-07-06 03:17:40  DEBUG     Starting new HTTPS connection (1): piconnect.flattrade.in:443
2026-07-06 03:17:40  DEBUG     https://piconnect.flattrade.in:443 "POST /PiConnectAPI/SearchScrip HTTP/1.1" 200 None
2026-07-06 03:17:40  INFO      Resolved  NMDC             token=15332
2026-07-06 03:17:40  DEBUG     Starting new HTTPS connection (1): piconnect.flattrade.in:443
2026-07-06 03:17:40  DEBUG     https://piconnect.flattrade.in:443 "POST /PiConnectAPI/SearchScrip HTTP/1.1" 200 None
2026-07-06 03:17:40  INFO      Resolved  CESC             token=628
2026-07-06 03:17:40  DEBUG     Starting new HTTPS connection (1): piconnect.flattrade.in:443
2026-07-06 03:17:40  DEBUG     https://piconnect.flattrade.in:443 "POST /PiConnectAPI/SearchScrip HTTP/1.1" 200 None
2026-07-06 03:17:40  INFO      Resolved  ZEEL             token=3812
2026-07-06 03:17:40  DEBUG     Starting new HTTPS connection (1): piconnect.flattrade.in:443
2026-07-06 03:17:41  DEBUG     https://piconnect.flattrade.in:443 "POST /PiConnectAPI/SearchScrip HTTP/1.1" 200 None
2026-07-06 03:17:41  INFO      Resolved  BALRAMCHIN       token=341
2026-07-06 03:17:41  DEBUG     Starting new HTTPS connection (1): piconnect.flattrade.in:443
2026-07-06 03:17:41  DEBUG     https://piconnect.flattrade.in:443 "POST /PiConnectAPI/SearchScrip HTTP/1.1" 200 None
2026-07-06 03:17:41  INFO      Resolved  GRANULES         token=11872
2026-07-06 03:17:41  DEBUG     Starting new HTTPS connection (1): piconnect.flattrade.in:443
2026-07-06 03:17:41  DEBUG     https://piconnect.flattrade.in:443 "POST /PiConnectAPI/SearchScrip HTTP/1.1" 200 None
2026-07-06 03:17:41  INFO      Resolved  SUZLON           token=12018
2026-07-06 03:17:41  DEBUG     Starting new HTTPS connection (1): piconnect.flattrade.in:443
2026-07-06 03:17:41  DEBUG     https://piconnect.flattrade.in:443 "POST /PiConnectAPI/PositionBook HTTP/1.1" 200 None
2026-07-06 03:17:41  DEBUG     Starting new HTTPS connection (1): piconnect.flattrade.in:443
2026-07-06 03:17:42  DEBUG     https://piconnect.flattrade.in:443 "POST /PiConnectAPI/Limits HTTP/1.1" 200 None
2026-07-06 03:17:42  INFO      *** LIVE MODE  cash=Rs0  4x=Rs0  K=4  per_trade=Rs1000 ***
2026-07-06 03:17:42  INFO      8 stocks | Rs1000/trade | K=4 | EOD 15:00 IST
2026-07-06 03:17:42  INFO      ============================================================
2026-07-06 03:17:42  INFO      Websocket connected
2026-07-06 03:17:42  INFO      WS CONNECTED  subscribed=8 instruments
2026-07-06 03:17:42  INFO      Ticks -> data/2026-07-06/ticks.jsonl
2026-07-06 03:18:42  DEBUG     Sending ping
2026-07-06 03:19:12  DEBUG     Sending ping
2026-07-06 03:19:42  DEBUG     Sending ping
2026-07-06 03:20:12  DEBUG     Sending ping
2026-07-06 03:20:42  DEBUG     Sending ping
2026-07-06 03:21:12  DEBUG     Sending ping
2026-07-06 03:21:42  DEBUG     Sending ping
2026-07-06 03:22:12  DEBUG     Sending ping
2026-07-06 03:22:42  DEBUG     Sending ping
2026-07-06 03:23:12  DEBUG     Sending ping
2026-07-06 03:23:42  DEBUG     Sending ping
2026-07-06 03:24:12  DEBUG     Sending ping
2026-07-06 03:24:42  DEBUG     Sending ping
2026-07-06 03:25:12  DEBUG     Sending ping
2026-07-06 03:25:42  DEBUG     Sending ping
2026-07-06 03:26:12  DEBUG     Sending ping
2026-07-06 03:26:42  DEBUG     Sending ping
2026-07-06 03:27:12  DEBUG     Sending ping
2026-07-06 03:27:42  DEBUG     Sending ping
2026-07-06 03:28:12  DEBUG     Sending ping
2026-07-06 03:28:42  DEBUG     Sending ping
2026-07-06 03:29:12  DEBUG     Sending ping
2026-07-06 03:29:42  DEBUG     Sending ping
2026-07-06 03:30:00  DEBUG     CANDLE  SUZLON        O=56.87  H=56.87  L=56.87  C=56.87
2026-07-06 03:30:00  DEBUG     Starting new HTTPS connection (1): piconnect.flattrade.in:443
2026-07-06 03:30:00  DEBUG     https://piconnect.flattrade.in:443 "POST /PiConnectAPI/Limits HTTP/1.1" 200 None
2026-07-06 03:30:00  ERROR     MIS BUY SUZLON skipped — no capital left (committed=Rs0.00)
2026-07-06 03:30:00  DEBUG     CANDLE  NMDC          O=85.40  H=85.40  L=85.40  C=85.40
2026-07-06 03:30:02  DEBUG     CANDLE  BANKBARODA    O=252.20  H=252.20  L=252.20  C=252.20
2026-07-06 03:30:12  DEBUG     Sending ping
2026-07-06 03:30:42  DEBUG     Sending ping
2026-07-06 03:31:12  DEBUG     Sending ping
2026-07-06 03:31:42  DEBUG     Sending ping
2026-07-06 03:32:12  DEBUG     Sending ping
2026-07-06 03:32:42  DEBUG     Sending ping
2026-07-06 03:33:12  DEBUG     Sending ping
2026-07-06 03:33:42  DEBUG     Sending ping
2026-07-06 03:34:12  DEBUG     Sending ping
2026-07-06 03:34:42  DEBUG     Sending ping
2026-07-06 03:35:12  DEBUG     Sending ping
2026-07-06 03:35:42  DEBUG     Sending ping
2026-07-06 03:36:12  DEBUG     Sending ping
2026-07-06 03:36:42  DEBUG     Sending ping
2026-07-06 03:37:12  DEBUG     Sending ping
2026-07-06 03:37:42  DEBUG     Sending ping
2026-07-06 03:38:12  DEBUG     Sending ping
2026-07-06 03:38:42  DEBUG     Sending ping
2026-07-06 03:39:12  DEBUG     Sending ping
2026-07-06 03:39:42  DEBUG     Sending ping
2026-07-06 03:40:12  DEBUG     Sending ping
2026-07-06 03:40:42  DEBUG     Sending ping
2026-07-06 03:41:12  DEBUG     Sending ping
2026-07-06 03:41:42  DEBUG     Sending ping
2026-07-06 03:42:12  DEBUG     Sending ping
2026-07-06 03:42:42  DEBUG     Sending ping
2026-07-06 03:43:12  DEBUG     Sending ping
2026-07-06 03:43:42  DEBUG     Sending ping
2026-07-06 03:44:12  DEBUG     Sending ping
2026-07-06 03:44:42  DEBUG     Sending ping
2026-07-06 03:45:00  DEBUG     CANDLE  HFCL          O=214.81  H=214.81  L=212.90  C=212.90
2026-07-06 03:45:00  DEBUG     CANDLE  NMDC          O=85.42  H=85.73  L=85.42  C=85.73
2026-07-06 03:45:00  DEBUG     CANDLE  BANKBARODA    O=253.00  H=253.00  L=252.90  C=252.90
2026-07-06 03:45:01  DEBUG     CANDLE  ZEEL          O=105.01  H=105.37  L=105.01  C=105.37
2026-07-06 03:45:01  DEBUG     CANDLE  GRANULES      O=832.05  H=839.50  L=832.05  C=839.50
2026-07-06 03:45:01  DEBUG     Starting new HTTPS connection (1): piconnect.flattrade.in:443
2026-07-06 03:45:01  DEBUG     https://piconnect.flattrade.in:443 "POST /PiConnectAPI/Limits HTTP/1.1" 200 None
2026-07-06 03:45:01  ERROR     MIS BUY GRANULES skipped — no capital left (committed=Rs0.00)
2026-07-06 03:45:01  DEBUG     CANDLE  CESC          O=169.64  H=169.85  L=169.64  C=169.85
2026-07-06 03:45:02  DEBUG     CANDLE  SUZLON        O=56.90  H=56.90  L=56.87  C=56.87
2026-07-06 03:45:05  DEBUG     CANDLE  BALRAMCHIN    O=561.15  H=561.15  L=560.20  C=560.20
2026-07-06 03:45:05  DEBUG     Starting new HTTPS connection (1): piconnect.flattrade.in:443
2026-07-06 03:45:05  DEBUG     https://piconnect.flattrade.in:443 "POST /PiConnectAPI/Holdings HTTP/1.1" 200 2
2026-07-06 03:45:05  ERROR     CNC SELL BALRAMCHIN skipped — no holdings found in demat
2026-07-06 03:45:12  DEBUG     Sending ping
2026-07-06 03:45:42  DEBUG     Sending ping
2026-07-06 03:46:12  DEBUG     Sending ping
2026-07-06 03:46:42  DEBUG     Sending ping
2026-07-06 03:47:12  DEBUG     Sending ping
2026-07-06 03:47:42  DEBUG     Sending ping
2026-07-06 03:48:12  DEBUG     Sending ping
2026-07-06 03:48:42  DEBUG     Sending ping
2026-07-06 03:49:12  DEBUG     Sending ping
2026-07-06 03:49:42  DEBUG     Sending ping
2026-07-06 03:50:12  DEBUG     Sending ping
2026-07-06 03:50:42  DEBUG     Sending ping
2026-07-06 03:51:12  DEBUG     Sending ping
2026-07-06 03:51:42  DEBUG     Sending ping
2026-07-06 03:52:12  DEBUG     Sending ping
2026-07-06 03:52:42  DEBUG     Sending ping
2026-07-06 03:53:12  DEBUG     Sending ping
2026-07-06 03:53:42  DEBUG     Sending ping
2026-07-06 03:54:12  DEBUG     Sending ping
2026-07-06 03:54:42  DEBUG     Sending ping
2026-07-06 03:55:12  DEBUG     Sending ping
2026-07-06 03:55:42  DEBUG     Sending ping
2026-07-06 03:56:12  DEBUG     Sending ping
2026-07-06 03:56:42  DEBUG     Sending ping
2026-07-06 03:57:12  DEBUG     Sending ping
2026-07-06 03:57:42  DEBUG     Sending ping
2026-07-06 03:58:12  DEBUG     Sending ping
2026-07-06 03:58:42  DEBUG     Sending ping
2026-07-06 03:59:12  DEBUG     Sending ping
2026-07-06 03:59:42  DEBUG     Sending ping
2026-07-06 04:00:01  DEBUG     CANDLE  BALRAMCHIN    O=561.45  H=569.85  L=558.20  C=567.10
2026-07-06 04:00:04  DEBUG     CANDLE  SUZLON        O=56.88  H=57.06  L=55.61  C=55.65
2026-07-06 04:00:04  DEBUG     CANDLE  NMDC          O=85.61  H=85.61  L=84.37  C=85.30
2026-07-06 04:00:05  DEBUG     CANDLE  HFCL          O=212.85  H=217.50  L=212.51  C=213.92
2026-07-06 04:00:05  DEBUG     CANDLE  ZEEL          O=105.32  H=105.33  L=103.88  C=104.11
2026-07-06 04:00:05  DEBUG     CANDLE  GRANULES      O=839.40  H=859.80  L=835.15  C=859.40
2026-07-06 04:00:07  DEBUG     CANDLE  BANKBARODA    O=252.95  H=253.25  L=251.20  C=251.40
2026-07-06 04:00:12  DEBUG     Sending ping
2026-07-06 04:00:22  DEBUG     CANDLE  CESC          O=170.17  H=170.81  L=169.45  C=169.95
2026-07-06 04:00:42  DEBUG     Sending ping
2026-07-06 04:01:12  DEBUG     Sending ping
2026-07-06 04:01:42  DEBUG     Sending ping
2026-07-06 04:02:12  DEBUG     Sending ping
2026-07-06 04:02:42  DEBUG     Sending ping
2026-07-06 04:03:12  DEBUG     Sending ping
2026-07-06 04:03:42  DEBUG     Sending ping
2026-07-06 04:04:12  DEBUG     Sending ping
2026-07-06 04:04:42  DEBUG     Sending ping
2026-07-06 04:05:12  DEBUG     Sending ping
2026-07-06 04:05:42  DEBUG     Sending ping
2026-07-06 04:06:12  DEBUG     Sending ping
2026-07-06 04:06:42  DEBUG     Sending ping
2026-07-06 04:07:12  DEBUG     Sending ping
2026-07-06 04:07:42  DEBUG     Sending ping
2026-07-06 04:08:12  DEBUG     Sending ping
2026-07-06 04:08:42  DEBUG     Sending ping
2026-07-06 04:09:12  DEBUG     Sending ping
2026-07-06 04:09:42  DEBUG     Sending ping
2026-07-06 04:10:12  DEBUG     Sending ping
2026-07-06 04:10:42  DEBUG     Sending ping
2026-07-06 04:11:12  DEBUG     Sending ping
2026-07-06 04:11:42  DEBUG     Sending ping
2026-07-06 04:12:12  DEBUG     Sending ping
2026-07-06 04:12:42  DEBUG     Sending ping
2026-07-06 04:13:12  DEBUG     Sending ping
2026-07-06 04:13:42  DEBUG     Sending ping
2026-07-06 04:14:12  DEBUG     Sending ping
2026-07-06 04:14:42  DEBUG     Sending ping
2026-07-06 04:15:02  DEBUG     CANDLE  SUZLON        O=55.62  H=55.65  L=55.40  C=55.59
2026-07-06 04:15:02  DEBUG     CANDLE  NMDC          O=85.35  H=85.55  L=85.12  C=85.48
2026-07-06 04:15:02  DEBUG     CANDLE  HFCL          O=213.86  H=214.96  L=211.20  C=213.76
2026-07-06 04:15:03  DEBUG     CANDLE  ZEEL          O=104.14  H=104.35  L=103.85  C=104.20
2026-07-06 04:15:03  DEBUG     CANDLE  GRANULES      O=859.75  H=864.95  L=853.20  C=855.90
2026-07-06 04:15:03  DEBUG     CANDLE  CESC          O=170.00  H=170.30  L=169.60  C=169.88
2026-07-06 04:15:04  DEBUG     CANDLE  BANKBARODA    O=251.30  H=251.80  L=250.20  C=250.85
2026-07-06 04:15:06  DEBUG     CANDLE  BALRAMCHIN    O=567.00  H=567.50  L=564.20  C=564.90
2026-07-06 04:15:12  DEBUG     Sending ping
2026-07-06 04:15:42  DEBUG     Sending ping
2026-07-06 04:16:12  DEBUG     Sending ping
2026-07-06 04:16:42  DEBUG     Sending ping
2026-07-06 04:17:12  DEBUG     Sending ping
2026-07-06 04:17:42  DEBUG     Sending ping
2026-07-06 04:18:12  DEBUG     Sending ping
2026-07-06 04:18:42  DEBUG     Sending ping
2026-07-06 04:19:12  DEBUG     Sending ping
2026-07-06 04:19:42  DEBUG     Sending ping
2026-07-06 04:20:12  DEBUG     Sending ping
2026-07-06 04:20:42  DEBUG     Sending ping
2026-07-06 04:21:12  DEBUG     Sending ping
2026-07-06 04:21:42  DEBUG     Sending ping
2026-07-06 04:22:12  DEBUG     Sending ping
2026-07-06 04:22:42  DEBUG     Sending ping
2026-07-06 04:23:12  DEBUG     Sending ping
2026-07-06 04:23:42  DEBUG     Sending ping
2026-07-06 04:24:12  DEBUG     Sending ping
2026-07-06 04:24:42  DEBUG     Sending ping
2026-07-06 04:25:12  DEBUG     Sending ping
2026-07-06 04:25:42  DEBUG     Sending ping
2026-07-06 04:26:12  DEBUG     Sending ping
2026-07-06 04:26:42  DEBUG     Sending ping
2026-07-06 04:27:12  DEBUG     Sending ping
2026-07-06 04:27:42  DEBUG     Sending ping
2026-07-06 04:28:12  DEBUG     Sending ping
2026-07-06 04:28:42  DEBUG     Sending ping
2026-07-06 04:29:12  DEBUG     Sending ping
2026-07-06 04:29:42  DEBUG     Sending ping
2026-07-06 04:30:00  DEBUG     CANDLE  GRANULES      O=855.55  H=856.00  L=851.50  C=853.90
2026-07-06 04:30:01  DEBUG     CANDLE  BALRAMCHIN    O=564.80  H=567.00  L=564.30  C=564.65
2026-07-06 04:30:04  DEBUG     CANDLE  SUZLON        O=55.61  H=55.69  L=55.51  C=55.57
2026-07-06 04:30:04  DEBUG     CANDLE  HFCL          O=213.70  H=217.36  L=213.24  C=215.40
2026-07-06 04:30:05  DEBUG     CANDLE  ZEEL          O=104.21  H=104.80  L=104.10  C=104.71
2026-07-06 04:30:06  DEBUG     CANDLE  BANKBARODA    O=250.80  H=251.85  L=250.70  C=251.80
2026-07-06 04:30:12  DEBUG     CANDLE  CESC          O=169.92  H=170.07  L=169.53  C=169.82
2026-07-06 04:30:12  DEBUG     Sending ping
2026-07-06 04:30:17  DEBUG     CANDLE  NMDC          O=85.49  H=85.50  L=84.91  C=84.99
2026-07-06 04:30:42  DEBUG     Sending ping
2026-07-06 04:31:12  DEBUG     Sending ping
2026-07-06 04:31:42  DEBUG     Sending ping
2026-07-06 04:32:12  DEBUG     Sending ping
2026-07-06 04:32:42  DEBUG     Sending ping
2026-07-06 04:33:12  DEBUG     Sending ping
2026-07-06 04:33:42  DEBUG     Sending ping
2026-07-06 04:34:12  DEBUG     Sending ping
2026-07-06 04:34:42  DEBUG     Sending ping
2026-07-06 04:35:12  DEBUG     Sending ping
2026-07-06 04:35:42  DEBUG     Sending ping
2026-07-06 04:36:12  DEBUG     Sending ping
2026-07-06 04:36:42  DEBUG     Sending ping
2026-07-06 04:37:12  DEBUG     Sending ping
2026-07-06 04:37:42  DEBUG     Sending ping
2026-07-06 04:38:12  DEBUG     Sending ping
2026-07-06 04:38:42  DEBUG     Sending ping
2026-07-06 04:39:12  DEBUG     Sending ping
2026-07-06 04:39:42  DEBUG     Sending ping
2026-07-06 04:40:12  DEBUG     Sending ping
2026-07-06 04:40:42  DEBUG     Sending ping
2026-07-06 04:41:12  DEBUG     Sending ping
2026-07-06 04:41:42  DEBUG     Sending ping
2026-07-06 04:42:12  DEBUG     Sending ping
2026-07-06 04:42:42  DEBUG     Sending ping
2026-07-06 04:43:12  DEBUG     Sending ping
2026-07-06 04:43:42  DEBUG     Sending ping
2026-07-06 04:44:12  DEBUG     Sending ping
2026-07-06 04:44:42  DEBUG     Sending ping
2026-07-06 04:45:02  DEBUG     CANDLE  NMDC          O=84.98  H=85.00  L=84.57  C=84.66
2026-07-06 04:45:02  DEBUG     CANDLE  HFCL          O=215.56  H=216.47  L=215.26  C=215.76
2026-07-06 04:45:03  DEBUG     CANDLE  ZEEL          O=104.70  H=105.70  L=104.68  C=104.79
2026-07-06 04:45:04  DEBUG     CANDLE  BANKBARODA    O=251.75  H=252.30  L=251.60  C=251.75
2026-07-06 04:45:04  DEBUG     CANDLE  SUZLON        O=55.58  H=55.65  L=55.50  C=55.52
2026-07-06 04:45:08  DEBUG     CANDLE  CESC          O=169.81  H=170.28  L=169.54  C=169.88
2026-07-06 04:45:12  DEBUG     Sending ping
2026-07-06 04:45:13  DEBUG     CANDLE  GRANULES      O=853.60  H=853.65  L=850.10  C=850.50
2026-07-06 04:45:13  INFO      ORDER  GRANULES      SELL   MIS   qty=1       price=Rs850.45   reason=flip DOWN | atr=5.27 st=859.78 sl=858.40
2026-07-06 04:45:13  DEBUG     Starting new HTTPS connection (1): piconnect.flattrade.in:443
2026-07-06 04:45:14  DEBUG     https://piconnect.flattrade.in:443 "POST /PiConnectAPI/PlaceOrder HTTP/1.1" 200 None
2026-07-06 04:45:14  INFO      ACCEPTED  GRANULES  norenordno=26070600061784
2026-07-06 04:45:14  INFO      CAPITAL  committed=Rs0.00  (released Rs212.61 for MIS GRANULES)
2026-07-06 04:45:14  INFO      ENTRY #1    GRANULES      SHORT  Rs850.50  qty=1  [flip DOWN | atr=5.27 st=859.78 sl=858.40]
2026-07-06 04:45:14  INFO      ORDER UPDATE  NewAck    GRANULES-EQ  norenordno=26070600061784
2026-07-06 04:45:14  ERROR     ORDER REJECTED  GRANULES-EQ  norenordno=26070600061784  reason=RED:RULE:{Allowed Basket}in Basket NSE.MIS.NSEMIS for GRANULES-EQ for C-FZ38545 [KAMBALA]
2026-07-06 04:45:42  DEBUG     Sending ping
2026-07-06 04:46:12  DEBUG     Sending ping
2026-07-06 04:46:12  DEBUG     CANDLE  BALRAMCHIN    O=565.10  H=565.10  L=563.05  C=563.05
2026-07-06 04:46:42  DEBUG     Sending ping
2026-07-06 04:47:12  DEBUG     Sending ping
2026-07-06 04:47:42  DEBUG     Sending ping
2026-07-06 04:48:12  DEBUG     Sending ping
2026-07-06 04:48:42  DEBUG     Sending ping
2026-07-06 04:49:12  DEBUG     Sending ping
2026-07-06 04:49:42  DEBUG     Sending ping
2026-07-06 04:50:12  DEBUG     Sending ping
2026-07-06 04:50:42  DEBUG     Sending ping
2026-07-06 04:51:12  DEBUG     Sending ping
2026-07-06 04:51:42  DEBUG     Sending ping
2026-07-06 04:52:12  DEBUG     Sending ping
2026-07-06 04:52:42  DEBUG     Sending ping
2026-07-06 04:53:12  DEBUG     Sending ping
2026-07-06 04:53:42  DEBUG     Sending ping
2026-07-06 04:54:12  DEBUG     Sending ping
2026-07-06 04:54:42  DEBUG     Sending ping
2026-07-06 04:55:12  DEBUG     Sending ping
2026-07-06 04:55:42  DEBUG     Sending ping
2026-07-06 04:56:12  DEBUG     Sending ping
2026-07-06 04:56:42  DEBUG     Sending ping
2026-07-06 04:57:12  DEBUG     Sending ping
2026-07-06 04:57:42  DEBUG     Sending ping
2026-07-06 04:58:12  DEBUG     Sending ping
2026-07-06 04:58:42  DEBUG     Sending ping
2026-07-06 04:59:12  DEBUG     Sending ping
2026-07-06 04:59:42  DEBUG     Sending ping
2026-07-06 05:00:01  DEBUG     CANDLE  SUZLON        O=55.51  H=55.60  L=55.43  C=55.54
2026-07-06 05:00:01  DEBUG     CANDLE  HFCL          O=215.84  H=216.36  L=215.51  C=215.98
2026-07-06 05:00:02  DEBUG     CANDLE  GRANULES      O=850.65  H=852.55  L=850.10  C=851.40
2026-07-06 05:00:02  DEBUG     CANDLE  BANKBARODA    O=251.65  H=252.10  L=251.45  C=251.90
2026-07-06 05:00:02  DEBUG     CANDLE  BALRAMCHIN    O=563.65  H=563.85  L=562.20  C=562.80
2026-07-06 05:00:04  DEBUG     CANDLE  NMDC          O=84.67  H=84.72  L=84.58  C=84.67
2026-07-06 05:00:05  DEBUG     CANDLE  ZEEL          O=104.71  H=105.30  L=104.68  C=105.05
2026-07-06 05:00:05  DEBUG     Starting new HTTPS connection (1): piconnect.flattrade.in:443
2026-07-06 05:00:06  DEBUG     https://piconnect.flattrade.in:443 "POST /PiConnectAPI/Limits HTTP/1.1" 200 None
2026-07-06 05:00:06  ERROR     CNC BUY ZEEL skipped — no capital left (committed=Rs0.00)
2026-07-06 05:00:07  DEBUG     CANDLE  CESC          O=169.82  H=170.10  L=169.74  C=170.00
2026-07-06 05:00:12  DEBUG     Sending ping
2026-07-06 05:00:42  DEBUG     Sending ping
2026-07-06 05:01:12  DEBUG     Sending ping
2026-07-06 05:01:42  DEBUG     Sending ping
2026-07-06 05:02:12  DEBUG     Sending ping
2026-07-06 05:02:42  DEBUG     Sending ping
2026-07-06 05:03:12  DEBUG     Sending ping
2026-07-06 05:03:42  DEBUG     Sending ping
2026-07-06 05:04:12  DEBUG     Sending ping
2026-07-06 05:04:42  DEBUG     Sending ping
2026-07-06 05:05:12  DEBUG     Sending ping
2026-07-06 05:05:42  DEBUG     Sending ping
2026-07-06 05:06:12  DEBUG     Sending ping
2026-07-06 05:06:42  DEBUG     Sending ping
2026-07-06 05:07:12  DEBUG     Sending ping
2026-07-06 05:07:42  DEBUG     Sending ping
2026-07-06 05:08:12  DEBUG     Sending ping
2026-07-06 05:08:42  DEBUG     Sending ping
2026-07-06 05:09:12  DEBUG     Sending ping
2026-07-06 05:09:42  DEBUG     Sending ping
2026-07-06 05:10:12  DEBUG     Sending ping
2026-07-06 05:10:42  DEBUG     Sending ping
2026-07-06 05:11:12  DEBUG     Sending ping
2026-07-06 05:11:42  DEBUG     Sending ping
2026-07-06 05:12:12  DEBUG     Sending ping
2026-07-06 05:12:42  DEBUG     Sending ping
2026-07-06 05:13:12  DEBUG     Sending ping
2026-07-06 05:13:42  DEBUG     Sending ping
2026-07-06 05:14:12  DEBUG     Sending ping
2026-07-06 05:14:42  DEBUG     Sending ping
2026-07-06 05:15:00  DEBUG     CANDLE  SUZLON        O=55.55  H=55.68  L=55.48  C=55.68
2026-07-06 05:15:00  DEBUG     CANDLE  NMDC          O=84.71  H=84.99  L=84.56  C=84.88
2026-07-06 05:15:05  DEBUG     CANDLE  GRANULES      O=851.05  H=853.35  L=850.05  C=852.70
2026-07-06 05:15:07  DEBUG     CANDLE  BANKBARODA    O=251.75  H=251.90  L=250.55  C=250.85
2026-07-06 05:15:11  DEBUG     CANDLE  HFCL          O=215.94  H=217.55  L=215.94  C=216.40
2026-07-06 05:15:12  DEBUG     Sending ping
2026-07-06 05:15:13  DEBUG     CANDLE  CESC          O=169.88  H=170.00  L=169.70  C=169.96
2026-07-06 05:15:16  DEBUG     CANDLE  ZEEL          O=105.10  H=105.24  L=104.70  C=104.75
2026-07-06 05:15:20  DEBUG     CANDLE  BALRAMCHIN    O=562.95  H=562.95  L=561.00  C=561.80
2026-07-06 05:15:42  DEBUG     Sending ping
2026-07-06 05:16:12  DEBUG     Sending ping
2026-07-06 05:16:42  DEBUG     Sending ping
2026-07-06 05:17:12  DEBUG     Sending ping
2026-07-06 05:17:42  DEBUG     Sending ping
2026-07-06 05:18:12  DEBUG     Sending ping
2026-07-06 05:18:42  DEBUG     Sending ping
2026-07-06 05:19:12  DEBUG     Sending ping
2026-07-06 05:19:42  DEBUG     Sending ping
2026-07-06 05:20:12  DEBUG     Sending ping
2026-07-06 05:20:42  DEBUG     Sending ping
2026-07-06 05:21:12  DEBUG     Sending ping
2026-07-06 05:21:42  DEBUG     Sending ping
2026-07-06 05:22:12  DEBUG     Sending ping
2026-07-06 05:22:42  DEBUG     Sending ping
2026-07-06 05:23:12  DEBUG     Sending ping
2026-07-06 05:23:42  DEBUG     Sending ping
2026-07-06 05:24:12  DEBUG     Sending ping
2026-07-06 05:24:42  DEBUG     Sending ping
2026-07-06 05:25:12  DEBUG     Sending ping
2026-07-06 05:25:42  DEBUG     Sending ping
2026-07-06 05:26:12  DEBUG     Sending ping
2026-07-06 05:26:42  DEBUG     Sending ping
2026-07-06 05:27:12  DEBUG     Sending ping
2026-07-06 05:27:42  DEBUG     Sending ping
2026-07-06 05:28:12  DEBUG     Sending ping
2026-07-06 05:28:42  DEBUG     Sending ping
2026-07-06 05:29:12  DEBUG     Sending ping
2026-07-06 05:29:42  DEBUG     Sending ping
2026-07-06 05:30:00  DEBUG     CANDLE  HFCL          O=216.36  H=218.70  L=215.80  C=218.60
2026-07-06 05:30:00  DEBUG     CANDLE  SUZLON        O=55.67  H=55.69  L=55.51  C=55.55
2026-07-06 05:30:00  DEBUG     CANDLE  NMDC          O=84.90  H=84.94  L=84.43  C=84.44
2026-07-06 05:30:01  DEBUG     CANDLE  ZEEL          O=104.71  H=104.85  L=104.43  C=104.49
2026-07-06 05:30:01  DEBUG     CANDLE  CESC          O=169.90  H=169.96  L=169.43  C=169.48
2026-07-06 05:30:02  DEBUG     CANDLE  BANKBARODA    O=250.80  H=251.00  L=250.60  C=250.75
2026-07-06 05:30:12  DEBUG     Sending ping
2026-07-06 05:30:13  DEBUG     CANDLE  GRANULES      O=852.15  H=853.00  L=851.05  C=852.40
2026-07-06 05:30:18  DEBUG     CANDLE  BALRAMCHIN    O=561.85  H=562.35  L=561.10  C=561.10
2026-07-06 05:30:42  DEBUG     Sending ping
2026-07-06 05:31:12  DEBUG     Sending ping
2026-07-06 05:31:42  DEBUG     Sending ping
2026-07-06 05:32:12  DEBUG     Sending ping
2026-07-06 05:32:42  DEBUG     Sending ping
2026-07-06 05:33:12  DEBUG     Sending ping
2026-07-06 05:33:42  DEBUG     Sending ping
2026-07-06 05:34:12  DEBUG     Sending ping
2026-07-06 05:34:42  DEBUG     Sending ping
2026-07-06 05:35:12  DEBUG     Sending ping
2026-07-06 05:35:42  DEBUG     Sending ping
2026-07-06 05:36:12  DEBUG     Sending ping
2026-07-06 05:36:42  DEBUG     Sending ping
2026-07-06 05:37:12  DEBUG     Sending ping
2026-07-06 05:37:42  DEBUG     Sending ping
2026-07-06 05:38:12  DEBUG     Sending ping
2026-07-06 05:38:42  DEBUG     Sending ping
2026-07-06 05:39:12  DEBUG     Sending ping
2026-07-06 05:39:42  DEBUG     Sending ping
2026-07-06 05:40:12  DEBUG     Sending ping
2026-07-06 05:40:42  DEBUG     Sending ping
2026-07-06 05:41:12  DEBUG     Sending ping
2026-07-06 05:41:42  DEBUG     Sending ping
2026-07-06 05:42:12  DEBUG     Sending ping
2026-07-06 05:42:42  DEBUG     Sending ping
2026-07-06 05:43:12  DEBUG     Sending ping
2026-07-06 05:43:42  DEBUG     Sending ping
2026-07-06 05:44:12  DEBUG     Sending ping
2026-07-06 05:44:42  DEBUG     Sending ping
2026-07-06 05:45:00  DEBUG     CANDLE  BANKBARODA    O=250.60  H=250.90  L=250.35  C=250.60
2026-07-06 05:45:02  DEBUG     CANDLE  HFCL          O=218.61  H=222.00  L=218.61  C=220.55
2026-07-06 05:45:02  DEBUG     CANDLE  NMDC          O=84.43  H=84.65  L=84.43  C=84.54
2026-07-06 05:45:02  DEBUG     CANDLE  GRANULES      O=851.80  H=852.75  L=846.20  C=848.60
2026-07-06 05:45:05  DEBUG     CANDLE  SUZLON        O=55.54  H=55.70  L=55.50  C=55.55
2026-07-06 05:45:08  DEBUG     CANDLE  CESC          O=169.30  H=169.45  L=168.57  C=168.80
2026-07-06 05:45:12  DEBUG     Sending ping
2026-07-06 05:45:28  DEBUG     CANDLE  BALRAMCHIN    O=561.40  H=562.20  L=561.00  C=561.00
2026-07-06 05:45:29  DEBUG     CANDLE  ZEEL          O=104.46  H=104.65  L=104.30  C=104.50
2026-07-06 05:45:42  DEBUG     Sending ping
2026-07-06 05:46:12  DEBUG     Sending ping
2026-07-06 05:46:42  DEBUG     Sending ping
2026-07-06 05:47:12  DEBUG     Sending ping
2026-07-06 05:47:42  DEBUG     Sending ping
2026-07-06 05:48:12  DEBUG     Sending ping
2026-07-06 05:48:42  DEBUG     Sending ping
2026-07-06 05:49:12  DEBUG     Sending ping
2026-07-06 05:49:42  DEBUG     Sending ping
2026-07-06 05:50:12  DEBUG     Sending ping
2026-07-06 05:50:42  DEBUG     Sending ping
2026-07-06 05:51:12  DEBUG     Sending ping
2026-07-06 05:51:42  DEBUG     Sending ping
2026-07-06 05:52:12  DEBUG     Sending ping
2026-07-06 05:52:42  DEBUG     Sending ping
2026-07-06 05:53:12  DEBUG     Sending ping
2026-07-06 05:53:42  DEBUG     Sending ping
2026-07-06 05:54:12  DEBUG     Sending ping
2026-07-06 05:54:42  DEBUG     Sending ping
2026-07-06 05:55:12  DEBUG     Sending ping
2026-07-06 05:55:42  DEBUG     Sending ping
2026-07-06 05:56:12  DEBUG     Sending ping
2026-07-06 05:56:42  DEBUG     Sending ping
2026-07-06 05:57:12  DEBUG     Sending ping
2026-07-06 05:57:42  DEBUG     Sending ping
2026-07-06 05:58:12  DEBUG     Sending ping
2026-07-06 05:58:42  DEBUG     Sending ping
2026-07-06 05:59:12  DEBUG     Sending ping
2026-07-06 05:59:42  DEBUG     Sending ping
2026-07-06 06:00:00  DEBUG     CANDLE  SUZLON        O=55.54  H=55.58  L=55.51  C=55.54
2026-07-06 06:00:00  DEBUG     CANDLE  HFCL          O=220.60  H=222.60  L=220.40  C=222.55
2026-07-06 06:00:01  DEBUG     CANDLE  NMDC          O=84.52  H=84.75  L=84.47  C=84.65
2026-07-06 06:00:01  DEBUG     CANDLE  BANKBARODA    O=250.65  H=250.90  L=250.35  C=250.55
2026-07-06 06:00:02  DEBUG     CANDLE  GRANULES      O=848.55  H=852.65  L=848.00  C=852.00
2026-07-06 06:00:10  DEBUG     CANDLE  BALRAMCHIN    O=561.30  H=562.50  L=560.60  C=561.65
2026-07-06 06:00:11  DEBUG     CANDLE  ZEEL          O=104.51  H=104.74  L=104.40  C=104.55
2026-07-06 06:00:12  DEBUG     Sending ping
2026-07-06 06:00:23  DEBUG     CANDLE  CESC          O=168.70  H=169.00  L=168.65  C=168.88
2026-07-06 06:00:42  DEBUG     Sending ping
2026-07-06 06:01:12  DEBUG     Sending ping
2026-07-06 06:01:42  DEBUG     Sending ping
2026-07-06 06:02:12  DEBUG     Sending ping
2026-07-06 06:02:42  DEBUG     Sending ping
2026-07-06 06:03:12  DEBUG     Sending ping
2026-07-06 06:03:42  DEBUG     Sending ping
2026-07-06 06:04:12  DEBUG     Sending ping
2026-07-06 06:04:42  DEBUG     Sending ping
2026-07-06 06:05:12  DEBUG     Sending ping
2026-07-06 06:05:42  DEBUG     Sending ping
2026-07-06 06:06:12  DEBUG     Sending ping
2026-07-06 06:06:42  DEBUG     Sending ping
2026-07-06 06:07:12  DEBUG     Sending ping
2026-07-06 06:07:42  DEBUG     Sending ping
2026-07-06 06:08:12  DEBUG     Sending ping
2026-07-06 06:08:42  DEBUG     Sending ping
2026-07-06 06:09:12  DEBUG     Sending ping
2026-07-06 06:09:42  DEBUG     Sending ping
2026-07-06 06:10:12  DEBUG     Sending ping
2026-07-06 06:10:42  DEBUG     Sending ping
2026-07-06 06:11:12  DEBUG     Sending ping
2026-07-06 06:11:42  DEBUG     Sending ping
2026-07-06 06:12:12  DEBUG     Sending ping
2026-07-06 06:12:42  DEBUG     Sending ping
2026-07-06 06:13:12  DEBUG     Sending ping
2026-07-06 06:13:42  DEBUG     Sending ping
2026-07-06 06:14:12  DEBUG     Sending ping
2026-07-06 06:14:42  DEBUG     Sending ping
2026-07-06 06:15:01  DEBUG     CANDLE  HFCL          O=222.43  H=224.32  L=222.43  C=223.59
2026-07-06 06:15:01  DEBUG     CANDLE  ZEEL          O=104.49  H=104.55  L=103.70  C=103.74
2026-07-06 06:15:02  DEBUG     CANDLE  BANKBARODA    O=250.60  H=250.60  L=250.10  C=250.30
2026-07-06 06:15:05  DEBUG     CANDLE  SUZLON        O=55.55  H=55.57  L=55.51  C=55.57
2026-07-06 06:15:05  DEBUG     CANDLE  NMDC          O=84.64  H=84.73  L=84.47  C=84.66
2026-07-06 06:15:06  DEBUG     CANDLE  GRANULES      O=852.20  H=852.45  L=849.50  C=850.85
2026-07-06 06:15:07  DEBUG     CANDLE  CESC          O=169.01  H=169.14  L=168.69  C=169.01
2026-07-06 06:15:12  DEBUG     Sending ping
2026-07-06 06:15:42  DEBUG     Sending ping
2026-07-06 06:15:43  DEBUG     CANDLE  BALRAMCHIN    O=561.20  H=561.20  L=560.00  C=560.10
2026-07-06 06:15:43  DEBUG     Starting new HTTPS connection (1): piconnect.flattrade.in:443
2026-07-06 06:15:43  DEBUG     https://piconnect.flattrade.in:443 "POST /PiConnectAPI/Holdings HTTP/1.1" 200 2
2026-07-06 06:15:43  ERROR     CNC SELL BALRAMCHIN skipped — no holdings found in demat
2026-07-06 06:16:12  DEBUG     Sending ping
2026-07-06 06:16:42  DEBUG     Sending ping
2026-07-06 06:17:12  DEBUG     Sending ping
2026-07-06 06:17:42  DEBUG     Sending ping
2026-07-06 06:18:12  DEBUG     Sending ping
2026-07-06 06:18:42  DEBUG     Sending ping
2026-07-06 06:19:12  DEBUG     Sending ping
2026-07-06 06:19:42  DEBUG     Sending ping
2026-07-06 06:20:12  DEBUG     Sending ping
2026-07-06 06:20:42  DEBUG     Sending ping
2026-07-06 06:21:12  DEBUG     Sending ping
2026-07-06 06:21:42  DEBUG     Sending ping
2026-07-06 06:22:12  DEBUG     Sending ping
2026-07-06 06:22:42  DEBUG     Sending ping
2026-07-06 06:23:12  DEBUG     Sending ping
2026-07-06 06:23:42  DEBUG     Sending ping
2026-07-06 06:24:12  DEBUG     Sending ping
2026-07-06 06:24:42  DEBUG     Sending ping
2026-07-06 06:25:12  DEBUG     Sending ping
2026-07-06 06:25:42  DEBUG     Sending ping
2026-07-06 06:26:12  DEBUG     Sending ping
2026-07-06 06:26:42  DEBUG     Sending ping
2026-07-06 06:27:12  DEBUG     Sending ping
2026-07-06 06:27:42  DEBUG     Sending ping
2026-07-06 06:28:12  DEBUG     Sending ping
2026-07-06 06:28:42  DEBUG     Sending ping
2026-07-06 06:29:12  DEBUG     Sending ping
2026-07-06 06:29:42  DEBUG     Sending ping
2026-07-06 06:30:00  DEBUG     CANDLE  BANKBARODA    O=250.25  H=251.00  L=250.10  C=250.80
2026-07-06 06:30:01  DEBUG     CANDLE  BALRAMCHIN    O=560.00  H=561.00  L=559.95  C=560.70
2026-07-06 06:30:02  DEBUG     CANDLE  SUZLON        O=55.55  H=55.58  L=55.48  C=55.52
2026-07-06 06:30:02  DEBUG     CANDLE  NMDC          O=84.65  H=84.73  L=84.47  C=84.73
2026-07-06 06:30:02  DEBUG     CANDLE  HFCL          O=223.65  H=225.00  L=223.60  C=224.66
2026-07-06 06:30:03  DEBUG     CANDLE  CESC          O=169.03  H=169.30  L=168.53  C=168.98
2026-07-06 06:30:04  DEBUG     CANDLE  ZEEL          O=103.71  H=103.94  L=102.74  C=102.95
2026-07-06 06:30:10  DEBUG     CANDLE  GRANULES      O=850.90  H=851.60  L=850.00  C=850.80
2026-07-06 06:30:12  DEBUG     Sending ping
2026-07-06 06:30:42  DEBUG     Sending ping
2026-07-06 06:31:12  DEBUG     Sending ping
2026-07-06 06:31:42  DEBUG     Sending ping
2026-07-06 06:32:12  DEBUG     Sending ping
2026-07-06 06:32:42  DEBUG     Sending ping
2026-07-06 06:33:12  DEBUG     Sending ping
2026-07-06 06:33:42  DEBUG     Sending ping
2026-07-06 06:34:12  DEBUG     Sending ping
2026-07-06 06:34:42  DEBUG     Sending ping
2026-07-06 06:35:12  DEBUG     Sending ping
2026-07-06 06:35:42  DEBUG     Sending ping
2026-07-06 06:36:12  DEBUG     Sending ping
2026-07-06 06:36:42  DEBUG     Sending ping
2026-07-06 06:37:12  DEBUG     Sending ping
2026-07-06 06:37:42  DEBUG     Sending ping
2026-07-06 06:38:12  DEBUG     Sending ping
2026-07-06 06:38:42  DEBUG     Sending ping
2026-07-06 06:39:12  DEBUG     Sending ping
2026-07-06 06:39:42  DEBUG     Sending ping
2026-07-06 06:40:12  DEBUG     Sending ping
2026-07-06 06:40:42  DEBUG     Sending ping
2026-07-06 06:41:12  DEBUG     Sending ping
2026-07-06 06:41:42  DEBUG     Sending ping
2026-07-06 06:42:12  DEBUG     Sending ping
2026-07-06 06:42:42  DEBUG     Sending ping
2026-07-06 06:43:12  DEBUG     Sending ping
2026-07-06 06:43:42  DEBUG     Sending ping
2026-07-06 06:44:12  DEBUG     Sending ping
2026-07-06 06:44:42  DEBUG     Sending ping
2026-07-06 06:44:51  WARNING   TICK GAP  HFCL — silent for 10 min  (last tick 12:04:49)
2026-07-06 06:45:01  DEBUG     CANDLE  BALRAMCHIN    O=560.20  H=563.50  L=560.20  C=563.45
2026-07-06 06:45:03  DEBUG     CANDLE  SUZLON        O=55.51  H=55.65  L=55.49  C=55.65
2026-07-06 06:45:03  DEBUG     CANDLE  NMDC          O=84.69  H=84.76  L=84.44  C=84.58
2026-07-06 06:45:04  DEBUG     CANDLE  BANKBARODA    O=250.90  H=252.15  L=250.75  C=252.05
2026-07-06 06:45:04  DEBUG     Starting new HTTPS connection (1): piconnect.flattrade.in:443
2026-07-06 06:45:04  DEBUG     https://piconnect.flattrade.in:443 "POST /PiConnectAPI/Limits HTTP/1.1" 200 None
2026-07-06 06:45:04  ERROR     CNC BUY BANKBARODA skipped — no capital left (committed=Rs0.00)
2026-07-06 06:45:06  DEBUG     CANDLE  GRANULES      O=850.20  H=852.50  L=849.10  C=852.00
2026-07-06 06:45:06  DEBUG     CANDLE  CESC          O=168.85  H=169.00  L=168.69  C=168.85
2026-07-06 06:45:12  DEBUG     Sending ping
2026-07-06 06:45:29  DEBUG     CANDLE  ZEEL          O=102.97  H=103.15  L=102.82  C=102.95
2026-07-06 06:45:42  DEBUG     Sending ping
2026-07-06 06:45:51  WARNING   TICK GAP  HFCL — silent for 11 min  (last tick 12:04:49)
2026-07-06 06:46:12  DEBUG     Sending ping
2026-07-06 06:46:42  DEBUG     Sending ping
2026-07-06 06:46:51  WARNING   TICK GAP  HFCL — silent for 12 min  (last tick 12:04:49)
2026-07-06 06:47:12  DEBUG     Sending ping
2026-07-06 06:47:42  DEBUG     Sending ping
2026-07-06 06:47:51  WARNING   TICK GAP  HFCL — silent for 13 min  (last tick 12:04:49)
2026-07-06 06:48:12  DEBUG     Sending ping
2026-07-06 06:48:42  DEBUG     Sending ping
2026-07-06 06:48:51  WARNING   TICK GAP  HFCL — silent for 14 min  (last tick 12:04:49)
2026-07-06 06:49:12  DEBUG     Sending ping
2026-07-06 06:49:42  DEBUG     Sending ping
2026-07-06 06:49:51  WARNING   TICK GAP  HFCL — silent for 15 min  (last tick 12:04:49)
2026-07-06 06:50:12  DEBUG     Sending ping
2026-07-06 06:50:42  DEBUG     Sending ping
2026-07-06 06:50:51  WARNING   TICK GAP  HFCL — silent for 16 min  (last tick 12:04:49)
2026-07-06 06:51:12  DEBUG     Sending ping
2026-07-06 06:51:42  DEBUG     Sending ping
2026-07-06 06:51:51  WARNING   TICK GAP  HFCL — silent for 17 min  (last tick 12:04:49)
2026-07-06 06:52:12  DEBUG     Sending ping
2026-07-06 06:52:42  DEBUG     Sending ping
2026-07-06 06:52:52  WARNING   TICK GAP  HFCL — silent for 18 min  (last tick 12:04:49)
2026-07-06 06:53:12  DEBUG     Sending ping
2026-07-06 06:53:42  DEBUG     Sending ping
2026-07-06 06:53:52  WARNING   TICK GAP  HFCL — silent for 19 min  (last tick 12:04:49)
2026-07-06 06:54:12  DEBUG     Sending ping
2026-07-06 06:54:42  DEBUG     Sending ping
2026-07-06 06:54:52  WARNING   TICK GAP  HFCL — silent for 20 min  (last tick 12:04:49)
2026-07-06 06:55:12  DEBUG     Sending ping
2026-07-06 06:55:42  DEBUG     Sending ping
2026-07-06 06:55:52  WARNING   TICK GAP  HFCL — silent for 21 min  (last tick 12:04:49)
2026-07-06 06:56:12  DEBUG     Sending ping
2026-07-06 06:56:42  DEBUG     Sending ping
2026-07-06 06:56:52  WARNING   TICK GAP  HFCL — silent for 22 min  (last tick 12:04:49)
2026-07-06 06:57:12  DEBUG     Sending ping
2026-07-06 06:57:42  DEBUG     Sending ping
2026-07-06 06:57:52  WARNING   TICK GAP  HFCL — silent for 23 min  (last tick 12:04:49)
2026-07-06 06:58:12  DEBUG     Sending ping
2026-07-06 06:58:42  DEBUG     Sending ping
2026-07-06 06:58:52  WARNING   TICK GAP  HFCL — silent for 24 min  (last tick 12:04:49)
2026-07-06 06:59:12  DEBUG     Sending ping
2026-07-06 06:59:42  DEBUG     Sending ping
2026-07-06 06:59:52  WARNING   TICK GAP  HFCL — silent for 25 min  (last tick 12:04:49)
2026-07-06 07:00:00  DEBUG     CANDLE  BALRAMCHIN    O=563.05  H=571.60  L=563.00  C=570.65
2026-07-06 07:00:02  DEBUG     CANDLE  NMDC          O=84.55  H=84.63  L=84.46  C=84.54
2026-07-06 07:00:03  DEBUG     CANDLE  ZEEL          O=102.96  H=102.97  L=101.58  C=102.25
2026-07-06 07:00:03  DEBUG     CANDLE  SUZLON        O=55.66  H=55.85  L=55.49  C=55.52
2026-07-06 07:00:03  DEBUG     CANDLE  CESC          O=168.71  H=168.89  L=168.53  C=168.86
2026-07-06 07:00:04  DEBUG     CANDLE  BANKBARODA    O=252.00  H=252.00  L=250.65  C=251.15
2026-07-06 07:00:12  DEBUG     CANDLE  GRANULES      O=850.40  H=852.50  L=850.00  C=852.50
2026-07-06 07:00:12  DEBUG     Sending ping
2026-07-06 07:00:42  DEBUG     Sending ping
2026-07-06 07:00:52  WARNING   TICK GAP  HFCL — silent for 26 min  (last tick 12:04:49)
2026-07-06 07:01:12  DEBUG     Sending ping
2026-07-06 07:01:42  DEBUG     Sending ping
2026-07-06 07:01:52  WARNING   TICK GAP  HFCL — silent for 27 min  (last tick 12:04:49)
2026-07-06 07:02:12  DEBUG     Sending ping
2026-07-06 07:02:42  DEBUG     Sending ping
2026-07-06 07:02:52  WARNING   TICK GAP  HFCL — silent for 28 min  (last tick 12:04:49)
2026-07-06 07:03:12  DEBUG     Sending ping
2026-07-06 07:03:42  DEBUG     Sending ping
2026-07-06 07:03:52  WARNING   TICK GAP  HFCL — silent for 29 min  (last tick 12:04:49)
2026-07-06 07:04:12  DEBUG     Sending ping
2026-07-06 07:04:42  DEBUG     Sending ping
2026-07-06 07:04:52  WARNING   TICK GAP  HFCL — silent for 30 min  (last tick 12:04:49)
2026-07-06 07:05:12  DEBUG     Sending ping
2026-07-06 07:05:42  DEBUG     Sending ping
2026-07-06 07:05:52  WARNING   TICK GAP  HFCL — silent for 31 min  (last tick 12:04:49)
2026-07-06 07:06:12  DEBUG     Sending ping
2026-07-06 07:06:42  DEBUG     Sending ping
2026-07-06 07:06:52  WARNING   TICK GAP  HFCL — silent for 32 min  (last tick 12:04:49)
2026-07-06 07:07:12  DEBUG     Sending ping
2026-07-06 07:07:42  DEBUG     Sending ping
2026-07-06 07:07:52  WARNING   TICK GAP  HFCL — silent for 33 min  (last tick 12:04:49)
2026-07-06 07:08:12  DEBUG     Sending ping
2026-07-06 07:08:42  DEBUG     Sending ping
2026-07-06 07:08:52  WARNING   TICK GAP  HFCL — silent for 34 min  (last tick 12:04:49)
2026-07-06 07:09:12  DEBUG     Sending ping
2026-07-06 07:09:42  DEBUG     Sending ping
2026-07-06 07:09:52  WARNING   TICK GAP  HFCL — silent for 35 min  (last tick 12:04:49)
2026-07-06 07:10:12  DEBUG     Sending ping
2026-07-06 07:10:42  DEBUG     Sending ping
2026-07-06 07:10:52  WARNING   TICK GAP  HFCL — silent for 36 min  (last tick 12:04:49)
2026-07-06 07:11:12  DEBUG     Sending ping
2026-07-06 07:11:42  DEBUG     Sending ping
2026-07-06 07:11:52  WARNING   TICK GAP  HFCL — silent for 37 min  (last tick 12:04:49)
2026-07-06 07:12:12  DEBUG     Sending ping
2026-07-06 07:12:42  DEBUG     Sending ping
2026-07-06 07:12:52  WARNING   TICK GAP  HFCL — silent for 38 min  (last tick 12:04:49)
2026-07-06 07:13:12  DEBUG     Sending ping
2026-07-06 07:13:42  DEBUG     Sending ping
2026-07-06 07:13:53  WARNING   TICK GAP  HFCL — silent for 39 min  (last tick 12:04:49)
2026-07-06 07:14:12  DEBUG     Sending ping
2026-07-06 07:14:42  DEBUG     Sending ping
2026-07-06 07:14:53  WARNING   TICK GAP  HFCL — silent for 40 min  (last tick 12:04:49)
2026-07-06 07:15:00  DEBUG     CANDLE  BALRAMCHIN    O=570.05  H=574.00  L=569.00  C=573.60
2026-07-06 07:15:00  DEBUG     CANDLE  NMDC          O=84.57  H=84.76  L=84.50  C=84.54
2026-07-06 07:15:00  DEBUG     CANDLE  GRANULES      O=852.05  H=856.00  L=850.10  C=853.45
2026-07-06 07:15:00  DEBUG     CANDLE  CESC          O=168.76  H=169.07  L=168.52  C=168.70
2026-07-06 07:15:01  DEBUG     CANDLE  SUZLON        O=55.53  H=55.54  L=55.14  C=55.21
2026-07-06 07:15:01  DEBUG     CANDLE  BANKBARODA    O=251.20  H=251.50  L=250.40  C=250.55
2026-07-06 07:15:06  DEBUG     CANDLE  ZEEL          O=102.19  H=102.29  L=101.85  C=102.20
2026-07-06 07:15:12  DEBUG     Sending ping
2026-07-06 07:15:42  DEBUG     Sending ping
2026-07-06 07:15:53  WARNING   TICK GAP  HFCL — silent for 41 min  (last tick 12:04:49)
2026-07-06 07:16:12  DEBUG     Sending ping
2026-07-06 07:16:42  DEBUG     Sending ping
2026-07-06 07:16:53  WARNING   TICK GAP  HFCL — silent for 42 min  (last tick 12:04:49)
2026-07-06 07:17:12  DEBUG     Sending ping
2026-07-06 07:17:42  DEBUG     Sending ping
2026-07-06 07:17:53  WARNING   TICK GAP  HFCL — silent for 43 min  (last tick 12:04:49)
2026-07-06 07:18:12  DEBUG     Sending ping
2026-07-06 07:18:42  DEBUG     Sending ping
2026-07-06 07:18:53  WARNING   TICK GAP  HFCL — silent for 44 min  (last tick 12:04:49)
2026-07-06 07:19:12  DEBUG     Sending ping
2026-07-06 07:19:42  DEBUG     Sending ping
2026-07-06 07:19:53  WARNING   TICK GAP  HFCL — silent for 45 min  (last tick 12:04:49)
2026-07-06 07:20:12  DEBUG     Sending ping
2026-07-06 07:20:42  DEBUG     Sending ping
2026-07-06 07:20:53  WARNING   TICK GAP  HFCL — silent for 46 min  (last tick 12:04:49)
2026-07-06 07:21:12  DEBUG     Sending ping
2026-07-06 07:21:42  DEBUG     Sending ping
2026-07-06 07:21:53  WARNING   TICK GAP  HFCL — silent for 47 min  (last tick 12:04:49)
2026-07-06 07:22:12  DEBUG     Sending ping
2026-07-06 07:22:42  DEBUG     Sending ping
2026-07-06 07:22:53  WARNING   TICK GAP  HFCL — silent for 48 min  (last tick 12:04:49)
2026-07-06 07:23:12  DEBUG     Sending ping
2026-07-06 07:23:42  DEBUG     Sending ping
2026-07-06 07:23:53  WARNING   TICK GAP  HFCL — silent for 49 min  (last tick 12:04:49)
2026-07-06 07:24:12  DEBUG     Sending ping
2026-07-06 07:24:42  DEBUG     Sending ping
2026-07-06 07:24:53  WARNING   TICK GAP  HFCL — silent for 50 min  (last tick 12:04:49)
2026-07-06 07:25:12  DEBUG     Sending ping
2026-07-06 07:25:42  DEBUG     Sending ping
2026-07-06 07:25:53  WARNING   TICK GAP  HFCL — silent for 51 min  (last tick 12:04:49)
2026-07-06 07:26:12  DEBUG     Sending ping
2026-07-06 07:26:42  DEBUG     Sending ping
2026-07-06 07:26:53  WARNING   TICK GAP  HFCL — silent for 52 min  (last tick 12:04:49)
2026-07-06 07:27:12  DEBUG     Sending ping
2026-07-06 07:27:42  DEBUG     Sending ping
2026-07-06 07:27:53  WARNING   TICK GAP  HFCL — silent for 53 min  (last tick 12:04:49)
2026-07-06 07:28:12  DEBUG     Sending ping
2026-07-06 07:28:42  DEBUG     Sending ping
2026-07-06 07:28:53  WARNING   TICK GAP  HFCL — silent for 54 min  (last tick 12:04:49)
2026-07-06 07:29:12  DEBUG     Sending ping
2026-07-06 07:29:42  DEBUG     Sending ping
2026-07-06 07:29:53  WARNING   TICK GAP  HFCL — silent for 55 min  (last tick 12:04:49)
2026-07-06 07:30:01  DEBUG     CANDLE  BALRAMCHIN    O=573.30  H=575.70  L=570.60  C=571.05
2026-07-06 07:30:03  DEBUG     CANDLE  SUZLON        O=55.22  H=55.28  L=55.20  C=55.24
2026-07-06 07:30:03  DEBUG     CANDLE  NMDC          O=84.51  H=84.66  L=84.46  C=84.47
2026-07-06 07:30:03  DEBUG     CANDLE  ZEEL          O=102.16  H=102.28  L=102.00  C=102.09
2026-07-06 07:30:03  DEBUG     CANDLE  GRANULES      O=853.25  H=855.00  L=852.75  C=853.85
2026-07-06 07:30:12  DEBUG     Sending ping
2026-07-06 07:30:20  DEBUG     CANDLE  BANKBARODA    O=250.60  H=250.65  L=250.20  C=250.35
2026-07-06 07:30:28  DEBUG     CANDLE  CESC          O=168.81  H=168.81  L=168.51  C=168.51
2026-07-06 07:30:42  DEBUG     Sending ping
2026-07-06 07:30:53  WARNING   TICK GAP  HFCL — silent for 56 min  (last tick 12:04:49)
2026-07-06 07:31:12  DEBUG     Sending ping
2026-07-06 07:31:42  DEBUG     Sending ping
2026-07-06 07:31:53  WARNING   TICK GAP  HFCL — silent for 57 min  (last tick 12:04:49)
2026-07-06 07:32:12  DEBUG     Sending ping
2026-07-06 07:32:42  DEBUG     Sending ping
2026-07-06 07:32:53  WARNING   TICK GAP  HFCL — silent for 58 min  (last tick 12:04:49)
2026-07-06 07:33:12  DEBUG     Sending ping
2026-07-06 07:33:42  DEBUG     Sending ping
2026-07-06 07:33:53  WARNING   TICK GAP  HFCL — silent for 59 min  (last tick 12:04:49)
2026-07-06 07:34:12  DEBUG     Sending ping
2026-07-06 07:34:42  DEBUG     Sending ping
2026-07-06 07:34:53  WARNING   TICK GAP  HFCL — silent for 60 min  (last tick 12:04:49)
2026-07-06 07:35:12  DEBUG     Sending ping
2026-07-06 07:35:42  DEBUG     Sending ping
2026-07-06 07:35:54  WARNING   TICK GAP  HFCL — silent for 61 min  (last tick 12:04:49)
2026-07-06 07:36:12  DEBUG     Sending ping
2026-07-06 07:36:42  DEBUG     Sending ping
2026-07-06 07:36:54  WARNING   TICK GAP  HFCL — silent for 62 min  (last tick 12:04:49)
2026-07-06 07:37:12  DEBUG     Sending ping
2026-07-06 07:37:42  DEBUG     Sending ping
2026-07-06 07:37:54  WARNING   TICK GAP  HFCL — silent for 63 min  (last tick 12:04:49)
2026-07-06 07:38:12  DEBUG     Sending ping
2026-07-06 07:38:42  DEBUG     Sending ping
2026-07-06 07:38:54  WARNING   TICK GAP  HFCL — silent for 64 min  (last tick 12:04:49)
2026-07-06 07:39:12  DEBUG     Sending ping
2026-07-06 07:39:42  DEBUG     Sending ping
2026-07-06 07:39:54  WARNING   TICK GAP  HFCL — silent for 65 min  (last tick 12:04:49)
2026-07-06 07:40:12  DEBUG     Sending ping
2026-07-06 07:40:42  DEBUG     Sending ping
2026-07-06 07:40:54  WARNING   TICK GAP  HFCL — silent for 66 min  (last tick 12:04:49)
2026-07-06 07:41:12  DEBUG     Sending ping
2026-07-06 07:41:42  DEBUG     Sending ping
2026-07-06 07:41:54  WARNING   TICK GAP  HFCL — silent for 67 min  (last tick 12:04:49)
2026-07-06 07:42:12  DEBUG     Sending ping
2026-07-06 07:42:42  DEBUG     Sending ping
2026-07-06 07:42:54  WARNING   TICK GAP  HFCL — silent for 68 min  (last tick 12:04:49)
2026-07-06 07:43:12  DEBUG     Sending ping
2026-07-06 07:43:42  DEBUG     Sending ping
2026-07-06 07:43:54  WARNING   TICK GAP  HFCL — silent for 69 min  (last tick 12:04:49)
2026-07-06 07:44:12  DEBUG     Sending ping
2026-07-06 07:44:42  DEBUG     Sending ping
2026-07-06 07:44:54  WARNING   TICK GAP  HFCL — silent for 70 min  (last tick 12:04:49)
2026-07-06 07:45:00  DEBUG     CANDLE  BANKBARODA    O=250.30  H=250.90  L=250.30  C=250.75
2026-07-06 07:45:01  DEBUG     CANDLE  SUZLON        O=55.26  H=55.48  L=55.20  C=55.40
2026-07-06 07:45:01  DEBUG     CANDLE  NMDC          O=84.51  H=84.59  L=84.41  C=84.58
2026-07-06 07:45:01  DEBUG     CANDLE  BALRAMCHIN    O=570.65  H=572.95  L=570.65  C=572.80
2026-07-06 07:45:02  DEBUG     CANDLE  CESC          O=168.50  H=168.83  L=168.40  C=168.69
2026-07-06 07:45:02  DEBUG     CANDLE  ZEEL          O=102.07  H=102.35  L=102.00  C=102.10
2026-07-06 07:45:02  DEBUG     CANDLE  GRANULES      O=854.15  H=854.90  L=852.50  C=853.70
2026-07-06 07:45:12  DEBUG     Sending ping
2026-07-06 07:45:42  DEBUG     Sending ping
2026-07-06 07:45:54  WARNING   TICK GAP  HFCL — silent for 71 min  (last tick 12:04:49)
2026-07-06 07:46:12  DEBUG     Sending ping
2026-07-06 07:46:42  DEBUG     Sending ping
2026-07-06 07:46:54  WARNING   TICK GAP  HFCL — silent for 72 min  (last tick 12:04:49)
2026-07-06 07:47:12  DEBUG     Sending ping
2026-07-06 07:47:42  DEBUG     Sending ping
2026-07-06 07:47:54  WARNING   TICK GAP  HFCL — silent for 73 min  (last tick 12:04:49)
2026-07-06 07:48:12  DEBUG     Sending ping
2026-07-06 07:48:42  DEBUG     Sending ping
2026-07-06 07:48:54  WARNING   TICK GAP  HFCL — silent for 74 min  (last tick 12:04:49)
2026-07-06 07:49:12  DEBUG     Sending ping
2026-07-06 07:49:42  DEBUG     Sending ping
2026-07-06 07:49:54  WARNING   TICK GAP  HFCL — silent for 75 min  (last tick 12:04:49)
2026-07-06 07:50:12  DEBUG     Sending ping
2026-07-06 07:50:42  DEBUG     Sending ping
2026-07-06 07:50:54  WARNING   TICK GAP  HFCL — silent for 76 min  (last tick 12:04:49)
2026-07-06 07:51:12  DEBUG     Sending ping
2026-07-06 07:51:42  DEBUG     Sending ping
2026-07-06 07:51:54  WARNING   TICK GAP  HFCL — silent for 77 min  (last tick 12:04:49)
2026-07-06 07:52:12  DEBUG     Sending ping
2026-07-06 07:52:42  DEBUG     Sending ping
2026-07-06 07:52:54  WARNING   TICK GAP  HFCL — silent for 78 min  (last tick 12:04:49)
2026-07-06 07:53:12  DEBUG     Sending ping
2026-07-06 07:53:42  DEBUG     Sending ping
2026-07-06 07:53:54  WARNING   TICK GAP  HFCL — silent for 79 min  (last tick 12:04:49)
2026-07-06 07:54:12  DEBUG     Sending ping
2026-07-06 07:54:42  DEBUG     Sending ping
2026-07-06 07:54:54  WARNING   TICK GAP  HFCL — silent for 80 min  (last tick 12:04:49)
2026-07-06 07:55:12  DEBUG     Sending ping
2026-07-06 07:55:42  DEBUG     Sending ping
2026-07-06 07:55:54  WARNING   TICK GAP  HFCL — silent for 81 min  (last tick 12:04:49)
2026-07-06 07:56:12  DEBUG     Sending ping
2026-07-06 07:56:42  DEBUG     Sending ping
2026-07-06 07:56:54  WARNING   TICK GAP  HFCL — silent for 82 min  (last tick 12:04:49)
2026-07-06 07:57:12  DEBUG     Sending ping
2026-07-06 07:57:42  DEBUG     Sending ping
2026-07-06 07:57:55  WARNING   TICK GAP  HFCL — silent for 83 min  (last tick 12:04:49)
2026-07-06 07:58:12  DEBUG     Sending ping
2026-07-06 07:58:42  DEBUG     Sending ping
2026-07-06 07:58:55  WARNING   TICK GAP  HFCL — silent for 84 min  (last tick 12:04:49)
2026-07-06 07:59:12  DEBUG     Sending ping
2026-07-06 07:59:42  DEBUG     Sending ping
2026-07-06 07:59:55  WARNING   TICK GAP  HFCL — silent for 85 min  (last tick 12:04:49)
2026-07-06 08:00:00  DEBUG     CANDLE  NMDC          O=84.60  H=84.77  L=84.58  C=84.68
2026-07-06 08:00:00  DEBUG     CANDLE  BALRAMCHIN    O=572.50  H=572.80  L=571.30  C=571.55
2026-07-06 08:00:01  DEBUG     CANDLE  CESC          O=168.59  H=169.65  L=168.52  C=169.40
2026-07-06 08:00:01  DEBUG     Starting new HTTPS connection (1): piconnect.flattrade.in:443
2026-07-06 08:00:02  DEBUG     https://piconnect.flattrade.in:443 "POST /PiConnectAPI/Limits HTTP/1.1" 200 None
2026-07-06 08:00:02  ERROR     CNC BUY CESC skipped — no capital left (committed=Rs0.00)
2026-07-06 08:00:02  DEBUG     CANDLE  ZEEL          O=102.06  H=102.25  L=102.00  C=102.22
2026-07-06 08:00:07  DEBUG     CANDLE  BANKBARODA    O=250.85  H=251.20  L=250.65  C=250.90
2026-07-06 08:00:11  DEBUG     CANDLE  GRANULES      O=853.60  H=853.60  L=852.40  C=853.00
2026-07-06 08:00:12  DEBUG     Sending ping
2026-07-06 08:00:15  DEBUG     CANDLE  SUZLON        O=55.42  H=55.42  L=55.30  C=55.39
2026-07-06 08:00:42  DEBUG     Sending ping
2026-07-06 08:00:55  WARNING   TICK GAP  HFCL — silent for 86 min  (last tick 12:04:49)
2026-07-06 08:01:12  DEBUG     Sending ping
2026-07-06 08:01:42  DEBUG     Sending ping
2026-07-06 08:01:55  WARNING   TICK GAP  HFCL — silent for 87 min  (last tick 12:04:49)
2026-07-06 08:02:12  DEBUG     Sending ping
2026-07-06 08:02:42  DEBUG     Sending ping
2026-07-06 08:02:55  WARNING   TICK GAP  HFCL — silent for 88 min  (last tick 12:04:49)
2026-07-06 08:03:12  DEBUG     Sending ping
2026-07-06 08:03:42  DEBUG     Sending ping
2026-07-06 08:03:55  WARNING   TICK GAP  HFCL — silent for 89 min  (last tick 12:04:49)
2026-07-06 08:04:12  DEBUG     Sending ping
2026-07-06 08:04:42  DEBUG     Sending ping
2026-07-06 08:04:55  WARNING   TICK GAP  HFCL — silent for 90 min  (last tick 12:04:49)
2026-07-06 08:05:12  DEBUG     Sending ping
2026-07-06 08:05:42  DEBUG     Sending ping
2026-07-06 08:05:55  WARNING   TICK GAP  HFCL — silent for 91 min  (last tick 12:04:49)
2026-07-06 08:06:12  DEBUG     Sending ping
2026-07-06 08:06:42  DEBUG     Sending ping
2026-07-06 08:06:55  WARNING   TICK GAP  HFCL — silent for 92 min  (last tick 12:04:49)
2026-07-06 08:07:12  DEBUG     Sending ping
2026-07-06 08:07:42  DEBUG     Sending ping
2026-07-06 08:07:55  WARNING   TICK GAP  HFCL — silent for 93 min  (last tick 12:04:49)
2026-07-06 08:08:12  DEBUG     Sending ping
2026-07-06 08:08:42  DEBUG     Sending ping
2026-07-06 08:08:55  WARNING   TICK GAP  HFCL — silent for 94 min  (last tick 12:04:49)
2026-07-06 08:09:12  DEBUG     Sending ping
2026-07-06 08:09:42  DEBUG     Sending ping
2026-07-06 08:09:55  WARNING   TICK GAP  HFCL — silent for 95 min  (last tick 12:04:49)
2026-07-06 08:10:12  DEBUG     Sending ping
2026-07-06 08:10:42  DEBUG     Sending ping
2026-07-06 08:10:55  WARNING   TICK GAP  HFCL — silent for 96 min  (last tick 12:04:49)
2026-07-06 08:11:12  DEBUG     Sending ping
2026-07-06 08:11:42  DEBUG     Sending ping
2026-07-06 08:11:55  WARNING   TICK GAP  HFCL — silent for 97 min  (last tick 12:04:49)
2026-07-06 08:12:12  DEBUG     Sending ping
2026-07-06 08:12:42  DEBUG     Sending ping
2026-07-06 08:12:55  WARNING   TICK GAP  HFCL — silent for 98 min  (last tick 12:04:49)
2026-07-06 08:13:12  DEBUG     Sending ping
2026-07-06 08:13:42  DEBUG     Sending ping
2026-07-06 08:13:55  WARNING   TICK GAP  HFCL — silent for 99 min  (last tick 12:04:49)
2026-07-06 08:14:12  DEBUG     Sending ping
2026-07-06 08:14:42  DEBUG     Sending ping
2026-07-06 08:14:55  WARNING   TICK GAP  HFCL — silent for 100 min  (last tick 12:04:49)
2026-07-06 08:15:01  DEBUG     CANDLE  BANKBARODA    O=250.95  H=251.25  L=250.20  C=250.30
2026-07-06 08:15:01  DEBUG     CANDLE  BALRAMCHIN    O=571.60  H=572.20  L=571.30  C=571.50
2026-07-06 08:15:03  DEBUG     CANDLE  SUZLON        O=55.38  H=55.39  L=55.31  C=55.35
2026-07-06 08:15:03  DEBUG     CANDLE  NMDC          O=84.69  H=84.78  L=84.60  C=84.62
2026-07-06 08:15:03  DEBUG     CANDLE  ZEEL          O=102.20  H=102.35  L=102.13  C=102.19
2026-07-06 08:15:03  DEBUG     CANDLE  GRANULES      O=852.95  H=854.85  L=852.00  C=852.65
2026-07-06 08:15:03  DEBUG     CANDLE  CESC          O=169.30  H=169.39  L=169.06  C=169.26
2026-07-06 08:15:12  DEBUG     Sending ping
2026-07-06 08:15:42  DEBUG     Sending ping
2026-07-06 08:15:55  WARNING   TICK GAP  HFCL — silent for 101 min  (last tick 12:04:49)
2026-07-06 08:16:12  DEBUG     Sending ping
2026-07-06 08:16:42  DEBUG     Sending ping
2026-07-06 08:16:55  WARNING   TICK GAP  HFCL — silent for 102 min  (last tick 12:04:49)
2026-07-06 08:17:12  DEBUG     Sending ping
2026-07-06 08:17:42  DEBUG     Sending ping
2026-07-06 08:17:55  WARNING   TICK GAP  HFCL — silent for 103 min  (last tick 12:04:49)
2026-07-06 08:18:12  DEBUG     Sending ping
2026-07-06 08:18:42  DEBUG     Sending ping
2026-07-06 08:18:55  WARNING   TICK GAP  HFCL — silent for 104 min  (last tick 12:04:49)
2026-07-06 08:19:12  DEBUG     Sending ping
2026-07-06 08:19:42  DEBUG     Sending ping
2026-07-06 08:19:55  WARNING   TICK GAP  HFCL — silent for 105 min  (last tick 12:04:49)
2026-07-06 08:20:12  DEBUG     Sending ping
2026-07-06 08:20:42  DEBUG     Sending ping
2026-07-06 08:20:56  WARNING   TICK GAP  HFCL — silent for 106 min  (last tick 12:04:49)
2026-07-06 08:21:12  DEBUG     Sending ping
2026-07-06 08:21:42  DEBUG     Sending ping
2026-07-06 08:21:56  WARNING   TICK GAP  HFCL — silent for 107 min  (last tick 12:04:49)
2026-07-06 08:22:12  DEBUG     Sending ping
2026-07-06 08:22:42  DEBUG     Sending ping
2026-07-06 08:22:56  WARNING   TICK GAP  HFCL — silent for 108 min  (last tick 12:04:49)
2026-07-06 08:23:12  DEBUG     Sending ping
2026-07-06 08:23:42  DEBUG     Sending ping
2026-07-06 08:23:56  WARNING   TICK GAP  HFCL — silent for 109 min  (last tick 12:04:49)
2026-07-06 08:24:12  DEBUG     Sending ping
2026-07-06 08:24:42  DEBUG     Sending ping
2026-07-06 08:24:56  WARNING   TICK GAP  HFCL — silent for 110 min  (last tick 12:04:49)
2026-07-06 08:25:12  DEBUG     Sending ping
2026-07-06 08:25:42  DEBUG     Sending ping
2026-07-06 08:25:56  WARNING   TICK GAP  HFCL — silent for 111 min  (last tick 12:04:49)
2026-07-06 08:26:12  DEBUG     Sending ping
2026-07-06 08:26:42  DEBUG     Sending ping
2026-07-06 08:26:56  WARNING   TICK GAP  HFCL — silent for 112 min  (last tick 12:04:49)
2026-07-06 08:27:12  DEBUG     Sending ping
2026-07-06 08:27:42  DEBUG     Sending ping
2026-07-06 08:27:56  WARNING   TICK GAP  HFCL — silent for 113 min  (last tick 12:04:49)
2026-07-06 08:28:12  DEBUG     Sending ping
2026-07-06 08:28:42  DEBUG     Sending ping
2026-07-06 08:28:56  WARNING   TICK GAP  HFCL — silent for 114 min  (last tick 12:04:49)
2026-07-06 08:29:12  DEBUG     Sending ping
2026-07-06 08:29:42  DEBUG     Sending ping
2026-07-06 08:29:56  WARNING   TICK GAP  HFCL — silent for 115 min  (last tick 12:04:49)
2026-07-06 08:30:00  DEBUG     CANDLE  ZEEL          O=102.16  H=102.57  L=102.07  C=102.40
2026-07-06 08:30:00  DEBUG     CANDLE  GRANULES      O=852.60  H=853.80  L=850.90  C=852.30
2026-07-06 08:30:01  DEBUG     CANDLE  BANKBARODA    O=250.25  H=250.65  L=250.05  C=250.10
2026-07-06 08:30:01  DEBUG     Starting new HTTPS connection (1): piconnect.flattrade.in:443
2026-07-06 08:30:01  DEBUG     https://piconnect.flattrade.in:443 "POST /PiConnectAPI/Holdings HTTP/1.1" 200 2
2026-07-06 08:30:01  ERROR     CNC SELL BANKBARODA skipped — no holdings found in demat
2026-07-06 08:30:02  DEBUG     CANDLE  NMDC          O=84.66  H=84.66  L=84.46  C=84.48
2026-07-06 08:30:02  DEBUG     CANDLE  CESC          O=169.17  H=169.40  L=169.12  C=169.18
2026-07-06 08:30:05  DEBUG     CANDLE  SUZLON        O=55.34  H=55.36  L=55.23  C=55.29
2026-07-06 08:30:07  DEBUG     CANDLE  BALRAMCHIN    O=571.40  H=572.40  L=569.00  C=569.00
2026-07-06 08:30:12  DEBUG     Sending ping
2026-07-06 08:30:42  DEBUG     Sending ping
2026-07-06 08:30:56  WARNING   TICK GAP  HFCL — silent for 116 min  (last tick 12:04:49)
2026-07-06 08:31:12  DEBUG     Sending ping
2026-07-06 08:31:42  DEBUG     Sending ping
2026-07-06 08:31:56  WARNING   TICK GAP  HFCL — silent for 117 min  (last tick 12:04:49)
2026-07-06 08:32:12  DEBUG     Sending ping
2026-07-06 08:32:42  DEBUG     Sending ping
2026-07-06 08:32:56  WARNING   TICK GAP  HFCL — silent for 118 min  (last tick 12:04:49)
2026-07-06 08:33:12  DEBUG     Sending ping
2026-07-06 08:33:42  DEBUG     Sending ping
2026-07-06 08:33:56  WARNING   TICK GAP  HFCL — silent for 119 min  (last tick 12:04:49)
2026-07-06 08:34:12  DEBUG     Sending ping
2026-07-06 08:34:42  DEBUG     Sending ping
2026-07-06 08:34:56  WARNING   TICK GAP  HFCL — silent for 120 min  (last tick 12:04:49)
2026-07-06 08:35:12  DEBUG     Sending ping
2026-07-06 08:35:42  DEBUG     Sending ping
2026-07-06 08:35:56  WARNING   TICK GAP  HFCL — silent for 121 min  (last tick 12:04:49)
2026-07-06 08:36:12  DEBUG     Sending ping
2026-07-06 08:36:42  DEBUG     Sending ping
2026-07-06 08:36:56  WARNING   TICK GAP  HFCL — silent for 122 min  (last tick 12:04:49)
2026-07-06 08:37:12  DEBUG     Sending ping
2026-07-06 08:37:42  DEBUG     Sending ping
2026-07-06 08:37:56  WARNING   TICK GAP  HFCL — silent for 123 min  (last tick 12:04:49)
2026-07-06 08:38:12  DEBUG     Sending ping
2026-07-06 08:38:42  DEBUG     Sending ping
2026-07-06 08:38:56  WARNING   TICK GAP  HFCL — silent for 124 min  (last tick 12:04:49)
2026-07-06 08:39:12  DEBUG     Sending ping
2026-07-06 08:39:42  DEBUG     Sending ping
2026-07-06 08:39:56  WARNING   TICK GAP  HFCL — silent for 125 min  (last tick 12:04:49)
2026-07-06 08:40:12  DEBUG     Sending ping
2026-07-06 08:40:42  DEBUG     Sending ping
2026-07-06 08:40:56  WARNING   TICK GAP  HFCL — silent for 126 min  (last tick 12:04:49)
2026-07-06 08:41:12  DEBUG     Sending ping
2026-07-06 08:41:42  DEBUG     Sending ping
2026-07-06 08:41:56  WARNING   TICK GAP  HFCL — silent for 127 min  (last tick 12:04:49)
2026-07-06 08:42:12  DEBUG     Sending ping
2026-07-06 08:42:42  DEBUG     Sending ping
2026-07-06 08:42:56  WARNING   TICK GAP  HFCL — silent for 128 min  (last tick 12:04:49)
2026-07-06 08:43:12  DEBUG     Sending ping
2026-07-06 08:43:42  DEBUG     Sending ping
2026-07-06 08:43:57  WARNING   TICK GAP  HFCL — silent for 129 min  (last tick 12:04:49)
2026-07-06 08:44:12  DEBUG     Sending ping
2026-07-06 08:44:42  DEBUG     Sending ping
2026-07-06 08:44:57  WARNING   TICK GAP  HFCL — silent for 130 min  (last tick 12:04:49)
2026-07-06 08:45:00  DEBUG     CANDLE  BALRAMCHIN    O=568.80  H=569.75  L=568.00  C=568.15
2026-07-06 08:45:00  DEBUG     Starting new HTTPS connection (1): piconnect.flattrade.in:443
2026-07-06 08:45:01  DEBUG     https://piconnect.flattrade.in:443 "POST /PiConnectAPI/Holdings HTTP/1.1" 200 2
2026-07-06 08:45:01  ERROR     CNC SELL BALRAMCHIN skipped — no holdings found in demat
2026-07-06 08:45:01  DEBUG     CANDLE  SUZLON        O=55.28  H=55.30  L=55.21  C=55.22
2026-07-06 08:45:01  DEBUG     CANDLE  NMDC          O=84.52  H=84.59  L=84.47  C=84.53
2026-07-06 08:45:01  DEBUG     CANDLE  ZEEL          O=102.35  H=102.40  L=102.15  C=102.35
2026-07-06 08:45:01  DEBUG     CANDLE  GRANULES      O=852.10  H=855.95  L=852.10  C=855.85
2026-07-06 08:45:01  DEBUG     CANDLE  CESC          O=169.13  H=169.26  L=168.72  C=168.90
2026-07-06 08:45:03  DEBUG     CANDLE  BANKBARODA    O=250.20  H=250.45  L=250.05  C=250.35
2026-07-06 08:45:12  DEBUG     Sending ping
2026-07-06 08:45:42  DEBUG     Sending ping
2026-07-06 08:45:57  WARNING   TICK GAP  HFCL — silent for 131 min  (last tick 12:04:49)
2026-07-06 08:46:12  DEBUG     Sending ping
2026-07-06 08:46:42  DEBUG     Sending ping
2026-07-06 08:46:57  WARNING   TICK GAP  HFCL — silent for 132 min  (last tick 12:04:49)
2026-07-06 08:47:12  DEBUG     Sending ping
2026-07-06 08:47:42  DEBUG     Sending ping
2026-07-06 08:47:57  WARNING   TICK GAP  HFCL — silent for 133 min  (last tick 12:04:49)
2026-07-06 08:48:12  DEBUG     Sending ping
2026-07-06 08:48:42  DEBUG     Sending ping
2026-07-06 08:48:57  WARNING   TICK GAP  HFCL — silent for 134 min  (last tick 12:04:49)
2026-07-06 08:49:12  DEBUG     Sending ping
2026-07-06 08:49:42  DEBUG     Sending ping
2026-07-06 08:49:57  WARNING   TICK GAP  HFCL — silent for 135 min  (last tick 12:04:49)
2026-07-06 08:50:12  DEBUG     Sending ping
2026-07-06 08:50:42  DEBUG     Sending ping
2026-07-06 08:50:57  WARNING   TICK GAP  HFCL — silent for 136 min  (last tick 12:04:49)
2026-07-06 08:51:12  DEBUG     Sending ping
2026-07-06 08:51:42  DEBUG     Sending ping
2026-07-06 08:51:57  WARNING   TICK GAP  HFCL — silent for 137 min  (last tick 12:04:49)
2026-07-06 08:52:12  DEBUG     Sending ping
2026-07-06 08:52:42  DEBUG     Sending ping
2026-07-06 08:52:57  WARNING   TICK GAP  HFCL — silent for 138 min  (last tick 12:04:49)
2026-07-06 08:53:12  DEBUG     Sending ping
2026-07-06 08:53:42  DEBUG     Sending ping
2026-07-06 08:53:57  WARNING   TICK GAP  HFCL — silent for 139 min  (last tick 12:04:49)
2026-07-06 08:54:12  DEBUG     Sending ping
2026-07-06 08:54:42  DEBUG     Sending ping
2026-07-06 08:54:57  WARNING   TICK GAP  HFCL — silent for 140 min  (last tick 12:04:49)
2026-07-06 08:55:12  DEBUG     Sending ping
2026-07-06 08:55:42  DEBUG     Sending ping
2026-07-06 08:55:57  WARNING   TICK GAP  HFCL — silent for 141 min  (last tick 12:04:49)
2026-07-06 08:56:12  DEBUG     Sending ping
2026-07-06 08:56:42  DEBUG     Sending ping
2026-07-06 08:56:57  WARNING   TICK GAP  HFCL — silent for 142 min  (last tick 12:04:49)
2026-07-06 08:57:12  DEBUG     Sending ping
2026-07-06 08:57:42  DEBUG     Sending ping
2026-07-06 08:57:57  WARNING   TICK GAP  HFCL — silent for 143 min  (last tick 12:04:49)
2026-07-06 08:58:12  DEBUG     Sending ping
2026-07-06 08:58:42  DEBUG     Sending ping
2026-07-06 08:58:57  WARNING   TICK GAP  HFCL — silent for 144 min  (last tick 12:04:49)
2026-07-06 08:59:12  DEBUG     Sending ping
2026-07-06 08:59:42  DEBUG     Sending ping
2026-07-06 08:59:57  WARNING   TICK GAP  HFCL — silent for 145 min  (last tick 12:04:49)
2026-07-06 09:00:00  DEBUG     CANDLE  CESC          O=168.77  H=169.20  L=168.75  C=169.01
2026-07-06 09:00:00  DEBUG     CANDLE  SUZLON        O=55.21  H=55.21  L=55.01  C=55.06
2026-07-06 09:00:04  DEBUG     CANDLE  NMDC          O=84.50  H=84.57  L=84.42  C=84.51
2026-07-06 09:00:05  DEBUG     CANDLE  ZEEL          O=102.30  H=102.35  L=101.88  C=102.00
2026-07-06 09:00:05  DEBUG     CANDLE  GRANULES      O=856.00  H=858.15  L=854.00  C=854.05
2026-07-06 09:00:06  DEBUG     CANDLE  BANKBARODA    O=250.30  H=250.60  L=250.10  C=250.35
2026-07-06 09:00:07  DEBUG     CANDLE  BALRAMCHIN    O=568.20  H=569.95  L=567.30  C=569.35
2026-07-06 09:00:12  DEBUG     Sending ping
2026-07-06 09:00:42  DEBUG     Sending ping
2026-07-06 09:00:57  WARNING   TICK GAP  HFCL — silent for 146 min  (last tick 12:04:49)
2026-07-06 09:01:12  DEBUG     Sending ping
2026-07-06 09:01:42  DEBUG     Sending ping
2026-07-06 09:01:57  WARNING   TICK GAP  HFCL — silent for 147 min  (last tick 12:04:49)
2026-07-06 09:02:12  DEBUG     Sending ping
2026-07-06 09:02:42  DEBUG     Sending ping
2026-07-06 09:02:57  WARNING   TICK GAP  HFCL — silent for 148 min  (last tick 12:04:49)
2026-07-06 09:03:12  DEBUG     Sending ping
2026-07-06 09:03:42  DEBUG     Sending ping
2026-07-06 09:03:57  WARNING   TICK GAP  HFCL — silent for 149 min  (last tick 12:04:49)
2026-07-06 09:04:12  DEBUG     Sending ping
2026-07-06 09:04:42  DEBUG     Sending ping
2026-07-06 09:04:57  WARNING   TICK GAP  HFCL — silent for 150 min  (last tick 12:04:49)
2026-07-06 09:05:12  DEBUG     Sending ping
2026-07-06 09:05:42  DEBUG     Sending ping
2026-07-06 09:05:57  WARNING   TICK GAP  HFCL — silent for 151 min  (last tick 12:04:49)
2026-07-06 09:06:12  DEBUG     Sending ping
2026-07-06 09:06:42  DEBUG     Sending ping
2026-07-06 09:06:58  WARNING   TICK GAP  HFCL — silent for 152 min  (last tick 12:04:49)
2026-07-06 09:07:12  DEBUG     Sending ping
2026-07-06 09:07:42  DEBUG     Sending ping
2026-07-06 09:07:58  WARNING   TICK GAP  HFCL — silent for 153 min  (last tick 12:04:49)
2026-07-06 09:08:12  DEBUG     Sending ping
2026-07-06 09:08:42  DEBUG     Sending ping
2026-07-06 09:08:58  WARNING   TICK GAP  HFCL — silent for 154 min  (last tick 12:04:49)
2026-07-06 09:09:12  DEBUG     Sending ping
2026-07-06 09:09:42  DEBUG     Sending ping
2026-07-06 09:09:58  WARNING   TICK GAP  HFCL — silent for 155 min  (last tick 12:04:49)
2026-07-06 09:10:12  DEBUG     Sending ping
2026-07-06 09:10:42  DEBUG     Sending ping
2026-07-06 09:10:58  WARNING   TICK GAP  HFCL — silent for 156 min  (last tick 12:04:49)
2026-07-06 09:11:12  DEBUG     Sending ping
2026-07-06 09:11:42  DEBUG     Sending ping
2026-07-06 09:11:58  WARNING   TICK GAP  HFCL — silent for 157 min  (last tick 12:04:49)
2026-07-06 09:12:12  DEBUG     Sending ping
2026-07-06 09:12:42  DEBUG     Sending ping
2026-07-06 09:12:58  WARNING   TICK GAP  HFCL — silent for 158 min  (last tick 12:04:49)
2026-07-06 09:13:12  DEBUG     Sending ping
2026-07-06 09:13:42  DEBUG     Sending ping
2026-07-06 09:13:58  WARNING   TICK GAP  HFCL — silent for 159 min  (last tick 12:04:49)
2026-07-06 09:14:12  DEBUG     Sending ping
2026-07-06 09:14:42  DEBUG     Sending ping
2026-07-06 09:14:58  WARNING   TICK GAP  HFCL — silent for 160 min  (last tick 12:04:49)
2026-07-06 09:15:02  DEBUG     CANDLE  NMDC          O=84.50  H=84.63  L=84.41  C=84.44
2026-07-06 09:15:02  DEBUG     CANDLE  ZEEL          O=101.99  H=101.99  L=101.83  C=101.95
2026-07-06 09:15:03  DEBUG     CANDLE  CESC          O=169.10  H=169.10  L=168.70  C=168.84
2026-07-06 09:15:03  DEBUG     CANDLE  BANKBARODA    O=250.30  H=250.50  L=250.20  C=250.30
2026-07-06 09:15:05  DEBUG     CANDLE  SUZLON        O=55.05  H=55.15  L=55.05  C=55.10
2026-07-06 09:15:05  DEBUG     CANDLE  GRANULES      O=854.40  H=856.05  L=854.00  C=855.70
2026-07-06 09:15:07  DEBUG     CANDLE  BALRAMCHIN    O=569.85  H=570.30  L=568.10  C=569.20
2026-07-06 09:15:12  DEBUG     Sending ping
2026-07-06 09:15:42  DEBUG     Sending ping
2026-07-06 09:15:58  WARNING   TICK GAP  HFCL — silent for 161 min  (last tick 12:04:49)
2026-07-06 09:16:12  DEBUG     Sending ping
2026-07-06 09:16:42  DEBUG     Sending ping
2026-07-06 09:16:58  WARNING   TICK GAP  HFCL — silent for 162 min  (last tick 12:04:49)
2026-07-06 09:17:12  DEBUG     Sending ping
2026-07-06 09:17:42  DEBUG     Sending ping
2026-07-06 09:17:58  WARNING   TICK GAP  HFCL — silent for 163 min  (last tick 12:04:49)
2026-07-06 09:18:12  DEBUG     Sending ping
2026-07-06 09:18:42  DEBUG     Sending ping
2026-07-06 09:18:58  WARNING   TICK GAP  HFCL — silent for 164 min  (last tick 12:04:49)
2026-07-06 09:19:12  DEBUG     Sending ping
2026-07-06 09:19:42  DEBUG     Sending ping
2026-07-06 09:19:58  WARNING   TICK GAP  HFCL — silent for 165 min  (last tick 12:04:49)
2026-07-06 09:20:12  DEBUG     Sending ping
2026-07-06 09:20:42  DEBUG     Sending ping
2026-07-06 09:20:58  WARNING   TICK GAP  HFCL — silent for 166 min  (last tick 12:04:49)
2026-07-06 09:21:12  DEBUG     Sending ping
2026-07-06 09:21:42  DEBUG     Sending ping
2026-07-06 09:21:58  WARNING   TICK GAP  HFCL — silent for 167 min  (last tick 12:04:49)
2026-07-06 09:22:12  DEBUG     Sending ping
2026-07-06 09:22:42  DEBUG     Sending ping
2026-07-06 09:22:58  WARNING   TICK GAP  HFCL — silent for 168 min  (last tick 12:04:49)
2026-07-06 09:23:12  DEBUG     Sending ping
2026-07-06 09:23:42  DEBUG     Sending ping
2026-07-06 09:23:58  WARNING   TICK GAP  HFCL — silent for 169 min  (last tick 12:04:49)
2026-07-06 09:24:12  DEBUG     Sending ping
2026-07-06 09:24:42  DEBUG     Sending ping
2026-07-06 09:24:58  WARNING   TICK GAP  HFCL — silent for 170 min  (last tick 12:04:49)
2026-07-06 09:25:12  DEBUG     Sending ping
2026-07-06 09:25:42  DEBUG     Sending ping
2026-07-06 09:25:58  WARNING   TICK GAP  HFCL — silent for 171 min  (last tick 12:04:49)
2026-07-06 09:26:12  DEBUG     Sending ping
2026-07-06 09:26:42  DEBUG     Sending ping
2026-07-06 09:26:58  WARNING   TICK GAP  HFCL — silent for 172 min  (last tick 12:04:49)
2026-07-06 09:27:12  DEBUG     Sending ping
2026-07-06 09:27:42  DEBUG     Sending ping
2026-07-06 09:27:58  WARNING   TICK GAP  HFCL — silent for 173 min  (last tick 12:04:49)
2026-07-06 09:28:12  DEBUG     Sending ping
2026-07-06 09:28:42  DEBUG     Sending ping
2026-07-06 09:28:58  WARNING   TICK GAP  HFCL — silent for 174 min  (last tick 12:04:49)
2026-07-06 09:29:08  DEBUG     CANDLE  HFCL          O=224.65  H=225.20  L=224.56  C=225.20
2026-07-06 09:29:12  DEBUG     Sending ping
2026-07-06 09:29:42  DEBUG     Sending ping
2026-07-06 09:30:02  DEBUG     Starting new HTTPS connection (1): piconnect.flattrade.in:443
2026-07-06 09:30:02  DEBUG     https://piconnect.flattrade.in:443 "POST /PiConnectAPI/Limits HTTP/1.1" 200 None
2026-07-06 09:30:02  ERROR     MIS BUY GRANULES skipped — no capital left (committed=Rs0.00)
2026-07-06 09:30:02  ERROR     EOD ORDER REJECTED  GRANULES
2026-07-06 09:30:02  INFO      ────────────────────────────────────────────────────────────
2026-07-06 09:30:02  INFO      EOD SUMMARY  date=2026-07-06  trades=1  total_pnl=Rs0.00
2026-07-06 09:30:02  INFO      All positions flat at EOD
2026-07-06 09:30:02  INFO      Ticks  -> data/2026-07-06/ticks.jsonl
2026-07-06 09:30:02  INFO      Trades -> logs/trades_2026-07-06.csv
2026-07-06 09:30:02  INFO      ────────────────────────────────────────────────────────────
2026-07-06 09:30:12  DEBUG     Sending ping
2026-07-06 09:30:42  DEBUG     Sending ping
2026-07-06 09:31:12  DEBUG     Sending ping
2026-07-06 09:31:42  DEBUG     Sending ping
2026-07-06 09:32:12  DEBUG     Sending ping
2026-07-06 09:32:42  DEBUG     Sending ping
2026-07-06 09:33:12  DEBUG     Sending ping
2026-07-06 09:33:42  DEBUG     Sending ping
2026-07-06 09:34:12  DEBUG     Sending ping
2026-07-06 09:34:42  DEBUG     Sending ping
2026-07-06 09:35:02  INFO      SIGINT received — flushing and shutting down
2026-07-06 09:35:02  INFO      ────────────────────────────────────────────────────────────
2026-07-06 09:35:02  INFO      EOD SUMMARY  date=2026-07-06  trades=1  total_pnl=Rs0.00
2026-07-06 09:35:02  INFO      All positions flat at EOD
2026-07-06 09:35:02  INFO      Ticks  -> data/2026-07-06/ticks.jsonl
[Mon Jul  6 09:35:02 UTC 2026] Runner stopped
2026-07-06 09:35:02  INFO      Trades -> logs/trades_2026-07-06.csv
2026-07-06 09:35:02  INFO      ────────────────────────────────────────────────────────────
2026-07-06 09:35:02  ERROR     WS ERROR  0
2026-07-06 09:35:02  WARNING   WS DISCONNECTED  code=None  reason=None  trades=1  pnl=Rs+0.00
2026-07-06 09:35:02  ERROR     error from callback <bound method FlattradeClient._ws_close of <client.FlattradeClient object at 0x7f3b15561ee0>>: I/O operation on closed file.
2026-07-06 09:35:02  ERROR     WS ERROR  I/O operation on closed file.
[Mon Jul  6 09:35:02 UTC 2026] Runner exited, restarting in 10s...
