[select_basket] generated 2026-07-20 08:00 IST -> for session 2026-07-20  top 8 by vol + low-flips (5d):
    ADANIGREEN   range=3.96%  flips=5
    ETERNAL      range=2.87%  flips=4
    HDFCAMC      range=3.51%  flips=5
    INFY         range=2.52%  flips=4
    HCLTECH      range=3.55%  flips=6
    DIVISLAB     range=2.17%  flips=3
    ADANIPOWER   range=3.27%  flips=6
    ZYDUSLIFE    range=2.15%  flips=4
   next: TCS, ADANIENSOL, UNIONBANK, LODHA, TORNTPHARM, BAJAJHLDNG
   wrote /home/ec2-user/projects/trading/data/today_basket.json
   warming selected stocks (ATR + EMA state):
[ST] ADANIGREEN loaded state — atr=6.3643 trend=-1 candles=19
     ADANIGREEN   atr=6.3643  trend=-1  candles=19  ema=set
[ST] ETERNAL loaded state — atr=1.1552 trend=-1 candles=19
     ETERNAL      atr=1.1552  trend=-1  candles=19  ema=set
[ST] HDFCAMC loaded state — atr=10.0641 trend=1 candles=19
     HDFCAMC      atr=10.0641  trend=1  candles=19  ema=set
[ST] INFY loaded state — atr=4.2015 trend=-1 candles=19
     INFY         atr=4.2015  trend=-1  candles=19  ema=set
[ST] HCLTECH loaded state — atr=3.9053 trend=1 candles=19
     HCLTECH      atr=3.9053  trend=1  candles=19  ema=set
[ST] DIVISLAB loaded state — atr=20.9661 trend=-1 candles=19
     DIVISLAB     atr=20.9661  trend=-1  candles=19  ema=set
[ST] ADANIPOWER loaded state — atr=0.8033 trend=-1 candles=19
     ADANIPOWER   atr=0.8033  trend=-1  candles=19  ema=set
[ST] ZYDUSLIFE loaded state — atr=4.0184 trend=-1 candles=19
     ZYDUSLIFE    atr=4.0184  trend=-1  candles=19  ema=set
